Copyright 1986-2022 Xilinx, Inc. All Rights Reserved. Copyright 2022-2025 Advanced Micro Devices, Inc. All Rights Reserved.
---------------------------------------------------------------------------------------------------------------------------------------------
| Tool Version : Vivado v.2025.1 (win64) Build 6140274 Thu May 22 00:12:29 MDT 2025
| Date         : Wed Jun 24 14:10:08 2026
| Host         : CML-09 running 64-bit major release  (build 9200)
| Command      : report_timing -max_paths 10 -file ./report/t_int_timing_paths_routed.rpt
| Design       : bd_0_wrapper
| Device       : 7z020-clg484
| Speed File   : -1  PRODUCTION 1.12 2019-11-22
| Design State : Routed
---------------------------------------------------------------------------------------------------------------------------------------------

Timing Report

Slack (MET) :             5.134ns  (required time - arrival time)
  Source:                 bd_0_i/hls_inst/inst/HLS_TREEADD_PERIPH_BUS_s_axi_U/FSM_onehot_rstate_reg[1]/C
                            (rising edge-triggered cell FDRE clocked by ap_clk  {rise@0.000ns fall@5.000ns period=10.000ns})
  Destination:            bd_0_i/hls_inst/inst/HLS_TREEADD_PERIPH_BUS_s_axi_U/rdata_reg[11]/CE
                            (rising edge-triggered cell FDRE clocked by ap_clk  {rise@0.000ns fall@5.000ns period=10.000ns})
  Path Group:             ap_clk
  Path Type:              Setup (Max at Slow Process Corner)
  Requirement:            10.000ns  (ap_clk rise@10.000ns - ap_clk rise@0.000ns)
  Data Path Delay:        4.374ns  (logic 0.610ns (13.946%)  route 3.764ns (86.054%))
  Logic Levels:           1  (LUT2=1)
  Clock Path Skew:        -0.049ns (DCD - SCD + CPR)
    Destination Clock Delay (DCD):    0.924ns = ( 10.924 - 10.000 ) 
    Source Clock Delay      (SCD):    0.973ns
    Clock Pessimism Removal (CPR):    0.000ns
  Clock Uncertainty:      0.035ns  ((TSJ^2 + TIJ^2)^1/2 + DJ) / 2 + PE
    Total System Jitter     (TSJ):    0.071ns
    Total Input Jitter      (TIJ):    0.000ns
    Discrete Jitter          (DJ):    0.000ns
    Phase Error              (PE):    0.000ns

    Location             Delay type                Incr(ns)  Path(ns)    Netlist Resource(s)
  -------------------------------------------------------------------    -------------------
                         (clock ap_clk rise edge)     0.000     0.000 r  
                                                      0.000     0.000 r  ap_clk (IN)
                         net (fo=442, unset)          0.973     0.973    bd_0_i/hls_inst/inst/HLS_TREEADD_PERIPH_BUS_s_axi_U/ap_clk
    SLICE_X48Y77         FDRE                                         r  bd_0_i/hls_inst/inst/HLS_TREEADD_PERIPH_BUS_s_axi_U/FSM_onehot_rstate_reg[1]/C
  -------------------------------------------------------------------    -------------------
    SLICE_X48Y77         FDRE (Prop_fdre_C_Q)         0.456     1.429 r  bd_0_i/hls_inst/inst/HLS_TREEADD_PERIPH_BUS_s_axi_U/FSM_onehot_rstate_reg[1]/Q
                         net (fo=5, routed)           0.828     2.257    bd_0_i/hls_inst/inst/HLS_TREEADD_PERIPH_BUS_s_axi_U/FSM_onehot_rstate_reg[1]_0
    SLICE_X48Y77         LUT2 (Prop_lut2_I0_O)        0.154     2.411 r  bd_0_i/hls_inst/inst/HLS_TREEADD_PERIPH_BUS_s_axi_U/rdata[31]_i_2/O
                         net (fo=33, routed)          2.936     5.347    bd_0_i/hls_inst/inst/HLS_TREEADD_PERIPH_BUS_s_axi_U/ar_hs
    SLICE_X39Y68         FDRE                                         r  bd_0_i/hls_inst/inst/HLS_TREEADD_PERIPH_BUS_s_axi_U/rdata_reg[11]/CE
  -------------------------------------------------------------------    -------------------

                         (clock ap_clk rise edge)    10.000    10.000 r  
                                                      0.000    10.000 r  ap_clk (IN)
                         net (fo=442, unset)          0.924    10.924    bd_0_i/hls_inst/inst/HLS_TREEADD_PERIPH_BUS_s_axi_U/ap_clk
    SLICE_X39Y68         FDRE                                         r  bd_0_i/hls_inst/inst/HLS_TREEADD_PERIPH_BUS_s_axi_U/rdata_reg[11]/C
                         clock pessimism              0.000    10.924    
                         clock uncertainty           -0.035    10.889    
    SLICE_X39Y68         FDRE (Setup_fdre_C_CE)      -0.408    10.481    bd_0_i/hls_inst/inst/HLS_TREEADD_PERIPH_BUS_s_axi_U/rdata_reg[11]
  -------------------------------------------------------------------
                         required time                         10.481    
                         arrival time                          -5.347    
  -------------------------------------------------------------------
                         slack                                  5.134    

Slack (MET) :             5.188ns  (required time - arrival time)
  Source:                 bd_0_i/hls_inst/inst/HLS_TREEADD_PERIPH_BUS_s_axi_U/int_h_reg[2]/C
                            (rising edge-triggered cell FDRE clocked by ap_clk  {rise@0.000ns fall@5.000ns period=10.000ns})
  Destination:            bd_0_i/hls_inst/inst/add_ln43_5_reg_183_reg[29]/D
                            (rising edge-triggered cell FDRE clocked by ap_clk  {rise@0.000ns fall@5.000ns period=10.000ns})
  Path Group:             ap_clk
  Path Type:              Setup (Max at Slow Process Corner)
  Requirement:            10.000ns  (ap_clk rise@10.000ns - ap_clk rise@0.000ns)
  Data Path Delay:        4.790ns  (logic 2.561ns (53.468%)  route 2.229ns (46.532%))
  Logic Levels:           11  (CARRY4=8 LUT3=1 LUT5=1 LUT6=1)
  Clock Path Skew:        -0.049ns (DCD - SCD + CPR)
    Destination Clock Delay (DCD):    0.924ns = ( 10.924 - 10.000 ) 
    Source Clock Delay      (SCD):    0.973ns
    Clock Pessimism Removal (CPR):    0.000ns
  Clock Uncertainty:      0.035ns  ((TSJ^2 + TIJ^2)^1/2 + DJ) / 2 + PE
    Total System Jitter     (TSJ):    0.071ns
    Total Input Jitter      (TIJ):    0.000ns
    Discrete Jitter          (DJ):    0.000ns
    Phase Error              (PE):    0.000ns

    Location             Delay type                Incr(ns)  Path(ns)    Netlist Resource(s)
  -------------------------------------------------------------------    -------------------
                         (clock ap_clk rise edge)     0.000     0.000 r  
                                                      0.000     0.000 r  ap_clk (IN)
                         net (fo=442, unset)          0.973     0.973    bd_0_i/hls_inst/inst/HLS_TREEADD_PERIPH_BUS_s_axi_U/ap_clk
    SLICE_X42Y71         FDRE                                         r  bd_0_i/hls_inst/inst/HLS_TREEADD_PERIPH_BUS_s_axi_U/int_h_reg[2]/C
  -------------------------------------------------------------------    -------------------
    SLICE_X42Y71         FDRE (Prop_fdre_C_Q)         0.518     1.491 r  bd_0_i/hls_inst/inst/HLS_TREEADD_PERIPH_BUS_s_axi_U/int_h_reg[2]/Q
                         net (fo=5, routed)           0.748     2.239    bd_0_i/hls_inst/inst/HLS_TREEADD_PERIPH_BUS_s_axi_U/h[2]
    SLICE_X40Y70         LUT3 (Prop_lut3_I2_O)        0.124     2.363 r  bd_0_i/hls_inst/inst/HLS_TREEADD_PERIPH_BUS_s_axi_U/add_ln43_5_reg_183[3]_i_9/O
                         net (fo=3, routed)           0.958     3.322    bd_0_i/hls_inst/inst/HLS_TREEADD_PERIPH_BUS_s_axi_U/add_ln43_5_reg_183[3]_i_9_n_0
    SLICE_X36Y71         LUT5 (Prop_lut5_I1_O)        0.152     3.474 r  bd_0_i/hls_inst/inst/HLS_TREEADD_PERIPH_BUS_s_axi_U/add_ln43_5_reg_183[3]_i_2/O
                         net (fo=2, routed)           0.513     3.987    bd_0_i/hls_inst/inst/HLS_TREEADD_PERIPH_BUS_s_axi_U/add_ln43_5_reg_183[3]_i_2_n_0
    SLICE_X37Y71         LUT6 (Prop_lut6_I0_O)        0.348     4.335 r  bd_0_i/hls_inst/inst/HLS_TREEADD_PERIPH_BUS_s_axi_U/add_ln43_5_reg_183[3]_i_5/O
                         net (fo=1, routed)           0.000     4.335    bd_0_i/hls_inst/inst/HLS_TREEADD_PERIPH_BUS_s_axi_U/add_ln43_5_reg_183[3]_i_5_n_0
    SLICE_X37Y71         CARRY4 (Prop_carry4_S[3]_CO[3])
                                                      0.401     4.736 r  bd_0_i/hls_inst/inst/HLS_TREEADD_PERIPH_BUS_s_axi_U/add_ln43_5_reg_183_reg[3]_i_1/CO[3]
                         net (fo=1, routed)           0.000     4.736    bd_0_i/hls_inst/inst/HLS_TREEADD_PERIPH_BUS_s_axi_U/add_ln43_5_reg_183_reg[3]_i_1_n_0
    SLICE_X37Y72         CARRY4 (Prop_carry4_CI_CO[3])
                                                      0.114     4.850 r  bd_0_i/hls_inst/inst/HLS_TREEADD_PERIPH_BUS_s_axi_U/add_ln43_5_reg_183_reg[7]_i_1/CO[3]
                         net (fo=1, routed)           0.000     4.850    bd_0_i/hls_inst/inst/HLS_TREEADD_PERIPH_BUS_s_axi_U/add_ln43_5_reg_183_reg[7]_i_1_n_0
    SLICE_X37Y73         CARRY4 (Prop_carry4_CI_CO[3])
                                                      0.114     4.964 r  bd_0_i/hls_inst/inst/HLS_TREEADD_PERIPH_BUS_s_axi_U/add_ln43_5_reg_183_reg[11]_i_1/CO[3]
                         net (fo=1, routed)           0.000     4.964    bd_0_i/hls_inst/inst/HLS_TREEADD_PERIPH_BUS_s_axi_U/add_ln43_5_reg_183_reg[11]_i_1_n_0
    SLICE_X37Y74         CARRY4 (Prop_carry4_CI_CO[3])
                                                      0.114     5.078 r  bd_0_i/hls_inst/inst/HLS_TREEADD_PERIPH_BUS_s_axi_U/add_ln43_5_reg_183_reg[15]_i_1/CO[3]
                         net (fo=1, routed)           0.009     5.087    bd_0_i/hls_inst/inst/HLS_TREEADD_PERIPH_BUS_s_axi_U/add_ln43_5_reg_183_reg[15]_i_1_n_0
    SLICE_X37Y75         CARRY4 (Prop_carry4_CI_CO[3])
                                                      0.114     5.201 r  bd_0_i/hls_inst/inst/HLS_TREEADD_PERIPH_BUS_s_axi_U/add_ln43_5_reg_183_reg[19]_i_1/CO[3]
                         net (fo=1, routed)           0.000     5.201    bd_0_i/hls_inst/inst/HLS_TREEADD_PERIPH_BUS_s_axi_U/add_ln43_5_reg_183_reg[19]_i_1_n_0
    SLICE_X37Y76         CARRY4 (Prop_carry4_CI_CO[3])
                                                      0.114     5.315 r  bd_0_i/hls_inst/inst/HLS_TREEADD_PERIPH_BUS_s_axi_U/add_ln43_5_reg_183_reg[23]_i_1/CO[3]
                         net (fo=1, routed)           0.000     5.315    bd_0_i/hls_inst/inst/HLS_TREEADD_PERIPH_BUS_s_axi_U/add_ln43_5_reg_183_reg[23]_i_1_n_0
    SLICE_X37Y77         CARRY4 (Prop_carry4_CI_CO[3])
                                                      0.114     5.429 r  bd_0_i/hls_inst/inst/HLS_TREEADD_PERIPH_BUS_s_axi_U/add_ln43_5_reg_183_reg[27]_i_1/CO[3]
                         net (fo=1, routed)           0.000     5.429    bd_0_i/hls_inst/inst/HLS_TREEADD_PERIPH_BUS_s_axi_U/add_ln43_5_reg_183_reg[27]_i_1_n_0
    SLICE_X37Y78         CARRY4 (Prop_carry4_CI_O[1])
                                                      0.334     5.763 r  bd_0_i/hls_inst/inst/HLS_TREEADD_PERIPH_BUS_s_axi_U/add_ln43_5_reg_183_reg[31]_i_1/O[1]
                         net (fo=1, routed)           0.000     5.763    bd_0_i/hls_inst/inst/add_ln43_5_fu_157_p2[29]
    SLICE_X37Y78         FDRE                                         r  bd_0_i/hls_inst/inst/add_ln43_5_reg_183_reg[29]/D
  -------------------------------------------------------------------    -------------------

                         (clock ap_clk rise edge)    10.000    10.000 r  
                                                      0.000    10.000 r  ap_clk (IN)
                         net (fo=442, unset)          0.924    10.924    bd_0_i/hls_inst/inst/ap_clk
    SLICE_X37Y78         FDRE                                         r  bd_0_i/hls_inst/inst/add_ln43_5_reg_183_reg[29]/C
                         clock pessimism              0.000    10.924    
                         clock uncertainty           -0.035    10.889    
    SLICE_X37Y78         FDRE (Setup_fdre_C_D)        0.062    10.951    bd_0_i/hls_inst/inst/add_ln43_5_reg_183_reg[29]
  -------------------------------------------------------------------
                         required time                         10.951    
                         arrival time                          -5.763    
  -------------------------------------------------------------------
                         slack                                  5.188    

Slack (MET) :             5.209ns  (required time - arrival time)
  Source:                 bd_0_i/hls_inst/inst/HLS_TREEADD_PERIPH_BUS_s_axi_U/int_h_reg[2]/C
                            (rising edge-triggered cell FDRE clocked by ap_clk  {rise@0.000ns fall@5.000ns period=10.000ns})
  Destination:            bd_0_i/hls_inst/inst/add_ln43_5_reg_183_reg[31]/D
                            (rising edge-triggered cell FDRE clocked by ap_clk  {rise@0.000ns fall@5.000ns period=10.000ns})
  Path Group:             ap_clk
  Path Type:              Setup (Max at Slow Process Corner)
  Requirement:            10.000ns  (ap_clk rise@10.000ns - ap_clk rise@0.000ns)
  Data Path Delay:        4.769ns  (logic 2.540ns (53.263%)  route 2.229ns (46.737%))
  Logic Levels:           11  (CARRY4=8 LUT3=1 LUT5=1 LUT6=1)
  Clock Path Skew:        -0.049ns (DCD - SCD + CPR)
    Destination Clock Delay (DCD):    0.924ns = ( 10.924 - 10.000 ) 
    Source Clock Delay      (SCD):    0.973ns
    Clock Pessimism Removal (CPR):    0.000ns
  Clock Uncertainty:      0.035ns  ((TSJ^2 + TIJ^2)^1/2 + DJ) / 2 + PE
    Total System Jitter     (TSJ):    0.071ns
    Total Input Jitter      (TIJ):    0.000ns
    Discrete Jitter          (DJ):    0.000ns
    Phase Error              (PE):    0.000ns

    Location             Delay type                Incr(ns)  Path(ns)    Netlist Resource(s)
  -------------------------------------------------------------------    -------------------
                         (clock ap_clk rise edge)     0.000     0.000 r  
                                                      0.000     0.000 r  ap_clk (IN)
                         net (fo=442, unset)          0.973     0.973    bd_0_i/hls_inst/inst/HLS_TREEADD_PERIPH_BUS_s_axi_U/ap_clk
    SLICE_X42Y71         FDRE                                         r  bd_0_i/hls_inst/inst/HLS_TREEADD_PERIPH_BUS_s_axi_U/int_h_reg[2]/C
  -------------------------------------------------------------------    -------------------
    SLICE_X42Y71         FDRE (Prop_fdre_C_Q)         0.518     1.491 r  bd_0_i/hls_inst/inst/HLS_TREEADD_PERIPH_BUS_s_axi_U/int_h_reg[2]/Q
                         net (fo=5, routed)           0.748     2.239    bd_0_i/hls_inst/inst/HLS_TREEADD_PERIPH_BUS_s_axi_U/h[2]
    SLICE_X40Y70         LUT3 (Prop_lut3_I2_O)        0.124     2.363 r  bd_0_i/hls_inst/inst/HLS_TREEADD_PERIPH_BUS_s_axi_U/add_ln43_5_reg_183[3]_i_9/O
                         net (fo=3, routed)           0.958     3.322    bd_0_i/hls_inst/inst/HLS_TREEADD_PERIPH_BUS_s_axi_U/add_ln43_5_reg_183[3]_i_9_n_0
    SLICE_X36Y71         LUT5 (Prop_lut5_I1_O)        0.152     3.474 r  bd_0_i/hls_inst/inst/HLS_TREEADD_PERIPH_BUS_s_axi_U/add_ln43_5_reg_183[3]_i_2/O
                         net (fo=2, routed)           0.513     3.987    bd_0_i/hls_inst/inst/HLS_TREEADD_PERIPH_BUS_s_axi_U/add_ln43_5_reg_183[3]_i_2_n_0
    SLICE_X37Y71         LUT6 (Prop_lut6_I0_O)        0.348     4.335 r  bd_0_i/hls_inst/inst/HLS_TREEADD_PERIPH_BUS_s_axi_U/add_ln43_5_reg_183[3]_i_5/O
                         net (fo=1, routed)           0.000     4.335    bd_0_i/hls_inst/inst/HLS_TREEADD_PERIPH_BUS_s_axi_U/add_ln43_5_reg_183[3]_i_5_n_0
    SLICE_X37Y71         CARRY4 (Prop_carry4_S[3]_CO[3])
                                                      0.401     4.736 r  bd_0_i/hls_inst/inst/HLS_TREEADD_PERIPH_BUS_s_axi_U/add_ln43_5_reg_183_reg[3]_i_1/CO[3]
                         net (fo=1, routed)           0.000     4.736    bd_0_i/hls_inst/inst/HLS_TREEADD_PERIPH_BUS_s_axi_U/add_ln43_5_reg_183_reg[3]_i_1_n_0
    SLICE_X37Y72         CARRY4 (Prop_carry4_CI_CO[3])
                                                      0.114     4.850 r  bd_0_i/hls_inst/inst/HLS_TREEADD_PERIPH_BUS_s_axi_U/add_ln43_5_reg_183_reg[7]_i_1/CO[3]
                         net (fo=1, routed)           0.000     4.850    bd_0_i/hls_inst/inst/HLS_TREEADD_PERIPH_BUS_s_axi_U/add_ln43_5_reg_183_reg[7]_i_1_n_0
    SLICE_X37Y73         CARRY4 (Prop_carry4_CI_CO[3])
                                                      0.114     4.964 r  bd_0_i/hls_inst/inst/HLS_TREEADD_PERIPH_BUS_s_axi_U/add_ln43_5_reg_183_reg[11]_i_1/CO[3]
                         net (fo=1, routed)           0.000     4.964    bd_0_i/hls_inst/inst/HLS_TREEADD_PERIPH_BUS_s_axi_U/add_ln43_5_reg_183_reg[11]_i_1_n_0
    SLICE_X37Y74         CARRY4 (Prop_carry4_CI_CO[3])
                                                      0.114     5.078 r  bd_0_i/hls_inst/inst/HLS_TREEADD_PERIPH_BUS_s_axi_U/add_ln43_5_reg_183_reg[15]_i_1/CO[3]
                         net (fo=1, routed)           0.009     5.087    bd_0_i/hls_inst/inst/HLS_TREEADD_PERIPH_BUS_s_axi_U/add_ln43_5_reg_183_reg[15]_i_1_n_0
    SLICE_X37Y75         CARRY4 (Prop_carry4_CI_CO[3])
                                                      0.114     5.201 r  bd_0_i/hls_inst/inst/HLS_TREEADD_PERIPH_BUS_s_axi_U/add_ln43_5_reg_183_reg[19]_i_1/CO[3]
                         net (fo=1, routed)           0.000     5.201    bd_0_i/hls_inst/inst/HLS_TREEADD_PERIPH_BUS_s_axi_U/add_ln43_5_reg_183_reg[19]_i_1_n_0
    SLICE_X37Y76         CARRY4 (Prop_carry4_CI_CO[3])
                                                      0.114     5.315 r  bd_0_i/hls_inst/inst/HLS_TREEADD_PERIPH_BUS_s_axi_U/add_ln43_5_reg_183_reg[23]_i_1/CO[3]
                         net (fo=1, routed)           0.000     5.315    bd_0_i/hls_inst/inst/HLS_TREEADD_PERIPH_BUS_s_axi_U/add_ln43_5_reg_183_reg[23]_i_1_n_0
    SLICE_X37Y77         CARRY4 (Prop_carry4_CI_CO[3])
                                                      0.114     5.429 r  bd_0_i/hls_inst/inst/HLS_TREEADD_PERIPH_BUS_s_axi_U/add_ln43_5_reg_183_reg[27]_i_1/CO[3]
                         net (fo=1, routed)           0.000     5.429    bd_0_i/hls_inst/inst/HLS_TREEADD_PERIPH_BUS_s_axi_U/add_ln43_5_reg_183_reg[27]_i_1_n_0
    SLICE_X37Y78         CARRY4 (Prop_carry4_CI_O[3])
                                                      0.313     5.742 r  bd_0_i/hls_inst/inst/HLS_TREEADD_PERIPH_BUS_s_axi_U/add_ln43_5_reg_183_reg[31]_i_1/O[3]
                         net (fo=1, routed)           0.000     5.742    bd_0_i/hls_inst/inst/add_ln43_5_fu_157_p2[31]
    SLICE_X37Y78         FDRE                                         r  bd_0_i/hls_inst/inst/add_ln43_5_reg_183_reg[31]/D
  -------------------------------------------------------------------    -------------------

                         (clock ap_clk rise edge)    10.000    10.000 r  
                                                      0.000    10.000 r  ap_clk (IN)
                         net (fo=442, unset)          0.924    10.924    bd_0_i/hls_inst/inst/ap_clk
    SLICE_X37Y78         FDRE                                         r  bd_0_i/hls_inst/inst/add_ln43_5_reg_183_reg[31]/C
                         clock pessimism              0.000    10.924    
                         clock uncertainty           -0.035    10.889    
    SLICE_X37Y78         FDRE (Setup_fdre_C_D)        0.062    10.951    bd_0_i/hls_inst/inst/add_ln43_5_reg_183_reg[31]
  -------------------------------------------------------------------
                         required time                         10.951    
                         arrival time                          -5.742    
  -------------------------------------------------------------------
                         slack                                  5.209    

Slack (MET) :             5.283ns  (required time - arrival time)
  Source:                 bd_0_i/hls_inst/inst/HLS_TREEADD_PERIPH_BUS_s_axi_U/int_h_reg[2]/C
                            (rising edge-triggered cell FDRE clocked by ap_clk  {rise@0.000ns fall@5.000ns period=10.000ns})
  Destination:            bd_0_i/hls_inst/inst/add_ln43_5_reg_183_reg[30]/D
                            (rising edge-triggered cell FDRE clocked by ap_clk  {rise@0.000ns fall@5.000ns period=10.000ns})
  Path Group:             ap_clk
  Path Type:              Setup (Max at Slow Process Corner)
  Requirement:            10.000ns  (ap_clk rise@10.000ns - ap_clk rise@0.000ns)
  Data Path Delay:        4.695ns  (logic 2.466ns (52.527%)  route 2.229ns (47.474%))
  Logic Levels:           11  (CARRY4=8 LUT3=1 LUT5=1 LUT6=1)
  Clock Path Skew:        -0.049ns (DCD - SCD + CPR)
    Destination Clock Delay (DCD):    0.924ns = ( 10.924 - 10.000 ) 
    Source Clock Delay      (SCD):    0.973ns
    Clock Pessimism Removal (CPR):    0.000ns
  Clock Uncertainty:      0.035ns  ((TSJ^2 + TIJ^2)^1/2 + DJ) / 2 + PE
    Total System Jitter     (TSJ):    0.071ns
    Total Input Jitter      (TIJ):    0.000ns
    Discrete Jitter          (DJ):    0.000ns
    Phase Error              (PE):    0.000ns

    Location             Delay type                Incr(ns)  Path(ns)    Netlist Resource(s)
  -------------------------------------------------------------------    -------------------
                         (clock ap_clk rise edge)     0.000     0.000 r  
                                                      0.000     0.000 r  ap_clk (IN)
                         net (fo=442, unset)          0.973     0.973    bd_0_i/hls_inst/inst/HLS_TREEADD_PERIPH_BUS_s_axi_U/ap_clk
    SLICE_X42Y71         FDRE                                         r  bd_0_i/hls_inst/inst/HLS_TREEADD_PERIPH_BUS_s_axi_U/int_h_reg[2]/C
  -------------------------------------------------------------------    -------------------
    SLICE_X42Y71         FDRE (Prop_fdre_C_Q)         0.518     1.491 r  bd_0_i/hls_inst/inst/HLS_TREEADD_PERIPH_BUS_s_axi_U/int_h_reg[2]/Q
                         net (fo=5, routed)           0.748     2.239    bd_0_i/hls_inst/inst/HLS_TREEADD_PERIPH_BUS_s_axi_U/h[2]
    SLICE_X40Y70         LUT3 (Prop_lut3_I2_O)        0.124     2.363 r  bd_0_i/hls_inst/inst/HLS_TREEADD_PERIPH_BUS_s_axi_U/add_ln43_5_reg_183[3]_i_9/O
                         net (fo=3, routed)           0.958     3.322    bd_0_i/hls_inst/inst/HLS_TREEADD_PERIPH_BUS_s_axi_U/add_ln43_5_reg_183[3]_i_9_n_0
    SLICE_X36Y71         LUT5 (Prop_lut5_I1_O)        0.152     3.474 r  bd_0_i/hls_inst/inst/HLS_TREEADD_PERIPH_BUS_s_axi_U/add_ln43_5_reg_183[3]_i_2/O
                         net (fo=2, routed)           0.513     3.987    bd_0_i/hls_inst/inst/HLS_TREEADD_PERIPH_BUS_s_axi_U/add_ln43_5_reg_183[3]_i_2_n_0
    SLICE_X37Y71         LUT6 (Prop_lut6_I0_O)        0.348     4.335 r  bd_0_i/hls_inst/inst/HLS_TREEADD_PERIPH_BUS_s_axi_U/add_ln43_5_reg_183[3]_i_5/O
                         net (fo=1, routed)           0.000     4.335    bd_0_i/hls_inst/inst/HLS_TREEADD_PERIPH_BUS_s_axi_U/add_ln43_5_reg_183[3]_i_5_n_0
    SLICE_X37Y71         CARRY4 (Prop_carry4_S[3]_CO[3])
                                                      0.401     4.736 r  bd_0_i/hls_inst/inst/HLS_TREEADD_PERIPH_BUS_s_axi_U/add_ln43_5_reg_183_reg[3]_i_1/CO[3]
                         net (fo=1, routed)           0.000     4.736    bd_0_i/hls_inst/inst/HLS_TREEADD_PERIPH_BUS_s_axi_U/add_ln43_5_reg_183_reg[3]_i_1_n_0
    SLICE_X37Y72         CARRY4 (Prop_carry4_CI_CO[3])
                                                      0.114     4.850 r  bd_0_i/hls_inst/inst/HLS_TREEADD_PERIPH_BUS_s_axi_U/add_ln43_5_reg_183_reg[7]_i_1/CO[3]
                         net (fo=1, routed)           0.000     4.850    bd_0_i/hls_inst/inst/HLS_TREEADD_PERIPH_BUS_s_axi_U/add_ln43_5_reg_183_reg[7]_i_1_n_0
    SLICE_X37Y73         CARRY4 (Prop_carry4_CI_CO[3])
                                                      0.114     4.964 r  bd_0_i/hls_inst/inst/HLS_TREEADD_PERIPH_BUS_s_axi_U/add_ln43_5_reg_183_reg[11]_i_1/CO[3]
                         net (fo=1, routed)           0.000     4.964    bd_0_i/hls_inst/inst/HLS_TREEADD_PERIPH_BUS_s_axi_U/add_ln43_5_reg_183_reg[11]_i_1_n_0
    SLICE_X37Y74         CARRY4 (Prop_carry4_CI_CO[3])
                                                      0.114     5.078 r  bd_0_i/hls_inst/inst/HLS_TREEADD_PERIPH_BUS_s_axi_U/add_ln43_5_reg_183_reg[15]_i_1/CO[3]
                         net (fo=1, routed)           0.009     5.087    bd_0_i/hls_inst/inst/HLS_TREEADD_PERIPH_BUS_s_axi_U/add_ln43_5_reg_183_reg[15]_i_1_n_0
    SLICE_X37Y75         CARRY4 (Prop_carry4_CI_CO[3])
                                                      0.114     5.201 r  bd_0_i/hls_inst/inst/HLS_TREEADD_PERIPH_BUS_s_axi_U/add_ln43_5_reg_183_reg[19]_i_1/CO[3]
                         net (fo=1, routed)           0.000     5.201    bd_0_i/hls_inst/inst/HLS_TREEADD_PERIPH_BUS_s_axi_U/add_ln43_5_reg_183_reg[19]_i_1_n_0
    SLICE_X37Y76         CARRY4 (Prop_carry4_CI_CO[3])
                                                      0.114     5.315 r  bd_0_i/hls_inst/inst/HLS_TREEADD_PERIPH_BUS_s_axi_U/add_ln43_5_reg_183_reg[23]_i_1/CO[3]
                         net (fo=1, routed)           0.000     5.315    bd_0_i/hls_inst/inst/HLS_TREEADD_PERIPH_BUS_s_axi_U/add_ln43_5_reg_183_reg[23]_i_1_n_0
    SLICE_X37Y77         CARRY4 (Prop_carry4_CI_CO[3])
                                                      0.114     5.429 r  bd_0_i/hls_inst/inst/HLS_TREEADD_PERIPH_BUS_s_axi_U/add_ln43_5_reg_183_reg[27]_i_1/CO[3]
                         net (fo=1, routed)           0.000     5.429    bd_0_i/hls_inst/inst/HLS_TREEADD_PERIPH_BUS_s_axi_U/add_ln43_5_reg_183_reg[27]_i_1_n_0
    SLICE_X37Y78         CARRY4 (Prop_carry4_CI_O[2])
                                                      0.239     5.668 r  bd_0_i/hls_inst/inst/HLS_TREEADD_PERIPH_BUS_s_axi_U/add_ln43_5_reg_183_reg[31]_i_1/O[2]
                         net (fo=1, routed)           0.000     5.668    bd_0_i/hls_inst/inst/add_ln43_5_fu_157_p2[30]
    SLICE_X37Y78         FDRE                                         r  bd_0_i/hls_inst/inst/add_ln43_5_reg_183_reg[30]/D
  -------------------------------------------------------------------    -------------------

                         (clock ap_clk rise edge)    10.000    10.000 r  
                                                      0.000    10.000 r  ap_clk (IN)
                         net (fo=442, unset)          0.924    10.924    bd_0_i/hls_inst/inst/ap_clk
    SLICE_X37Y78         FDRE                                         r  bd_0_i/hls_inst/inst/add_ln43_5_reg_183_reg[30]/C
                         clock pessimism              0.000    10.924    
                         clock uncertainty           -0.035    10.889    
    SLICE_X37Y78         FDRE (Setup_fdre_C_D)        0.062    10.951    bd_0_i/hls_inst/inst/add_ln43_5_reg_183_reg[30]
  -------------------------------------------------------------------
                         required time                         10.951    
                         arrival time                          -5.668    
  -------------------------------------------------------------------
                         slack                                  5.283    

Slack (MET) :             5.299ns  (required time - arrival time)
  Source:                 bd_0_i/hls_inst/inst/HLS_TREEADD_PERIPH_BUS_s_axi_U/int_h_reg[2]/C
                            (rising edge-triggered cell FDRE clocked by ap_clk  {rise@0.000ns fall@5.000ns period=10.000ns})
  Destination:            bd_0_i/hls_inst/inst/add_ln43_5_reg_183_reg[28]/D
                            (rising edge-triggered cell FDRE clocked by ap_clk  {rise@0.000ns fall@5.000ns period=10.000ns})
  Path Group:             ap_clk
  Path Type:              Setup (Max at Slow Process Corner)
  Requirement:            10.000ns  (ap_clk rise@10.000ns - ap_clk rise@0.000ns)
  Data Path Delay:        4.679ns  (logic 2.450ns (52.364%)  route 2.229ns (47.636%))
  Logic Levels:           11  (CARRY4=8 LUT3=1 LUT5=1 LUT6=1)
  Clock Path Skew:        -0.049ns (DCD - SCD + CPR)
    Destination Clock Delay (DCD):    0.924ns = ( 10.924 - 10.000 ) 
    Source Clock Delay      (SCD):    0.973ns
    Clock Pessimism Removal (CPR):    0.000ns
  Clock Uncertainty:      0.035ns  ((TSJ^2 + TIJ^2)^1/2 + DJ) / 2 + PE
    Total System Jitter     (TSJ):    0.071ns
    Total Input Jitter      (TIJ):    0.000ns
    Discrete Jitter          (DJ):    0.000ns
    Phase Error              (PE):    0.000ns

    Location             Delay type                Incr(ns)  Path(ns)    Netlist Resource(s)
  -------------------------------------------------------------------    -------------------
                         (clock ap_clk rise edge)     0.000     0.000 r  
                                                      0.000     0.000 r  ap_clk (IN)
                         net (fo=442, unset)          0.973     0.973    bd_0_i/hls_inst/inst/HLS_TREEADD_PERIPH_BUS_s_axi_U/ap_clk
    SLICE_X42Y71         FDRE                                         r  bd_0_i/hls_inst/inst/HLS_TREEADD_PERIPH_BUS_s_axi_U/int_h_reg[2]/C
  -------------------------------------------------------------------    -------------------
    SLICE_X42Y71         FDRE (Prop_fdre_C_Q)         0.518     1.491 r  bd_0_i/hls_inst/inst/HLS_TREEADD_PERIPH_BUS_s_axi_U/int_h_reg[2]/Q
                         net (fo=5, routed)           0.748     2.239    bd_0_i/hls_inst/inst/HLS_TREEADD_PERIPH_BUS_s_axi_U/h[2]
    SLICE_X40Y70         LUT3 (Prop_lut3_I2_O)        0.124     2.363 r  bd_0_i/hls_inst/inst/HLS_TREEADD_PERIPH_BUS_s_axi_U/add_ln43_5_reg_183[3]_i_9/O
                         net (fo=3, routed)           0.958     3.322    bd_0_i/hls_inst/inst/HLS_TREEADD_PERIPH_BUS_s_axi_U/add_ln43_5_reg_183[3]_i_9_n_0
    SLICE_X36Y71         LUT5 (Prop_lut5_I1_O)        0.152     3.474 r  bd_0_i/hls_inst/inst/HLS_TREEADD_PERIPH_BUS_s_axi_U/add_ln43_5_reg_183[3]_i_2/O
                         net (fo=2, routed)           0.513     3.987    bd_0_i/hls_inst/inst/HLS_TREEADD_PERIPH_BUS_s_axi_U/add_ln43_5_reg_183[3]_i_2_n_0
    SLICE_X37Y71         LUT6 (Prop_lut6_I0_O)        0.348     4.335 r  bd_0_i/hls_inst/inst/HLS_TREEADD_PERIPH_BUS_s_axi_U/add_ln43_5_reg_183[3]_i_5/O
                         net (fo=1, routed)           0.000     4.335    bd_0_i/hls_inst/inst/HLS_TREEADD_PERIPH_BUS_s_axi_U/add_ln43_5_reg_183[3]_i_5_n_0
    SLICE_X37Y71         CARRY4 (Prop_carry4_S[3]_CO[3])
                                                      0.401     4.736 r  bd_0_i/hls_inst/inst/HLS_TREEADD_PERIPH_BUS_s_axi_U/add_ln43_5_reg_183_reg[3]_i_1/CO[3]
                         net (fo=1, routed)           0.000     4.736    bd_0_i/hls_inst/inst/HLS_TREEADD_PERIPH_BUS_s_axi_U/add_ln43_5_reg_183_reg[3]_i_1_n_0
    SLICE_X37Y72         CARRY4 (Prop_carry4_CI_CO[3])
                                                      0.114     4.850 r  bd_0_i/hls_inst/inst/HLS_TREEADD_PERIPH_BUS_s_axi_U/add_ln43_5_reg_183_reg[7]_i_1/CO[3]
                         net (fo=1, routed)           0.000     4.850    bd_0_i/hls_inst/inst/HLS_TREEADD_PERIPH_BUS_s_axi_U/add_ln43_5_reg_183_reg[7]_i_1_n_0
    SLICE_X37Y73         CARRY4 (Prop_carry4_CI_CO[3])
                                                      0.114     4.964 r  bd_0_i/hls_inst/inst/HLS_TREEADD_PERIPH_BUS_s_axi_U/add_ln43_5_reg_183_reg[11]_i_1/CO[3]
                         net (fo=1, routed)           0.000     4.964    bd_0_i/hls_inst/inst/HLS_TREEADD_PERIPH_BUS_s_axi_U/add_ln43_5_reg_183_reg[11]_i_1_n_0
    SLICE_X37Y74         CARRY4 (Prop_carry4_CI_CO[3])
                                                      0.114     5.078 r  bd_0_i/hls_inst/inst/HLS_TREEADD_PERIPH_BUS_s_axi_U/add_ln43_5_reg_183_reg[15]_i_1/CO[3]
                         net (fo=1, routed)           0.009     5.087    bd_0_i/hls_inst/inst/HLS_TREEADD_PERIPH_BUS_s_axi_U/add_ln43_5_reg_183_reg[15]_i_1_n_0
    SLICE_X37Y75         CARRY4 (Prop_carry4_CI_CO[3])
                                                      0.114     5.201 r  bd_0_i/hls_inst/inst/HLS_TREEADD_PERIPH_BUS_s_axi_U/add_ln43_5_reg_183_reg[19]_i_1/CO[3]
                         net (fo=1, routed)           0.000     5.201    bd_0_i/hls_inst/inst/HLS_TREEADD_PERIPH_BUS_s_axi_U/add_ln43_5_reg_183_reg[19]_i_1_n_0
    SLICE_X37Y76         CARRY4 (Prop_carry4_CI_CO[3])
                                                      0.114     5.315 r  bd_0_i/hls_inst/inst/HLS_TREEADD_PERIPH_BUS_s_axi_U/add_ln43_5_reg_183_reg[23]_i_1/CO[3]
                         net (fo=1, routed)           0.000     5.315    bd_0_i/hls_inst/inst/HLS_TREEADD_PERIPH_BUS_s_axi_U/add_ln43_5_reg_183_reg[23]_i_1_n_0
    SLICE_X37Y77         CARRY4 (Prop_carry4_CI_CO[3])
                                                      0.114     5.429 r  bd_0_i/hls_inst/inst/HLS_TREEADD_PERIPH_BUS_s_axi_U/add_ln43_5_reg_183_reg[27]_i_1/CO[3]
                         net (fo=1, routed)           0.000     5.429    bd_0_i/hls_inst/inst/HLS_TREEADD_PERIPH_BUS_s_axi_U/add_ln43_5_reg_183_reg[27]_i_1_n_0
    SLICE_X37Y78         CARRY4 (Prop_carry4_CI_O[0])
                                                      0.223     5.652 r  bd_0_i/hls_inst/inst/HLS_TREEADD_PERIPH_BUS_s_axi_U/add_ln43_5_reg_183_reg[31]_i_1/O[0]
                         net (fo=1, routed)           0.000     5.652    bd_0_i/hls_inst/inst/add_ln43_5_fu_157_p2[28]
    SLICE_X37Y78         FDRE                                         r  bd_0_i/hls_inst/inst/add_ln43_5_reg_183_reg[28]/D
  -------------------------------------------------------------------    -------------------

                         (clock ap_clk rise edge)    10.000    10.000 r  
                                                      0.000    10.000 r  ap_clk (IN)
                         net (fo=442, unset)          0.924    10.924    bd_0_i/hls_inst/inst/ap_clk
    SLICE_X37Y78         FDRE                                         r  bd_0_i/hls_inst/inst/add_ln43_5_reg_183_reg[28]/C
                         clock pessimism              0.000    10.924    
                         clock uncertainty           -0.035    10.889    
    SLICE_X37Y78         FDRE (Setup_fdre_C_D)        0.062    10.951    bd_0_i/hls_inst/inst/add_ln43_5_reg_183_reg[28]
  -------------------------------------------------------------------
                         required time                         10.951    
                         arrival time                          -5.652    
  -------------------------------------------------------------------
                         slack                                  5.299    

Slack (MET) :             5.302ns  (required time - arrival time)
  Source:                 bd_0_i/hls_inst/inst/HLS_TREEADD_PERIPH_BUS_s_axi_U/int_h_reg[2]/C
                            (rising edge-triggered cell FDRE clocked by ap_clk  {rise@0.000ns fall@5.000ns period=10.000ns})
  Destination:            bd_0_i/hls_inst/inst/add_ln43_5_reg_183_reg[25]/D
                            (rising edge-triggered cell FDRE clocked by ap_clk  {rise@0.000ns fall@5.000ns period=10.000ns})
  Path Group:             ap_clk
  Path Type:              Setup (Max at Slow Process Corner)
  Requirement:            10.000ns  (ap_clk rise@10.000ns - ap_clk rise@0.000ns)
  Data Path Delay:        4.676ns  (logic 2.447ns (52.334%)  route 2.229ns (47.666%))
  Logic Levels:           10  (CARRY4=7 LUT3=1 LUT5=1 LUT6=1)
  Clock Path Skew:        -0.049ns (DCD - SCD + CPR)
    Destination Clock Delay (DCD):    0.924ns = ( 10.924 - 10.000 ) 
    Source Clock Delay      (SCD):    0.973ns
    Clock Pessimism Removal (CPR):    0.000ns
  Clock Uncertainty:      0.035ns  ((TSJ^2 + TIJ^2)^1/2 + DJ) / 2 + PE
    Total System Jitter     (TSJ):    0.071ns
    Total Input Jitter      (TIJ):    0.000ns
    Discrete Jitter          (DJ):    0.000ns
    Phase Error              (PE):    0.000ns

    Location             Delay type                Incr(ns)  Path(ns)    Netlist Resource(s)
  -------------------------------------------------------------------    -------------------
                         (clock ap_clk rise edge)     0.000     0.000 r  
                                                      0.000     0.000 r  ap_clk (IN)
                         net (fo=442, unset)          0.973     0.973    bd_0_i/hls_inst/inst/HLS_TREEADD_PERIPH_BUS_s_axi_U/ap_clk
    SLICE_X42Y71         FDRE                                         r  bd_0_i/hls_inst/inst/HLS_TREEADD_PERIPH_BUS_s_axi_U/int_h_reg[2]/C
  -------------------------------------------------------------------    -------------------
    SLICE_X42Y71         FDRE (Prop_fdre_C_Q)         0.518     1.491 r  bd_0_i/hls_inst/inst/HLS_TREEADD_PERIPH_BUS_s_axi_U/int_h_reg[2]/Q
                         net (fo=5, routed)           0.748     2.239    bd_0_i/hls_inst/inst/HLS_TREEADD_PERIPH_BUS_s_axi_U/h[2]
    SLICE_X40Y70         LUT3 (Prop_lut3_I2_O)        0.124     2.363 r  bd_0_i/hls_inst/inst/HLS_TREEADD_PERIPH_BUS_s_axi_U/add_ln43_5_reg_183[3]_i_9/O
                         net (fo=3, routed)           0.958     3.322    bd_0_i/hls_inst/inst/HLS_TREEADD_PERIPH_BUS_s_axi_U/add_ln43_5_reg_183[3]_i_9_n_0
    SLICE_X36Y71         LUT5 (Prop_lut5_I1_O)        0.152     3.474 r  bd_0_i/hls_inst/inst/HLS_TREEADD_PERIPH_BUS_s_axi_U/add_ln43_5_reg_183[3]_i_2/O
                         net (fo=2, routed)           0.513     3.987    bd_0_i/hls_inst/inst/HLS_TREEADD_PERIPH_BUS_s_axi_U/add_ln43_5_reg_183[3]_i_2_n_0
    SLICE_X37Y71         LUT6 (Prop_lut6_I0_O)        0.348     4.335 r  bd_0_i/hls_inst/inst/HLS_TREEADD_PERIPH_BUS_s_axi_U/add_ln43_5_reg_183[3]_i_5/O
                         net (fo=1, routed)           0.000     4.335    bd_0_i/hls_inst/inst/HLS_TREEADD_PERIPH_BUS_s_axi_U/add_ln43_5_reg_183[3]_i_5_n_0
    SLICE_X37Y71         CARRY4 (Prop_carry4_S[3]_CO[3])
                                                      0.401     4.736 r  bd_0_i/hls_inst/inst/HLS_TREEADD_PERIPH_BUS_s_axi_U/add_ln43_5_reg_183_reg[3]_i_1/CO[3]
                         net (fo=1, routed)           0.000     4.736    bd_0_i/hls_inst/inst/HLS_TREEADD_PERIPH_BUS_s_axi_U/add_ln43_5_reg_183_reg[3]_i_1_n_0
    SLICE_X37Y72         CARRY4 (Prop_carry4_CI_CO[3])
                                                      0.114     4.850 r  bd_0_i/hls_inst/inst/HLS_TREEADD_PERIPH_BUS_s_axi_U/add_ln43_5_reg_183_reg[7]_i_1/CO[3]
                         net (fo=1, routed)           0.000     4.850    bd_0_i/hls_inst/inst/HLS_TREEADD_PERIPH_BUS_s_axi_U/add_ln43_5_reg_183_reg[7]_i_1_n_0
    SLICE_X37Y73         CARRY4 (Prop_carry4_CI_CO[3])
                                                      0.114     4.964 r  bd_0_i/hls_inst/inst/HLS_TREEADD_PERIPH_BUS_s_axi_U/add_ln43_5_reg_183_reg[11]_i_1/CO[3]
                         net (fo=1, routed)           0.000     4.964    bd_0_i/hls_inst/inst/HLS_TREEADD_PERIPH_BUS_s_axi_U/add_ln43_5_reg_183_reg[11]_i_1_n_0
    SLICE_X37Y74         CARRY4 (Prop_carry4_CI_CO[3])
                                                      0.114     5.078 r  bd_0_i/hls_inst/inst/HLS_TREEADD_PERIPH_BUS_s_axi_U/add_ln43_5_reg_183_reg[15]_i_1/CO[3]
                         net (fo=1, routed)           0.009     5.087    bd_0_i/hls_inst/inst/HLS_TREEADD_PERIPH_BUS_s_axi_U/add_ln43_5_reg_183_reg[15]_i_1_n_0
    SLICE_X37Y75         CARRY4 (Prop_carry4_CI_CO[3])
                                                      0.114     5.201 r  bd_0_i/hls_inst/inst/HLS_TREEADD_PERIPH_BUS_s_axi_U/add_ln43_5_reg_183_reg[19]_i_1/CO[3]
                         net (fo=1, routed)           0.000     5.201    bd_0_i/hls_inst/inst/HLS_TREEADD_PERIPH_BUS_s_axi_U/add_ln43_5_reg_183_reg[19]_i_1_n_0
    SLICE_X37Y76         CARRY4 (Prop_carry4_CI_CO[3])
                                                      0.114     5.315 r  bd_0_i/hls_inst/inst/HLS_TREEADD_PERIPH_BUS_s_axi_U/add_ln43_5_reg_183_reg[23]_i_1/CO[3]
                         net (fo=1, routed)           0.000     5.315    bd_0_i/hls_inst/inst/HLS_TREEADD_PERIPH_BUS_s_axi_U/add_ln43_5_reg_183_reg[23]_i_1_n_0
    SLICE_X37Y77         CARRY4 (Prop_carry4_CI_O[1])
                                                      0.334     5.649 r  bd_0_i/hls_inst/inst/HLS_TREEADD_PERIPH_BUS_s_axi_U/add_ln43_5_reg_183_reg[27]_i_1/O[1]
                         net (fo=1, routed)           0.000     5.649    bd_0_i/hls_inst/inst/add_ln43_5_fu_157_p2[25]
    SLICE_X37Y77         FDRE                                         r  bd_0_i/hls_inst/inst/add_ln43_5_reg_183_reg[25]/D
  -------------------------------------------------------------------    -------------------

                         (clock ap_clk rise edge)    10.000    10.000 r  
                                                      0.000    10.000 r  ap_clk (IN)
                         net (fo=442, unset)          0.924    10.924    bd_0_i/hls_inst/inst/ap_clk
    SLICE_X37Y77         FDRE                                         r  bd_0_i/hls_inst/inst/add_ln43_5_reg_183_reg[25]/C
                         clock pessimism              0.000    10.924    
                         clock uncertainty           -0.035    10.889    
    SLICE_X37Y77         FDRE (Setup_fdre_C_D)        0.062    10.951    bd_0_i/hls_inst/inst/add_ln43_5_reg_183_reg[25]
  -------------------------------------------------------------------
                         required time                         10.951    
                         arrival time                          -5.649    
  -------------------------------------------------------------------
                         slack                                  5.302    

Slack (MET) :             5.323ns  (required time - arrival time)
  Source:                 bd_0_i/hls_inst/inst/HLS_TREEADD_PERIPH_BUS_s_axi_U/int_h_reg[2]/C
                            (rising edge-triggered cell FDRE clocked by ap_clk  {rise@0.000ns fall@5.000ns period=10.000ns})
  Destination:            bd_0_i/hls_inst/inst/add_ln43_5_reg_183_reg[27]/D
                            (rising edge-triggered cell FDRE clocked by ap_clk  {rise@0.000ns fall@5.000ns period=10.000ns})
  Path Group:             ap_clk
  Path Type:              Setup (Max at Slow Process Corner)
  Requirement:            10.000ns  (ap_clk rise@10.000ns - ap_clk rise@0.000ns)
  Data Path Delay:        4.655ns  (logic 2.426ns (52.119%)  route 2.229ns (47.881%))
  Logic Levels:           10  (CARRY4=7 LUT3=1 LUT5=1 LUT6=1)
  Clock Path Skew:        -0.049ns (DCD - SCD + CPR)
    Destination Clock Delay (DCD):    0.924ns = ( 10.924 - 10.000 ) 
    Source Clock Delay      (SCD):    0.973ns
    Clock Pessimism Removal (CPR):    0.000ns
  Clock Uncertainty:      0.035ns  ((TSJ^2 + TIJ^2)^1/2 + DJ) / 2 + PE
    Total System Jitter     (TSJ):    0.071ns
    Total Input Jitter      (TIJ):    0.000ns
    Discrete Jitter          (DJ):    0.000ns
    Phase Error              (PE):    0.000ns

    Location             Delay type                Incr(ns)  Path(ns)    Netlist Resource(s)
  -------------------------------------------------------------------    -------------------
                         (clock ap_clk rise edge)     0.000     0.000 r  
                                                      0.000     0.000 r  ap_clk (IN)
                         net (fo=442, unset)          0.973     0.973    bd_0_i/hls_inst/inst/HLS_TREEADD_PERIPH_BUS_s_axi_U/ap_clk
    SLICE_X42Y71         FDRE                                         r  bd_0_i/hls_inst/inst/HLS_TREEADD_PERIPH_BUS_s_axi_U/int_h_reg[2]/C
  -------------------------------------------------------------------    -------------------
    SLICE_X42Y71         FDRE (Prop_fdre_C_Q)         0.518     1.491 r  bd_0_i/hls_inst/inst/HLS_TREEADD_PERIPH_BUS_s_axi_U/int_h_reg[2]/Q
                         net (fo=5, routed)           0.748     2.239    bd_0_i/hls_inst/inst/HLS_TREEADD_PERIPH_BUS_s_axi_U/h[2]
    SLICE_X40Y70         LUT3 (Prop_lut3_I2_O)        0.124     2.363 r  bd_0_i/hls_inst/inst/HLS_TREEADD_PERIPH_BUS_s_axi_U/add_ln43_5_reg_183[3]_i_9/O
                         net (fo=3, routed)           0.958     3.322    bd_0_i/hls_inst/inst/HLS_TREEADD_PERIPH_BUS_s_axi_U/add_ln43_5_reg_183[3]_i_9_n_0
    SLICE_X36Y71         LUT5 (Prop_lut5_I1_O)        0.152     3.474 r  bd_0_i/hls_inst/inst/HLS_TREEADD_PERIPH_BUS_s_axi_U/add_ln43_5_reg_183[3]_i_2/O
                         net (fo=2, routed)           0.513     3.987    bd_0_i/hls_inst/inst/HLS_TREEADD_PERIPH_BUS_s_axi_U/add_ln43_5_reg_183[3]_i_2_n_0
    SLICE_X37Y71         LUT6 (Prop_lut6_I0_O)        0.348     4.335 r  bd_0_i/hls_inst/inst/HLS_TREEADD_PERIPH_BUS_s_axi_U/add_ln43_5_reg_183[3]_i_5/O
                         net (fo=1, routed)           0.000     4.335    bd_0_i/hls_inst/inst/HLS_TREEADD_PERIPH_BUS_s_axi_U/add_ln43_5_reg_183[3]_i_5_n_0
    SLICE_X37Y71         CARRY4 (Prop_carry4_S[3]_CO[3])
                                                      0.401     4.736 r  bd_0_i/hls_inst/inst/HLS_TREEADD_PERIPH_BUS_s_axi_U/add_ln43_5_reg_183_reg[3]_i_1/CO[3]
                         net (fo=1, routed)           0.000     4.736    bd_0_i/hls_inst/inst/HLS_TREEADD_PERIPH_BUS_s_axi_U/add_ln43_5_reg_183_reg[3]_i_1_n_0
    SLICE_X37Y72         CARRY4 (Prop_carry4_CI_CO[3])
                                                      0.114     4.850 r  bd_0_i/hls_inst/inst/HLS_TREEADD_PERIPH_BUS_s_axi_U/add_ln43_5_reg_183_reg[7]_i_1/CO[3]
                         net (fo=1, routed)           0.000     4.850    bd_0_i/hls_inst/inst/HLS_TREEADD_PERIPH_BUS_s_axi_U/add_ln43_5_reg_183_reg[7]_i_1_n_0
    SLICE_X37Y73         CARRY4 (Prop_carry4_CI_CO[3])
                                                      0.114     4.964 r  bd_0_i/hls_inst/inst/HLS_TREEADD_PERIPH_BUS_s_axi_U/add_ln43_5_reg_183_reg[11]_i_1/CO[3]
                         net (fo=1, routed)           0.000     4.964    bd_0_i/hls_inst/inst/HLS_TREEADD_PERIPH_BUS_s_axi_U/add_ln43_5_reg_183_reg[11]_i_1_n_0
    SLICE_X37Y74         CARRY4 (Prop_carry4_CI_CO[3])
                                                      0.114     5.078 r  bd_0_i/hls_inst/inst/HLS_TREEADD_PERIPH_BUS_s_axi_U/add_ln43_5_reg_183_reg[15]_i_1/CO[3]
                         net (fo=1, routed)           0.009     5.087    bd_0_i/hls_inst/inst/HLS_TREEADD_PERIPH_BUS_s_axi_U/add_ln43_5_reg_183_reg[15]_i_1_n_0
    SLICE_X37Y75         CARRY4 (Prop_carry4_CI_CO[3])
                                                      0.114     5.201 r  bd_0_i/hls_inst/inst/HLS_TREEADD_PERIPH_BUS_s_axi_U/add_ln43_5_reg_183_reg[19]_i_1/CO[3]
                         net (fo=1, routed)           0.000     5.201    bd_0_i/hls_inst/inst/HLS_TREEADD_PERIPH_BUS_s_axi_U/add_ln43_5_reg_183_reg[19]_i_1_n_0
    SLICE_X37Y76         CARRY4 (Prop_carry4_CI_CO[3])
                                                      0.114     5.315 r  bd_0_i/hls_inst/inst/HLS_TREEADD_PERIPH_BUS_s_axi_U/add_ln43_5_reg_183_reg[23]_i_1/CO[3]
                         net (fo=1, routed)           0.000     5.315    bd_0_i/hls_inst/inst/HLS_TREEADD_PERIPH_BUS_s_axi_U/add_ln43_5_reg_183_reg[23]_i_1_n_0
    SLICE_X37Y77         CARRY4 (Prop_carry4_CI_O[3])
                                                      0.313     5.628 r  bd_0_i/hls_inst/inst/HLS_TREEADD_PERIPH_BUS_s_axi_U/add_ln43_5_reg_183_reg[27]_i_1/O[3]
                         net (fo=1, routed)           0.000     5.628    bd_0_i/hls_inst/inst/add_ln43_5_fu_157_p2[27]
    SLICE_X37Y77         FDRE                                         r  bd_0_i/hls_inst/inst/add_ln43_5_reg_183_reg[27]/D
  -------------------------------------------------------------------    -------------------

                         (clock ap_clk rise edge)    10.000    10.000 r  
                                                      0.000    10.000 r  ap_clk (IN)
                         net (fo=442, unset)          0.924    10.924    bd_0_i/hls_inst/inst/ap_clk
    SLICE_X37Y77         FDRE                                         r  bd_0_i/hls_inst/inst/add_ln43_5_reg_183_reg[27]/C
                         clock pessimism              0.000    10.924    
                         clock uncertainty           -0.035    10.889    
    SLICE_X37Y77         FDRE (Setup_fdre_C_D)        0.062    10.951    bd_0_i/hls_inst/inst/add_ln43_5_reg_183_reg[27]
  -------------------------------------------------------------------
                         required time                         10.951    
                         arrival time                          -5.628    
  -------------------------------------------------------------------
                         slack                                  5.323    

Slack (MET) :             5.397ns  (required time - arrival time)
  Source:                 bd_0_i/hls_inst/inst/HLS_TREEADD_PERIPH_BUS_s_axi_U/int_h_reg[2]/C
                            (rising edge-triggered cell FDRE clocked by ap_clk  {rise@0.000ns fall@5.000ns period=10.000ns})
  Destination:            bd_0_i/hls_inst/inst/add_ln43_5_reg_183_reg[26]/D
                            (rising edge-triggered cell FDRE clocked by ap_clk  {rise@0.000ns fall@5.000ns period=10.000ns})
  Path Group:             ap_clk
  Path Type:              Setup (Max at Slow Process Corner)
  Requirement:            10.000ns  (ap_clk rise@10.000ns - ap_clk rise@0.000ns)
  Data Path Delay:        4.581ns  (logic 2.352ns (51.345%)  route 2.229ns (48.655%))
  Logic Levels:           10  (CARRY4=7 LUT3=1 LUT5=1 LUT6=1)
  Clock Path Skew:        -0.049ns (DCD - SCD + CPR)
    Destination Clock Delay (DCD):    0.924ns = ( 10.924 - 10.000 ) 
    Source Clock Delay      (SCD):    0.973ns
    Clock Pessimism Removal (CPR):    0.000ns
  Clock Uncertainty:      0.035ns  ((TSJ^2 + TIJ^2)^1/2 + DJ) / 2 + PE
    Total System Jitter     (TSJ):    0.071ns
    Total Input Jitter      (TIJ):    0.000ns
    Discrete Jitter          (DJ):    0.000ns
    Phase Error              (PE):    0.000ns

    Location             Delay type                Incr(ns)  Path(ns)    Netlist Resource(s)
  -------------------------------------------------------------------    -------------------
                         (clock ap_clk rise edge)     0.000     0.000 r  
                                                      0.000     0.000 r  ap_clk (IN)
                         net (fo=442, unset)          0.973     0.973    bd_0_i/hls_inst/inst/HLS_TREEADD_PERIPH_BUS_s_axi_U/ap_clk
    SLICE_X42Y71         FDRE                                         r  bd_0_i/hls_inst/inst/HLS_TREEADD_PERIPH_BUS_s_axi_U/int_h_reg[2]/C
  -------------------------------------------------------------------    -------------------
    SLICE_X42Y71         FDRE (Prop_fdre_C_Q)         0.518     1.491 r  bd_0_i/hls_inst/inst/HLS_TREEADD_PERIPH_BUS_s_axi_U/int_h_reg[2]/Q
                         net (fo=5, routed)           0.748     2.239    bd_0_i/hls_inst/inst/HLS_TREEADD_PERIPH_BUS_s_axi_U/h[2]
    SLICE_X40Y70         LUT3 (Prop_lut3_I2_O)        0.124     2.363 r  bd_0_i/hls_inst/inst/HLS_TREEADD_PERIPH_BUS_s_axi_U/add_ln43_5_reg_183[3]_i_9/O
                         net (fo=3, routed)           0.958     3.322    bd_0_i/hls_inst/inst/HLS_TREEADD_PERIPH_BUS_s_axi_U/add_ln43_5_reg_183[3]_i_9_n_0
    SLICE_X36Y71         LUT5 (Prop_lut5_I1_O)        0.152     3.474 r  bd_0_i/hls_inst/inst/HLS_TREEADD_PERIPH_BUS_s_axi_U/add_ln43_5_reg_183[3]_i_2/O
                         net (fo=2, routed)           0.513     3.987    bd_0_i/hls_inst/inst/HLS_TREEADD_PERIPH_BUS_s_axi_U/add_ln43_5_reg_183[3]_i_2_n_0
    SLICE_X37Y71         LUT6 (Prop_lut6_I0_O)        0.348     4.335 r  bd_0_i/hls_inst/inst/HLS_TREEADD_PERIPH_BUS_s_axi_U/add_ln43_5_reg_183[3]_i_5/O
                         net (fo=1, routed)           0.000     4.335    bd_0_i/hls_inst/inst/HLS_TREEADD_PERIPH_BUS_s_axi_U/add_ln43_5_reg_183[3]_i_5_n_0
    SLICE_X37Y71         CARRY4 (Prop_carry4_S[3]_CO[3])
                                                      0.401     4.736 r  bd_0_i/hls_inst/inst/HLS_TREEADD_PERIPH_BUS_s_axi_U/add_ln43_5_reg_183_reg[3]_i_1/CO[3]
                         net (fo=1, routed)           0.000     4.736    bd_0_i/hls_inst/inst/HLS_TREEADD_PERIPH_BUS_s_axi_U/add_ln43_5_reg_183_reg[3]_i_1_n_0
    SLICE_X37Y72         CARRY4 (Prop_carry4_CI_CO[3])
                                                      0.114     4.850 r  bd_0_i/hls_inst/inst/HLS_TREEADD_PERIPH_BUS_s_axi_U/add_ln43_5_reg_183_reg[7]_i_1/CO[3]
                         net (fo=1, routed)           0.000     4.850    bd_0_i/hls_inst/inst/HLS_TREEADD_PERIPH_BUS_s_axi_U/add_ln43_5_reg_183_reg[7]_i_1_n_0
    SLICE_X37Y73         CARRY4 (Prop_carry4_CI_CO[3])
                                                      0.114     4.964 r  bd_0_i/hls_inst/inst/HLS_TREEADD_PERIPH_BUS_s_axi_U/add_ln43_5_reg_183_reg[11]_i_1/CO[3]
                         net (fo=1, routed)           0.000     4.964    bd_0_i/hls_inst/inst/HLS_TREEADD_PERIPH_BUS_s_axi_U/add_ln43_5_reg_183_reg[11]_i_1_n_0
    SLICE_X37Y74         CARRY4 (Prop_carry4_CI_CO[3])
                                                      0.114     5.078 r  bd_0_i/hls_inst/inst/HLS_TREEADD_PERIPH_BUS_s_axi_U/add_ln43_5_reg_183_reg[15]_i_1/CO[3]
                         net (fo=1, routed)           0.009     5.087    bd_0_i/hls_inst/inst/HLS_TREEADD_PERIPH_BUS_s_axi_U/add_ln43_5_reg_183_reg[15]_i_1_n_0
    SLICE_X37Y75         CARRY4 (Prop_carry4_CI_CO[3])
                                                      0.114     5.201 r  bd_0_i/hls_inst/inst/HLS_TREEADD_PERIPH_BUS_s_axi_U/add_ln43_5_reg_183_reg[19]_i_1/CO[3]
                         net (fo=1, routed)           0.000     5.201    bd_0_i/hls_inst/inst/HLS_TREEADD_PERIPH_BUS_s_axi_U/add_ln43_5_reg_183_reg[19]_i_1_n_0
    SLICE_X37Y76         CARRY4 (Prop_carry4_CI_CO[3])
                                                      0.114     5.315 r  bd_0_i/hls_inst/inst/HLS_TREEADD_PERIPH_BUS_s_axi_U/add_ln43_5_reg_183_reg[23]_i_1/CO[3]
                         net (fo=1, routed)           0.000     5.315    bd_0_i/hls_inst/inst/HLS_TREEADD_PERIPH_BUS_s_axi_U/add_ln43_5_reg_183_reg[23]_i_1_n_0
    SLICE_X37Y77         CARRY4 (Prop_carry4_CI_O[2])
                                                      0.239     5.554 r  bd_0_i/hls_inst/inst/HLS_TREEADD_PERIPH_BUS_s_axi_U/add_ln43_5_reg_183_reg[27]_i_1/O[2]
                         net (fo=1, routed)           0.000     5.554    bd_0_i/hls_inst/inst/add_ln43_5_fu_157_p2[26]
    SLICE_X37Y77         FDRE                                         r  bd_0_i/hls_inst/inst/add_ln43_5_reg_183_reg[26]/D
  -------------------------------------------------------------------    -------------------

                         (clock ap_clk rise edge)    10.000    10.000 r  
                                                      0.000    10.000 r  ap_clk (IN)
                         net (fo=442, unset)          0.924    10.924    bd_0_i/hls_inst/inst/ap_clk
    SLICE_X37Y77         FDRE                                         r  bd_0_i/hls_inst/inst/add_ln43_5_reg_183_reg[26]/C
                         clock pessimism              0.000    10.924    
                         clock uncertainty           -0.035    10.889    
    SLICE_X37Y77         FDRE (Setup_fdre_C_D)        0.062    10.951    bd_0_i/hls_inst/inst/add_ln43_5_reg_183_reg[26]
  -------------------------------------------------------------------
                         required time                         10.951    
                         arrival time                          -5.554    
  -------------------------------------------------------------------
                         slack                                  5.397    

Slack (MET) :             5.413ns  (required time - arrival time)
  Source:                 bd_0_i/hls_inst/inst/HLS_TREEADD_PERIPH_BUS_s_axi_U/int_h_reg[2]/C
                            (rising edge-triggered cell FDRE clocked by ap_clk  {rise@0.000ns fall@5.000ns period=10.000ns})
  Destination:            bd_0_i/hls_inst/inst/add_ln43_5_reg_183_reg[24]/D
                            (rising edge-triggered cell FDRE clocked by ap_clk  {rise@0.000ns fall@5.000ns period=10.000ns})
  Path Group:             ap_clk
  Path Type:              Setup (Max at Slow Process Corner)
  Requirement:            10.000ns  (ap_clk rise@10.000ns - ap_clk rise@0.000ns)
  Data Path Delay:        4.565ns  (logic 2.336ns (51.175%)  route 2.229ns (48.826%))
  Logic Levels:           10  (CARRY4=7 LUT3=1 LUT5=1 LUT6=1)
  Clock Path Skew:        -0.049ns (DCD - SCD + CPR)
    Destination Clock Delay (DCD):    0.924ns = ( 10.924 - 10.000 ) 
    Source Clock Delay      (SCD):    0.973ns
    Clock Pessimism Removal (CPR):    0.000ns
  Clock Uncertainty:      0.035ns  ((TSJ^2 + TIJ^2)^1/2 + DJ) / 2 + PE
    Total System Jitter     (TSJ):    0.071ns
    Total Input Jitter      (TIJ):    0.000ns
    Discrete Jitter          (DJ):    0.000ns
    Phase Error              (PE):    0.000ns

    Location             Delay type                Incr(ns)  Path(ns)    Netlist Resource(s)
  -------------------------------------------------------------------    -------------------
                         (clock ap_clk rise edge)     0.000     0.000 r  
                                                      0.000     0.000 r  ap_clk (IN)
                         net (fo=442, unset)          0.973     0.973    bd_0_i/hls_inst/inst/HLS_TREEADD_PERIPH_BUS_s_axi_U/ap_clk
    SLICE_X42Y71         FDRE                                         r  bd_0_i/hls_inst/inst/HLS_TREEADD_PERIPH_BUS_s_axi_U/int_h_reg[2]/C
  -------------------------------------------------------------------    -------------------
    SLICE_X42Y71         FDRE (Prop_fdre_C_Q)         0.518     1.491 r  bd_0_i/hls_inst/inst/HLS_TREEADD_PERIPH_BUS_s_axi_U/int_h_reg[2]/Q
                         net (fo=5, routed)           0.748     2.239    bd_0_i/hls_inst/inst/HLS_TREEADD_PERIPH_BUS_s_axi_U/h[2]
    SLICE_X40Y70         LUT3 (Prop_lut3_I2_O)        0.124     2.363 r  bd_0_i/hls_inst/inst/HLS_TREEADD_PERIPH_BUS_s_axi_U/add_ln43_5_reg_183[3]_i_9/O
                         net (fo=3, routed)           0.958     3.322    bd_0_i/hls_inst/inst/HLS_TREEADD_PERIPH_BUS_s_axi_U/add_ln43_5_reg_183[3]_i_9_n_0
    SLICE_X36Y71         LUT5 (Prop_lut5_I1_O)        0.152     3.474 r  bd_0_i/hls_inst/inst/HLS_TREEADD_PERIPH_BUS_s_axi_U/add_ln43_5_reg_183[3]_i_2/O
                         net (fo=2, routed)           0.513     3.987    bd_0_i/hls_inst/inst/HLS_TREEADD_PERIPH_BUS_s_axi_U/add_ln43_5_reg_183[3]_i_2_n_0
    SLICE_X37Y71         LUT6 (Prop_lut6_I0_O)        0.348     4.335 r  bd_0_i/hls_inst/inst/HLS_TREEADD_PERIPH_BUS_s_axi_U/add_ln43_5_reg_183[3]_i_5/O
                         net (fo=1, routed)           0.000     4.335    bd_0_i/hls_inst/inst/HLS_TREEADD_PERIPH_BUS_s_axi_U/add_ln43_5_reg_183[3]_i_5_n_0
    SLICE_X37Y71         CARRY4 (Prop_carry4_S[3]_CO[3])
                                                      0.401     4.736 r  bd_0_i/hls_inst/inst/HLS_TREEADD_PERIPH_BUS_s_axi_U/add_ln43_5_reg_183_reg[3]_i_1/CO[3]
                         net (fo=1, routed)           0.000     4.736    bd_0_i/hls_inst/inst/HLS_TREEADD_PERIPH_BUS_s_axi_U/add_ln43_5_reg_183_reg[3]_i_1_n_0
    SLICE_X37Y72         CARRY4 (Prop_carry4_CI_CO[3])
                                                      0.114     4.850 r  bd_0_i/hls_inst/inst/HLS_TREEADD_PERIPH_BUS_s_axi_U/add_ln43_5_reg_183_reg[7]_i_1/CO[3]
                         net (fo=1, routed)           0.000     4.850    bd_0_i/hls_inst/inst/HLS_TREEADD_PERIPH_BUS_s_axi_U/add_ln43_5_reg_183_reg[7]_i_1_n_0
    SLICE_X37Y73         CARRY4 (Prop_carry4_CI_CO[3])
                                                      0.114     4.964 r  bd_0_i/hls_inst/inst/HLS_TREEADD_PERIPH_BUS_s_axi_U/add_ln43_5_reg_183_reg[11]_i_1/CO[3]
                         net (fo=1, routed)           0.000     4.964    bd_0_i/hls_inst/inst/HLS_TREEADD_PERIPH_BUS_s_axi_U/add_ln43_5_reg_183_reg[11]_i_1_n_0
    SLICE_X37Y74         CARRY4 (Prop_carry4_CI_CO[3])
                                                      0.114     5.078 r  bd_0_i/hls_inst/inst/HLS_TREEADD_PERIPH_BUS_s_axi_U/add_ln43_5_reg_183_reg[15]_i_1/CO[3]
                         net (fo=1, routed)           0.009     5.087    bd_0_i/hls_inst/inst/HLS_TREEADD_PERIPH_BUS_s_axi_U/add_ln43_5_reg_183_reg[15]_i_1_n_0
    SLICE_X37Y75         CARRY4 (Prop_carry4_CI_CO[3])
                                                      0.114     5.201 r  bd_0_i/hls_inst/inst/HLS_TREEADD_PERIPH_BUS_s_axi_U/add_ln43_5_reg_183_reg[19]_i_1/CO[3]
                         net (fo=1, routed)           0.000     5.201    bd_0_i/hls_inst/inst/HLS_TREEADD_PERIPH_BUS_s_axi_U/add_ln43_5_reg_183_reg[19]_i_1_n_0
    SLICE_X37Y76         CARRY4 (Prop_carry4_CI_CO[3])
                                                      0.114     5.315 r  bd_0_i/hls_inst/inst/HLS_TREEADD_PERIPH_BUS_s_axi_U/add_ln43_5_reg_183_reg[23]_i_1/CO[3]
                         net (fo=1, routed)           0.000     5.315    bd_0_i/hls_inst/inst/HLS_TREEADD_PERIPH_BUS_s_axi_U/add_ln43_5_reg_183_reg[23]_i_1_n_0
    SLICE_X37Y77         CARRY4 (Prop_carry4_CI_O[0])
                                                      0.223     5.538 r  bd_0_i/hls_inst/inst/HLS_TREEADD_PERIPH_BUS_s_axi_U/add_ln43_5_reg_183_reg[27]_i_1/O[0]
                         net (fo=1, routed)           0.000     5.538    bd_0_i/hls_inst/inst/add_ln43_5_fu_157_p2[24]
    SLICE_X37Y77         FDRE                                         r  bd_0_i/hls_inst/inst/add_ln43_5_reg_183_reg[24]/D
  -------------------------------------------------------------------    -------------------

                         (clock ap_clk rise edge)    10.000    10.000 r  
                                                      0.000    10.000 r  ap_clk (IN)
                         net (fo=442, unset)          0.924    10.924    bd_0_i/hls_inst/inst/ap_clk
    SLICE_X37Y77         FDRE                                         r  bd_0_i/hls_inst/inst/add_ln43_5_reg_183_reg[24]/C
                         clock pessimism              0.000    10.924    
                         clock uncertainty           -0.035    10.889    
    SLICE_X37Y77         FDRE (Setup_fdre_C_D)        0.062    10.951    bd_0_i/hls_inst/inst/add_ln43_5_reg_183_reg[24]
  -------------------------------------------------------------------
                         required time                         10.951    
                         arrival time                          -5.538    
  -------------------------------------------------------------------
                         slack                                  5.413    

Slack (MET) :             5.416ns  (required time - arrival time)
  Source:                 bd_0_i/hls_inst/inst/HLS_TREEADD_PERIPH_BUS_s_axi_U/int_h_reg[2]/C
                            (rising edge-triggered cell FDRE clocked by ap_clk  {rise@0.000ns fall@5.000ns period=10.000ns})
  Destination:            bd_0_i/hls_inst/inst/add_ln43_5_reg_183_reg[21]/D
                            (rising edge-triggered cell FDRE clocked by ap_clk  {rise@0.000ns fall@5.000ns period=10.000ns})
  Path Group:             ap_clk
  Path Type:              Setup (Max at Slow Process Corner)
  Requirement:            10.000ns  (ap_clk rise@10.000ns - ap_clk rise@0.000ns)
  Data Path Delay:        4.562ns  (logic 2.333ns (51.142%)  route 2.229ns (48.858%))
  Logic Levels:           9  (CARRY4=6 LUT3=1 LUT5=1 LUT6=1)
  Clock Path Skew:        -0.049ns (DCD - SCD + CPR)
    Destination Clock Delay (DCD):    0.924ns = ( 10.924 - 10.000 ) 
    Source Clock Delay      (SCD):    0.973ns
    Clock Pessimism Removal (CPR):    0.000ns
  Clock Uncertainty:      0.035ns  ((TSJ^2 + TIJ^2)^1/2 + DJ) / 2 + PE
    Total System Jitter     (TSJ):    0.071ns
    Total Input Jitter      (TIJ):    0.000ns
    Discrete Jitter          (DJ):    0.000ns
    Phase Error              (PE):    0.000ns

    Location             Delay type                Incr(ns)  Path(ns)    Netlist Resource(s)
  -------------------------------------------------------------------    -------------------
                         (clock ap_clk rise edge)     0.000     0.000 r  
                                                      0.000     0.000 r  ap_clk (IN)
                         net (fo=442, unset)          0.973     0.973    bd_0_i/hls_inst/inst/HLS_TREEADD_PERIPH_BUS_s_axi_U/ap_clk
    SLICE_X42Y71         FDRE                                         r  bd_0_i/hls_inst/inst/HLS_TREEADD_PERIPH_BUS_s_axi_U/int_h_reg[2]/C
  -------------------------------------------------------------------    -------------------
    SLICE_X42Y71         FDRE (Prop_fdre_C_Q)         0.518     1.491 r  bd_0_i/hls_inst/inst/HLS_TREEADD_PERIPH_BUS_s_axi_U/int_h_reg[2]/Q
                         net (fo=5, routed)           0.748     2.239    bd_0_i/hls_inst/inst/HLS_TREEADD_PERIPH_BUS_s_axi_U/h[2]
    SLICE_X40Y70         LUT3 (Prop_lut3_I2_O)        0.124     2.363 r  bd_0_i/hls_inst/inst/HLS_TREEADD_PERIPH_BUS_s_axi_U/add_ln43_5_reg_183[3]_i_9/O
                         net (fo=3, routed)           0.958     3.322    bd_0_i/hls_inst/inst/HLS_TREEADD_PERIPH_BUS_s_axi_U/add_ln43_5_reg_183[3]_i_9_n_0
    SLICE_X36Y71         LUT5 (Prop_lut5_I1_O)        0.152     3.474 r  bd_0_i/hls_inst/inst/HLS_TREEADD_PERIPH_BUS_s_axi_U/add_ln43_5_reg_183[3]_i_2/O
                         net (fo=2, routed)           0.513     3.987    bd_0_i/hls_inst/inst/HLS_TREEADD_PERIPH_BUS_s_axi_U/add_ln43_5_reg_183[3]_i_2_n_0
    SLICE_X37Y71         LUT6 (Prop_lut6_I0_O)        0.348     4.335 r  bd_0_i/hls_inst/inst/HLS_TREEADD_PERIPH_BUS_s_axi_U/add_ln43_5_reg_183[3]_i_5/O
                         net (fo=1, routed)           0.000     4.335    bd_0_i/hls_inst/inst/HLS_TREEADD_PERIPH_BUS_s_axi_U/add_ln43_5_reg_183[3]_i_5_n_0
    SLICE_X37Y71         CARRY4 (Prop_carry4_S[3]_CO[3])
                                                      0.401     4.736 r  bd_0_i/hls_inst/inst/HLS_TREEADD_PERIPH_BUS_s_axi_U/add_ln43_5_reg_183_reg[3]_i_1/CO[3]
                         net (fo=1, routed)           0.000     4.736    bd_0_i/hls_inst/inst/HLS_TREEADD_PERIPH_BUS_s_axi_U/add_ln43_5_reg_183_reg[3]_i_1_n_0
    SLICE_X37Y72         CARRY4 (Prop_carry4_CI_CO[3])
                                                      0.114     4.850 r  bd_0_i/hls_inst/inst/HLS_TREEADD_PERIPH_BUS_s_axi_U/add_ln43_5_reg_183_reg[7]_i_1/CO[3]
                         net (fo=1, routed)           0.000     4.850    bd_0_i/hls_inst/inst/HLS_TREEADD_PERIPH_BUS_s_axi_U/add_ln43_5_reg_183_reg[7]_i_1_n_0
    SLICE_X37Y73         CARRY4 (Prop_carry4_CI_CO[3])
                                                      0.114     4.964 r  bd_0_i/hls_inst/inst/HLS_TREEADD_PERIPH_BUS_s_axi_U/add_ln43_5_reg_183_reg[11]_i_1/CO[3]
                         net (fo=1, routed)           0.000     4.964    bd_0_i/hls_inst/inst/HLS_TREEADD_PERIPH_BUS_s_axi_U/add_ln43_5_reg_183_reg[11]_i_1_n_0
    SLICE_X37Y74         CARRY4 (Prop_carry4_CI_CO[3])
                                                      0.114     5.078 r  bd_0_i/hls_inst/inst/HLS_TREEADD_PERIPH_BUS_s_axi_U/add_ln43_5_reg_183_reg[15]_i_1/CO[3]
                         net (fo=1, routed)           0.009     5.087    bd_0_i/hls_inst/inst/HLS_TREEADD_PERIPH_BUS_s_axi_U/add_ln43_5_reg_183_reg[15]_i_1_n_0
    SLICE_X37Y75         CARRY4 (Prop_carry4_CI_CO[3])
                                                      0.114     5.201 r  bd_0_i/hls_inst/inst/HLS_TREEADD_PERIPH_BUS_s_axi_U/add_ln43_5_reg_183_reg[19]_i_1/CO[3]
                         net (fo=1, routed)           0.000     5.201    bd_0_i/hls_inst/inst/HLS_TREEADD_PERIPH_BUS_s_axi_U/add_ln43_5_reg_183_reg[19]_i_1_n_0
    SLICE_X37Y76         CARRY4 (Prop_carry4_CI_O[1])
                                                      0.334     5.535 r  bd_0_i/hls_inst/inst/HLS_TREEADD_PERIPH_BUS_s_axi_U/add_ln43_5_reg_183_reg[23]_i_1/O[1]
                         net (fo=1, routed)           0.000     5.535    bd_0_i/hls_inst/inst/add_ln43_5_fu_157_p2[21]
    SLICE_X37Y76         FDRE                                         r  bd_0_i/hls_inst/inst/add_ln43_5_reg_183_reg[21]/D
  -------------------------------------------------------------------    -------------------

                         (clock ap_clk rise edge)    10.000    10.000 r  
                                                      0.000    10.000 r  ap_clk (IN)
                         net (fo=442, unset)          0.924    10.924    bd_0_i/hls_inst/inst/ap_clk
    SLICE_X37Y76         FDRE                                         r  bd_0_i/hls_inst/inst/add_ln43_5_reg_183_reg[21]/C
                         clock pessimism              0.000    10.924    
                         clock uncertainty           -0.035    10.889    
    SLICE_X37Y76         FDRE (Setup_fdre_C_D)        0.062    10.951    bd_0_i/hls_inst/inst/add_ln43_5_reg_183_reg[21]
  -------------------------------------------------------------------
                         required time                         10.951    
                         arrival time                          -5.535    
  -------------------------------------------------------------------
                         slack                                  5.416    




