Copyright 1986-2022 Xilinx, Inc. All Rights Reserved. Copyright 2022-2025 Advanced Micro Devices, Inc. All Rights Reserved.
---------------------------------------------------------------------------------------------------------------------------------------------
| Tool Version : Vivado v.2025.1 (win64) Build 6140274 Thu May 22 00:12:29 MDT 2025
| Date         : Wed Jun 24 14:10:07 2026
| Host         : CML-09 running 64-bit major release  (build 9200)
| Command      : report_timing_summary -file ./report/t_int_timing_routed.rpt
| Design       : bd_0_wrapper
| Device       : 7z020-clg484
| Speed File   : -1  PRODUCTION 1.12 2019-11-22
| Design State : Routed
---------------------------------------------------------------------------------------------------------------------------------------------

Timing Summary Report

------------------------------------------------------------------------------------------------
| Timer Settings
| --------------
------------------------------------------------------------------------------------------------

  Enable Multi Corner Analysis               :  Yes
  Enable Pessimism Removal                   :  Yes
  Pessimism Removal Resolution               :  Nearest Common Node
  Enable Input Delay Default Clock           :  No
  Enable Preset / Clear Arcs                 :  No
  Disable Flight Delays                      :  No
  Ignore I/O Paths                           :  No
  Timing Early Launch at Borrowing Latches   :  No
  Borrow Time for Max Delay Exceptions       :  Yes
  Merge Timing Exceptions                    :  Yes
  Inter-SLR Compensation                     :  Conservative

  Corner  Analyze    Analyze    
  Name    Max Paths  Min Paths  
  ------  ---------  ---------  
  Slow    Yes        Yes        
  Fast    Yes        Yes        


------------------------------------------------------------------------------------------------
| Report Methodology
| ------------------
------------------------------------------------------------------------------------------------

Rule       Severity  Description                    Violations  
---------  --------  -----------------------------  ----------  
TIMING-18  Warning   Missing input or output delay  94          

Note: This report is based on the most recent report_methodology run and may not be up-to-date. Run report_methodology on the current design for the latest report.



check_timing report

Table of Contents
-----------------
1. checking no_clock (0)
2. checking constant_clock (0)
3. checking pulse_width_clock (0)
4. checking unconstrained_internal_endpoints (0)
5. checking no_input_delay (54)
6. checking no_output_delay (38)
7. checking multiple_clock (0)
8. checking generated_clocks (0)
9. checking loops (0)
10. checking partial_input_delay (0)
11. checking partial_output_delay (0)
12. checking latch_loops (0)

1. checking no_clock (0)
------------------------
 There are 0 register/latch pins with no clock.


2. checking constant_clock (0)
------------------------------
 There are 0 register/latch pins with constant_clock.


3. checking pulse_width_clock (0)
---------------------------------
 There are 0 register/latch pins which need pulse_width check


4. checking unconstrained_internal_endpoints (0)
------------------------------------------------
 There are 0 pins that are not constrained for maximum delay.

 There are 0 pins that are not constrained for maximum delay due to constant clock.


5. checking no_input_delay (54)
-------------------------------
 There are 54 input ports with no input delay specified. (HIGH)

 There are 0 input ports with no input delay but user has a false path constraint.


6. checking no_output_delay (38)
--------------------------------
 There are 38 ports with no output delay specified. (HIGH)

 There are 0 ports with no output delay but user has a false path constraint

 There are 0 ports with no output delay but with a timing clock defined on it or propagating through it


7. checking multiple_clock (0)
------------------------------
 There are 0 register/latch pins with multiple clocks.


8. checking generated_clocks (0)
--------------------------------
 There are 0 generated clocks that are not connected to a clock source.


9. checking loops (0)
---------------------
 There are 0 combinational loops in the design.


10. checking partial_input_delay (0)
------------------------------------
 There are 0 input ports with partial input delay specified.


11. checking partial_output_delay (0)
-------------------------------------
 There are 0 ports with partial output delay specified.


12. checking latch_loops (0)
----------------------------
 There are 0 combinational latch loops in the design through latch input



------------------------------------------------------------------------------------------------
| Design Timing Summary
| ---------------------
------------------------------------------------------------------------------------------------

    WNS(ns)      TNS(ns)  TNS Failing Endpoints  TNS Total Endpoints      WHS(ns)      THS(ns)  THS Failing Endpoints  THS Total Endpoints     WPWS(ns)     TPWS(ns)  TPWS Failing Endpoints  TPWS Total Endpoints  
    -------      -------  ---------------------  -------------------      -------      -------  ---------------------  -------------------     --------     --------  ----------------------  --------------------  
      5.134        0.000                      0                  887        0.150        0.000                      0                  887        4.500        0.000                       0                   443  


All user specified timing constraints are met.


------------------------------------------------------------------------------------------------
| Clock Summary
| -------------
------------------------------------------------------------------------------------------------

Clock   Waveform(ns)       Period(ns)      Frequency(MHz)
-----   ------------       ----------      --------------
ap_clk  {0.000 5.000}      10.000          100.000         


------------------------------------------------------------------------------------------------
| Intra Clock Table
| -----------------
------------------------------------------------------------------------------------------------

Clock             WNS(ns)      TNS(ns)  TNS Failing Endpoints  TNS Total Endpoints      WHS(ns)      THS(ns)  THS Failing Endpoints  THS Total Endpoints     WPWS(ns)     TPWS(ns)  TPWS Failing Endpoints  TPWS Total Endpoints  
-----             -------      -------  ---------------------  -------------------      -------      -------  ---------------------  -------------------     --------     --------  ----------------------  --------------------  
ap_clk              5.134        0.000                      0                  887        0.150        0.000                      0                  887        4.500        0.000                       0                   443  


------------------------------------------------------------------------------------------------
| Inter Clock Table
| -----------------
------------------------------------------------------------------------------------------------

From Clock    To Clock          WNS(ns)      TNS(ns)  TNS Failing Endpoints  TNS Total Endpoints      WHS(ns)      THS(ns)  THS Failing Endpoints  THS Total Endpoints  
----------    --------          -------      -------  ---------------------  -------------------      -------      -------  ---------------------  -------------------  


------------------------------------------------------------------------------------------------
| Other Path Groups Table
| -----------------------
------------------------------------------------------------------------------------------------

Path Group    From Clock    To Clock          WNS(ns)      TNS(ns)  TNS Failing Endpoints  TNS Total Endpoints      WHS(ns)      THS(ns)  THS Failing Endpoints  THS Total Endpoints  
----------    ----------    --------          -------      -------  ---------------------  -------------------      -------      -------  ---------------------  -------------------  


------------------------------------------------------------------------------------------------
| Timing Details
| --------------
------------------------------------------------------------------------------------------------


---------------------------------------------------------------------------------------------------
From Clock:  ap_clk
  To Clock:  ap_clk

Setup :            0  Failing Endpoints,  Worst Slack        5.134ns,  Total Violation        0.000ns
Hold  :            0  Failing Endpoints,  Worst Slack        0.150ns,  Total Violation        0.000ns
PW    :            0  Failing Endpoints,  Worst Slack        4.500ns,  Total Violation        0.000ns
---------------------------------------------------------------------------------------------------


Max Delay Paths
--------------------------------------------------------------------------------------
Slack (MET) :             5.134ns  (required time - arrival time)
  Source:                 bd_0_i/hls_inst/inst/HLS_TREEADD_PERIPH_BUS_s_axi_U/FSM_onehot_rstate_reg[1]/C
                            (rising edge-triggered cell FDRE clocked by ap_clk  {rise@0.000ns fall@5.000ns period=10.000ns})
  Destination:            bd_0_i/hls_inst/inst/HLS_TREEADD_PERIPH_BUS_s_axi_U/rdata_reg[11]/CE
                            (rising edge-triggered cell FDRE clocked by ap_clk  {rise@0.000ns fall@5.000ns period=10.000ns})
  Path Group:             ap_clk
  Path Type:              Setup (Max at Slow Process Corner)
  Requirement:            10.000ns  (ap_clk rise@10.000ns - ap_clk rise@0.000ns)
  Data Path Delay:        4.374ns  (logic 0.610ns (13.946%)  route 3.764ns (86.054%))
  Logic Levels:           1  (LUT2=1)
  Clock Path Skew:        -0.049ns (DCD - SCD + CPR)
    Destination Clock Delay (DCD):    0.924ns = ( 10.924 - 10.000 ) 
    Source Clock Delay      (SCD):    0.973ns
    Clock Pessimism Removal (CPR):    0.000ns
  Clock Uncertainty:      0.035ns  ((TSJ^2 + TIJ^2)^1/2 + DJ) / 2 + PE
    Total System Jitter     (TSJ):    0.071ns
    Total Input Jitter      (TIJ):    0.000ns
    Discrete Jitter          (DJ):    0.000ns
    Phase Error              (PE):    0.000ns

    Location             Delay type                Incr(ns)  Path(ns)    Netlist Resource(s)
  -------------------------------------------------------------------    -------------------
                         (clock ap_clk rise edge)     0.000     0.000 r  
                                                      0.000     0.000 r  ap_clk (IN)
                         net (fo=442, unset)          0.973     0.973    bd_0_i/hls_inst/inst/HLS_TREEADD_PERIPH_BUS_s_axi_U/ap_clk
    SLICE_X48Y77         FDRE                                         r  bd_0_i/hls_inst/inst/HLS_TREEADD_PERIPH_BUS_s_axi_U/FSM_onehot_rstate_reg[1]/C
  -------------------------------------------------------------------    -------------------
    SLICE_X48Y77         FDRE (Prop_fdre_C_Q)         0.456     1.429 r  bd_0_i/hls_inst/inst/HLS_TREEADD_PERIPH_BUS_s_axi_U/FSM_onehot_rstate_reg[1]/Q
                         net (fo=5, routed)           0.828     2.257    bd_0_i/hls_inst/inst/HLS_TREEADD_PERIPH_BUS_s_axi_U/FSM_onehot_rstate_reg[1]_0
    SLICE_X48Y77         LUT2 (Prop_lut2_I0_O)        0.154     2.411 r  bd_0_i/hls_inst/inst/HLS_TREEADD_PERIPH_BUS_s_axi_U/rdata[31]_i_2/O
                         net (fo=33, routed)          2.936     5.347    bd_0_i/hls_inst/inst/HLS_TREEADD_PERIPH_BUS_s_axi_U/ar_hs
    SLICE_X39Y68         FDRE                                         r  bd_0_i/hls_inst/inst/HLS_TREEADD_PERIPH_BUS_s_axi_U/rdata_reg[11]/CE
  -------------------------------------------------------------------    -------------------

                         (clock ap_clk rise edge)    10.000    10.000 r  
                                                      0.000    10.000 r  ap_clk (IN)
                         net (fo=442, unset)          0.924    10.924    bd_0_i/hls_inst/inst/HLS_TREEADD_PERIPH_BUS_s_axi_U/ap_clk
    SLICE_X39Y68         FDRE                                         r  bd_0_i/hls_inst/inst/HLS_TREEADD_PERIPH_BUS_s_axi_U/rdata_reg[11]/C
                         clock pessimism              0.000    10.924    
                         clock uncertainty           -0.035    10.889    
    SLICE_X39Y68         FDRE (Setup_fdre_C_CE)      -0.408    10.481    bd_0_i/hls_inst/inst/HLS_TREEADD_PERIPH_BUS_s_axi_U/rdata_reg[11]
  -------------------------------------------------------------------
                         required time                         10.481    
                         arrival time                          -5.347    
  -------------------------------------------------------------------
                         slack                                  5.134    





Min Delay Paths
--------------------------------------------------------------------------------------
Slack (MET) :             0.150ns  (arrival time - required time)
  Source:                 bd_0_i/hls_inst/inst/HLS_TREEADD_PERIPH_BUS_s_axi_U/int_isr_reg[1]/C
                            (rising edge-triggered cell FDRE clocked by ap_clk  {rise@0.000ns fall@5.000ns period=10.000ns})
  Destination:            bd_0_i/hls_inst/inst/HLS_TREEADD_PERIPH_BUS_s_axi_U/int_interrupt_reg/D
                            (rising edge-triggered cell FDRE clocked by ap_clk  {rise@0.000ns fall@5.000ns period=10.000ns})
  Path Group:             ap_clk
  Path Type:              Hold (Min at Fast Process Corner)
  Requirement:            0.000ns  (ap_clk rise@0.000ns - ap_clk rise@0.000ns)
  Data Path Delay:        0.263ns  (logic 0.186ns (70.709%)  route 0.077ns (29.291%))
  Logic Levels:           1  (LUT3=1)
  Clock Path Skew:        0.022ns (DCD - SCD - CPR)
    Destination Clock Delay (DCD):    0.432ns
    Source Clock Delay      (SCD):    0.410ns
    Clock Pessimism Removal (CPR):    -0.000ns

    Location             Delay type                Incr(ns)  Path(ns)    Netlist Resource(s)
  -------------------------------------------------------------------    -------------------
                         (clock ap_clk rise edge)     0.000     0.000 r  
                                                      0.000     0.000 r  ap_clk (IN)
                         net (fo=442, unset)          0.410     0.410    bd_0_i/hls_inst/inst/HLS_TREEADD_PERIPH_BUS_s_axi_U/ap_clk
    SLICE_X44Y77         FDRE                                         r  bd_0_i/hls_inst/inst/HLS_TREEADD_PERIPH_BUS_s_axi_U/int_isr_reg[1]/C
  -------------------------------------------------------------------    -------------------
    SLICE_X44Y77         FDRE (Prop_fdre_C_Q)         0.141     0.551 r  bd_0_i/hls_inst/inst/HLS_TREEADD_PERIPH_BUS_s_axi_U/int_isr_reg[1]/Q
                         net (fo=4, routed)           0.077     0.628    bd_0_i/hls_inst/inst/HLS_TREEADD_PERIPH_BUS_s_axi_U/int_isr_reg_n_0_[1]
    SLICE_X45Y77         LUT3 (Prop_lut3_I0_O)        0.045     0.673 r  bd_0_i/hls_inst/inst/HLS_TREEADD_PERIPH_BUS_s_axi_U/int_interrupt_i_1/O
                         net (fo=1, routed)           0.000     0.673    bd_0_i/hls_inst/inst/HLS_TREEADD_PERIPH_BUS_s_axi_U/int_interrupt0
    SLICE_X45Y77         FDRE                                         r  bd_0_i/hls_inst/inst/HLS_TREEADD_PERIPH_BUS_s_axi_U/int_interrupt_reg/D
  -------------------------------------------------------------------    -------------------

                         (clock ap_clk rise edge)     0.000     0.000 r  
                                                      0.000     0.000 r  ap_clk (IN)
                         net (fo=442, unset)          0.432     0.432    bd_0_i/hls_inst/inst/HLS_TREEADD_PERIPH_BUS_s_axi_U/ap_clk
    SLICE_X45Y77         FDRE                                         r  bd_0_i/hls_inst/inst/HLS_TREEADD_PERIPH_BUS_s_axi_U/int_interrupt_reg/C
                         clock pessimism              0.000     0.432    
    SLICE_X45Y77         FDRE (Hold_fdre_C_D)         0.091     0.523    bd_0_i/hls_inst/inst/HLS_TREEADD_PERIPH_BUS_s_axi_U/int_interrupt_reg
  -------------------------------------------------------------------
                         required time                         -0.523    
                         arrival time                           0.673    
  -------------------------------------------------------------------
                         slack                                  0.150    





Pulse Width Checks
--------------------------------------------------------------------------------------
Clock Name:         ap_clk
Waveform(ns):       { 0.000 5.000 }
Period(ns):         10.000
Sources:            { ap_clk }

Check Type        Corner  Lib Pin  Reference Pin  Required(ns)  Actual(ns)  Slack(ns)  Location      Pin
Min Period        n/a     FDRE/C   n/a            1.000         10.000      9.000      SLICE_X41Y71  bd_0_i/hls_inst/inst/add_ln43_1_reg_178_reg[0]/C
Low Pulse Width   Slow    FDRE/C   n/a            0.500         5.000       4.500      SLICE_X41Y71  bd_0_i/hls_inst/inst/add_ln43_1_reg_178_reg[0]/C
High Pulse Width  Slow    FDRE/C   n/a            0.500         5.000       4.500      SLICE_X41Y71  bd_0_i/hls_inst/inst/add_ln43_1_reg_178_reg[0]/C



