
*** Running vivado
    with args -log bd_0_hls_inst_0.vds -m64 -product Vivado -mode batch -messageDb vivado.pb -notrace -source bd_0_hls_inst_0.tcl



****** Vivado v2025.1 (64-bit)
  **** SW Build 6140274 on Thu May 22 00:12:29 MDT 2025
  **** IP Build 6138677 on Thu May 22 03:10:11 MDT 2025
  **** SharedData Build 6139179 on Tue May 20 17:58:58 MDT 2025
  **** Start of session at: Tue Jun 30 10:32:23 2026
    ** Copyright 1986-2022 Xilinx, Inc. All Rights Reserved.
    ** Copyright 2022-2025 Advanced Micro Devices, Inc. All Rights Reserved.

source bd_0_hls_inst_0.tcl -notrace
INFO: Dispatch client connection id - 63023
create_project: Time (s): cpu = 00:00:10 ; elapsed = 00:00:09 . Memory (MB): peak = 511.781 ; gain = 217.234
INFO: [IP_Flow 19-234] Refreshing IP repositories
INFO: [IP_Flow 19-1700] Loaded user IP repository 'd:/ELEC_522/FpgaEx/Fpga_hls/hls_component_lreg/linear_model/hls/impl/ip'.
INFO: [IP_Flow 19-2313] Loaded Vivado IP repository 'C:/Xilinx/2025.1/Vivado/data/ip'.
WARNING: [IP_Flow 19-4995] The host OS only allows 260 characters in a normal path. The IP cache path is more than 80 characters. If you experience issues with IP caching, please consider changing the IP cache to a location with a shorter path. Alternately consider using the OS subst command to map part of the path to a drive letter. 
Current IP cache path is d:/ELEC_522/FpgaEx/Fpga_hls/hls_component_lreg/linear_model/hls/impl/verilog/project.cache/ip 
Command: synth_design -top bd_0_hls_inst_0 -part xc7z020clg484-1 -directive sdx_optimization_effort_high -incremental_mode off -mode out_of_context
Starting synth_design
Attempting to get a license for feature 'Synthesis' and/or device 'xc7z020'
INFO: [Common 17-349] Got license for feature 'Synthesis' and/or device 'xc7z020'
INFO: [Device 21-403] Loading part xc7z020clg484-1
INFO: [Synth 8-7079] Multithreading enabled for synth_design using a maximum of 2 processes.
INFO: [Synth 8-7078] Launching helper process for spawning children vivado processes
INFO: [Synth 8-7075] Helper process launched with PID 19248
---------------------------------------------------------------------------------
Starting RTL Elaboration : Time (s): cpu = 00:00:07 ; elapsed = 00:00:08 . Memory (MB): peak = 1245.688 ; gain = 491.750
---------------------------------------------------------------------------------
INFO: [Synth 8-6157] synthesizing module 'bd_0_hls_inst_0' [d:/ELEC_522/FpgaEx/Fpga_hls/hls_component_lreg/linear_model/hls/impl/verilog/project.gen/sources_1/bd/bd_0/ip/bd_0_hls_inst_0/synth/bd_0_hls_inst_0.v:53]
INFO: [Synth 8-6157] synthesizing module 'linear_model' [d:/ELEC_522/FpgaEx/Fpga_hls/hls_component_lreg/linear_model/hls/impl/verilog/project.gen/sources_1/bd/bd_0/ipshared/a9c1/hdl/verilog/linear_model.v:9]
INFO: [Synth 8-6157] synthesizing module 'linear_model_HLS_LINEAR_PERIPH_BUS_s_axi' [d:/ELEC_522/FpgaEx/Fpga_hls/hls_component_lreg/linear_model/hls/impl/verilog/project.gen/sources_1/bd/bd_0/ipshared/a9c1/hdl/verilog/linear_model_HLS_LINEAR_PERIPH_BUS_s_axi.v:9]
INFO: [Synth 8-155] case statement is not full and has no default [d:/ELEC_522/FpgaEx/Fpga_hls/hls_component_lreg/linear_model/hls/impl/verilog/project.gen/sources_1/bd/bd_0/ipshared/a9c1/hdl/verilog/linear_model_HLS_LINEAR_PERIPH_BUS_s_axi.v:241]
INFO: [Synth 8-6155] done synthesizing module 'linear_model_HLS_LINEAR_PERIPH_BUS_s_axi' (0#1) [d:/ELEC_522/FpgaEx/Fpga_hls/hls_component_lreg/linear_model/hls/impl/verilog/project.gen/sources_1/bd/bd_0/ipshared/a9c1/hdl/verilog/linear_model_HLS_LINEAR_PERIPH_BUS_s_axi.v:9]
INFO: [Synth 8-6157] synthesizing module 'linear_model_mul_32s_32s_32_2_1' [d:/ELEC_522/FpgaEx/Fpga_hls/hls_component_lreg/linear_model/hls/impl/verilog/project.gen/sources_1/bd/bd_0/ipshared/a9c1/hdl/verilog/linear_model_mul_32s_32s_32_2_1.v:5]
INFO: [Synth 8-6155] done synthesizing module 'linear_model_mul_32s_32s_32_2_1' (0#1) [d:/ELEC_522/FpgaEx/Fpga_hls/hls_component_lreg/linear_model/hls/impl/verilog/project.gen/sources_1/bd/bd_0/ipshared/a9c1/hdl/verilog/linear_model_mul_32s_32s_32_2_1.v:5]
INFO: [Synth 8-6155] done synthesizing module 'linear_model' (0#1) [d:/ELEC_522/FpgaEx/Fpga_hls/hls_component_lreg/linear_model/hls/impl/verilog/project.gen/sources_1/bd/bd_0/ipshared/a9c1/hdl/verilog/linear_model.v:9]
INFO: [Synth 8-6155] done synthesizing module 'bd_0_hls_inst_0' (0#1) [d:/ELEC_522/FpgaEx/Fpga_hls/hls_component_lreg/linear_model/hls/impl/verilog/project.gen/sources_1/bd/bd_0/ip/bd_0_hls_inst_0/synth/bd_0_hls_inst_0.v:53]
WARNING: [Synth 8-6014] Unused sequential element int_ap_done_reg was removed.  [d:/ELEC_522/FpgaEx/Fpga_hls/hls_component_lreg/linear_model/hls/impl/verilog/project.gen/sources_1/bd/bd_0/ipshared/a9c1/hdl/verilog/linear_model_HLS_LINEAR_PERIPH_BUS_s_axi.v:322]
INFO: [Synth 8-4490] FSM extraction disabled for register 'ap_CS_fsm_reg' through user attribute
WARNING: [Synth 8-7129] Port reset in module linear_model_mul_32s_32s_32_2_1 is either unconnected or has no load
WARNING: [Synth 8-7129] Port AWADDR[1] in module linear_model_HLS_LINEAR_PERIPH_BUS_s_axi is either unconnected or has no load
WARNING: [Synth 8-7129] Port AWADDR[0] in module linear_model_HLS_LINEAR_PERIPH_BUS_s_axi is either unconnected or has no load
---------------------------------------------------------------------------------
Finished RTL Elaboration : Time (s): cpu = 00:00:10 ; elapsed = 00:00:11 . Memory (MB): peak = 1361.180 ; gain = 607.242
---------------------------------------------------------------------------------
---------------------------------------------------------------------------------
Start Handling Custom Attributes
---------------------------------------------------------------------------------
---------------------------------------------------------------------------------
Finished Handling Custom Attributes : Time (s): cpu = 00:00:10 ; elapsed = 00:00:11 . Memory (MB): peak = 1361.180 ; gain = 607.242
---------------------------------------------------------------------------------
---------------------------------------------------------------------------------
Finished RTL Optimization Phase 1 : Time (s): cpu = 00:00:10 ; elapsed = 00:00:11 . Memory (MB): peak = 1361.180 ; gain = 607.242
---------------------------------------------------------------------------------
Netlist sorting complete. Time (s): cpu = 00:00:00 ; elapsed = 00:00:00.015 . Memory (MB): peak = 1361.180 ; gain = 0.000
INFO: [Project 1-570] Preparing netlist for logic optimization

Processing XDC Constraints
Initializing timing engine
Parsing XDC File [d:/ELEC_522/FpgaEx/Fpga_hls/hls_component_lreg/linear_model/hls/impl/verilog/project.gen/sources_1/bd/bd_0/ip/bd_0_hls_inst_0/constraints/linear_model_ooc.xdc] for cell 'inst'
Finished Parsing XDC File [d:/ELEC_522/FpgaEx/Fpga_hls/hls_component_lreg/linear_model/hls/impl/verilog/project.gen/sources_1/bd/bd_0/ip/bd_0_hls_inst_0/constraints/linear_model_ooc.xdc] for cell 'inst'
Parsing XDC File [D:/ELEC_522/FpgaEx/Fpga_hls/hls_component_lreg/linear_model/hls/impl/verilog/project.runs/bd_0_hls_inst_0_synth_1/dont_touch.xdc]
Finished Parsing XDC File [D:/ELEC_522/FpgaEx/Fpga_hls/hls_component_lreg/linear_model/hls/impl/verilog/project.runs/bd_0_hls_inst_0_synth_1/dont_touch.xdc]
Completed Processing XDC Constraints

Netlist sorting complete. Time (s): cpu = 00:00:00 ; elapsed = 00:00:00 . Memory (MB): peak = 1410.117 ; gain = 0.000
INFO: [Project 1-111] Unisim Transformation Summary:
No Unisim elements were transformed.

Constraint Validation Runtime : Time (s): cpu = 00:00:00 ; elapsed = 00:00:00.040 . Memory (MB): peak = 1414.559 ; gain = 4.441
INFO: [Designutils 20-5008] Incremental synthesis strategy off
---------------------------------------------------------------------------------
Finished Constraint Validation : Time (s): cpu = 00:00:22 ; elapsed = 00:00:23 . Memory (MB): peak = 1414.559 ; gain = 660.621
---------------------------------------------------------------------------------
---------------------------------------------------------------------------------
Start Loading Part and Timing Information
---------------------------------------------------------------------------------
Loading part: xc7z020clg484-1
---------------------------------------------------------------------------------
Finished Loading Part and Timing Information : Time (s): cpu = 00:00:22 ; elapsed = 00:00:23 . Memory (MB): peak = 1414.559 ; gain = 660.621
---------------------------------------------------------------------------------
---------------------------------------------------------------------------------
Start Applying 'set_property' XDC Constraints
---------------------------------------------------------------------------------
---------------------------------------------------------------------------------
Finished applying 'set_property' XDC Constraints : Time (s): cpu = 00:00:22 ; elapsed = 00:00:23 . Memory (MB): peak = 1414.559 ; gain = 660.621
---------------------------------------------------------------------------------
INFO: [Synth 8-802] inferred FSM for state register 'wstate_reg' in module 'linear_model_HLS_LINEAR_PERIPH_BUS_s_axi'
INFO: [Synth 8-802] inferred FSM for state register 'rstate_reg' in module 'linear_model_HLS_LINEAR_PERIPH_BUS_s_axi'
INFO: [Synth 8-4490] FSM extraction disabled for register 'ap_CS_fsm_reg' through user attribute
INFO: [Synth 8-4490] FSM extraction disabled for register 'ap_CS_fsm_reg' through user attribute
---------------------------------------------------------------------------------------------------
                   State |                     New Encoding |                Previous Encoding 
---------------------------------------------------------------------------------------------------
                  iSTATE |                             0001 |                               11
*
                  WRIDLE |                             0010 |                               00
                  WRDATA |                             0100 |                               01
                  WRRESP |                             1000 |                               10
---------------------------------------------------------------------------------------------------
INFO: [Synth 8-3354] encoded FSM with state register 'wstate_reg' using encoding 'one-hot' in module 'linear_model_HLS_LINEAR_PERIPH_BUS_s_axi'
---------------------------------------------------------------------------------------------------
                   State |                     New Encoding |                Previous Encoding 
---------------------------------------------------------------------------------------------------
                  iSTATE |                              001 |                               10
*
                  RDIDLE |                              010 |                               00
                  RDDATA |                              100 |                               01
---------------------------------------------------------------------------------------------------
INFO: [Synth 8-3354] encoded FSM with state register 'rstate_reg' using encoding 'one-hot' in module 'linear_model_HLS_LINEAR_PERIPH_BUS_s_axi'
---------------------------------------------------------------------------------
Finished RTL Optimization Phase 2 : Time (s): cpu = 00:00:22 ; elapsed = 00:00:24 . Memory (MB): peak = 1414.559 ; gain = 660.621
---------------------------------------------------------------------------------
---------------------------------------------------------------------------------
Start RTL Component Statistics 
---------------------------------------------------------------------------------
Detailed RTL Component Info : 
+---Adders : 
	   2 Input   32 Bit       Adders := 1     
+---XORs : 
	   2 Input      1 Bit         XORs := 2     
+---Registers : 
	               32 Bit    Registers := 8     
	               16 Bit    Registers := 1     
	                6 Bit    Registers := 1     
	                3 Bit    Registers := 1     
	                2 Bit    Registers := 1     
	                1 Bit    Registers := 12    
+---Multipliers : 
	              32x32  Multipliers := 1     
+---Muxes : 
	   4 Input    4 Bit        Muxes := 1     
	   2 Input    4 Bit        Muxes := 3     
	   3 Input    3 Bit        Muxes := 1     
	   2 Input    3 Bit        Muxes := 2     
	   4 Input    3 Bit        Muxes := 1     
	   2 Input    2 Bit        Muxes := 1     
	   2 Input    1 Bit        Muxes := 5     
---------------------------------------------------------------------------------
Finished RTL Component Statistics 
---------------------------------------------------------------------------------
---------------------------------------------------------------------------------
Start Part Resource Summary
---------------------------------------------------------------------------------
Part Resources:
DSPs: 220 (col length:60)
BRAMs: 280 (col length: RAMB18 60 RAMB36 30)
---------------------------------------------------------------------------------
Finished Part Resource Summary
---------------------------------------------------------------------------------
---------------------------------------------------------------------------------
Start Cross Boundary and Area Optimization
---------------------------------------------------------------------------------
WARNING: [Synth 8-7080] Parallel synthesis criteria is not met
DSP Report: Generating DSP mul_32s_32s_32_2_1_U1/tmp_product, operation Mode is: A2*B.
DSP Report: register mul_32s_32s_32_2_1_U1/tmp_product is absorbed into DSP mul_32s_32s_32_2_1_U1/tmp_product.
DSP Report: operator mul_32s_32s_32_2_1_U1/tmp_product is absorbed into DSP mul_32s_32s_32_2_1_U1/tmp_product.
DSP Report: operator mul_32s_32s_32_2_1_U1/tmp_product is absorbed into DSP mul_32s_32s_32_2_1_U1/tmp_product.
DSP Report: Generating DSP mul_32s_32s_32_2_1_U1/buff0_reg, operation Mode is: (PCIN>>17)+A*B.
DSP Report: register mul_32s_32s_32_2_1_U1/buff0_reg is absorbed into DSP mul_32s_32s_32_2_1_U1/buff0_reg.
DSP Report: operator mul_32s_32s_32_2_1_U1/tmp_product is absorbed into DSP mul_32s_32s_32_2_1_U1/buff0_reg.
DSP Report: operator mul_32s_32s_32_2_1_U1/tmp_product is absorbed into DSP mul_32s_32s_32_2_1_U1/buff0_reg.
DSP Report: Generating DSP mul_32s_32s_32_2_1_U1/tmp_product, operation Mode is: A2*B2.
DSP Report: register mul_32s_32s_32_2_1_U1/tmp_product is absorbed into DSP mul_32s_32s_32_2_1_U1/tmp_product.
DSP Report: register mul_32s_32s_32_2_1_U1/tmp_product is absorbed into DSP mul_32s_32s_32_2_1_U1/tmp_product.
DSP Report: operator mul_32s_32s_32_2_1_U1/tmp_product is absorbed into DSP mul_32s_32s_32_2_1_U1/tmp_product.
DSP Report: operator mul_32s_32s_32_2_1_U1/tmp_product is absorbed into DSP mul_32s_32s_32_2_1_U1/tmp_product.
DSP Report: Generating DSP mul_32s_32s_32_2_1_U1/buff0_reg, operation Mode is: (PCIN>>17)+A2*B.
DSP Report: register mul_32s_32s_32_2_1_U1/buff0_reg is absorbed into DSP mul_32s_32s_32_2_1_U1/buff0_reg.
DSP Report: register mul_32s_32s_32_2_1_U1/buff0_reg is absorbed into DSP mul_32s_32s_32_2_1_U1/buff0_reg.
DSP Report: operator mul_32s_32s_32_2_1_U1/tmp_product is absorbed into DSP mul_32s_32s_32_2_1_U1/buff0_reg.
DSP Report: operator mul_32s_32s_32_2_1_U1/tmp_product is absorbed into DSP mul_32s_32s_32_2_1_U1/buff0_reg.
WARNING: [Synth 8-7129] Port s_axi_HLS_LINEAR_PERIPH_BUS_AWADDR[1] in module linear_model is either unconnected or has no load
WARNING: [Synth 8-7129] Port s_axi_HLS_LINEAR_PERIPH_BUS_AWADDR[0] in module linear_model is either unconnected or has no load
WARNING: [Synth 8-3332] Sequential element (HLS_LINEAR_PERIPH_BUS_s_axi_U/FSM_onehot_wstate_reg[0]) is unused and will be removed from module linear_model.
WARNING: [Synth 8-3332] Sequential element (HLS_LINEAR_PERIPH_BUS_s_axi_U/FSM_onehot_rstate_reg[0]) is unused and will be removed from module linear_model.
WARNING: [Synth 8-3332] Sequential element (mul_32s_32s_32_2_1_U1/buff0_reg[47]) is unused and will be removed from module linear_model.
WARNING: [Synth 8-3332] Sequential element (mul_32s_32s_32_2_1_U1/buff0_reg[46]) is unused and will be removed from module linear_model.
WARNING: [Synth 8-3332] Sequential element (mul_32s_32s_32_2_1_U1/buff0_reg[45]) is unused and will be removed from module linear_model.
WARNING: [Synth 8-3332] Sequential element (mul_32s_32s_32_2_1_U1/buff0_reg[44]) is unused and will be removed from module linear_model.
WARNING: [Synth 8-3332] Sequential element (mul_32s_32s_32_2_1_U1/buff0_reg[43]) is unused and will be removed from module linear_model.
WARNING: [Synth 8-3332] Sequential element (mul_32s_32s_32_2_1_U1/buff0_reg[42]) is unused and will be removed from module linear_model.
WARNING: [Synth 8-3332] Sequential element (mul_32s_32s_32_2_1_U1/buff0_reg[41]) is unused and will be removed from module linear_model.
WARNING: [Synth 8-3332] Sequential element (mul_32s_32s_32_2_1_U1/buff0_reg[40]) is unused and will be removed from module linear_model.
WARNING: [Synth 8-3332] Sequential element (mul_32s_32s_32_2_1_U1/buff0_reg[39]) is unused and will be removed from module linear_model.
WARNING: [Synth 8-3332] Sequential element (mul_32s_32s_32_2_1_U1/buff0_reg[38]) is unused and will be removed from module linear_model.
WARNING: [Synth 8-3332] Sequential element (mul_32s_32s_32_2_1_U1/buff0_reg[37]) is unused and will be removed from module linear_model.
WARNING: [Synth 8-3332] Sequential element (mul_32s_32s_32_2_1_U1/buff0_reg[36]) is unused and will be removed from module linear_model.
WARNING: [Synth 8-3332] Sequential element (mul_32s_32s_32_2_1_U1/buff0_reg[35]) is unused and will be removed from module linear_model.
WARNING: [Synth 8-3332] Sequential element (mul_32s_32s_32_2_1_U1/buff0_reg[34]) is unused and will be removed from module linear_model.
WARNING: [Synth 8-3332] Sequential element (mul_32s_32s_32_2_1_U1/buff0_reg[33]) is unused and will be removed from module linear_model.
WARNING: [Synth 8-3332] Sequential element (mul_32s_32s_32_2_1_U1/buff0_reg[32]) is unused and will be removed from module linear_model.
WARNING: [Synth 8-3332] Sequential element (mul_32s_32s_32_2_1_U1/buff0_reg[31]) is unused and will be removed from module linear_model.
WARNING: [Synth 8-3332] Sequential element (mul_32s_32s_32_2_1_U1/buff0_reg[30]) is unused and will be removed from module linear_model.
WARNING: [Synth 8-3332] Sequential element (mul_32s_32s_32_2_1_U1/buff0_reg[29]) is unused and will be removed from module linear_model.
WARNING: [Synth 8-3332] Sequential element (mul_32s_32s_32_2_1_U1/buff0_reg[28]) is unused and will be removed from module linear_model.
WARNING: [Synth 8-3332] Sequential element (mul_32s_32s_32_2_1_U1/buff0_reg[27]) is unused and will be removed from module linear_model.
WARNING: [Synth 8-3332] Sequential element (mul_32s_32s_32_2_1_U1/buff0_reg[26]) is unused and will be removed from module linear_model.
WARNING: [Synth 8-3332] Sequential element (mul_32s_32s_32_2_1_U1/buff0_reg[25]) is unused and will be removed from module linear_model.
WARNING: [Synth 8-3332] Sequential element (mul_32s_32s_32_2_1_U1/buff0_reg[24]) is unused and will be removed from module linear_model.
WARNING: [Synth 8-3332] Sequential element (mul_32s_32s_32_2_1_U1/buff0_reg[23]) is unused and will be removed from module linear_model.
WARNING: [Synth 8-3332] Sequential element (mul_32s_32s_32_2_1_U1/buff0_reg[22]) is unused and will be removed from module linear_model.
WARNING: [Synth 8-3332] Sequential element (mul_32s_32s_32_2_1_U1/buff0_reg[21]) is unused and will be removed from module linear_model.
WARNING: [Synth 8-3332] Sequential element (mul_32s_32s_32_2_1_U1/buff0_reg[20]) is unused and will be removed from module linear_model.
WARNING: [Synth 8-3332] Sequential element (mul_32s_32s_32_2_1_U1/buff0_reg[19]) is unused and will be removed from module linear_model.
WARNING: [Synth 8-3332] Sequential element (mul_32s_32s_32_2_1_U1/buff0_reg[18]) is unused and will be removed from module linear_model.
WARNING: [Synth 8-3332] Sequential element (mul_32s_32s_32_2_1_U1/buff0_reg[17]) is unused and will be removed from module linear_model.
WARNING: [Synth 8-3332] Sequential element (mul_32s_32s_32_2_1_U1/buff0_reg[16]) is unused and will be removed from module linear_model.
WARNING: [Synth 8-3332] Sequential element (mul_32s_32s_32_2_1_U1/buff0_reg[15]) is unused and will be removed from module linear_model.
WARNING: [Synth 8-3332] Sequential element (mul_32s_32s_32_2_1_U1/buff0_reg[47]__0) is unused and will be removed from module linear_model.
WARNING: [Synth 8-3332] Sequential element (mul_32s_32s_32_2_1_U1/buff0_reg[46]__0) is unused and will be removed from module linear_model.
WARNING: [Synth 8-3332] Sequential element (mul_32s_32s_32_2_1_U1/buff0_reg[45]__0) is unused and will be removed from module linear_model.
WARNING: [Synth 8-3332] Sequential element (mul_32s_32s_32_2_1_U1/buff0_reg[44]__0) is unused and will be removed from module linear_model.
WARNING: [Synth 8-3332] Sequential element (mul_32s_32s_32_2_1_U1/buff0_reg[43]__0) is unused and will be removed from module linear_model.
WARNING: [Synth 8-3332] Sequential element (mul_32s_32s_32_2_1_U1/buff0_reg[42]__0) is unused and will be removed from module linear_model.
WARNING: [Synth 8-3332] Sequential element (mul_32s_32s_32_2_1_U1/buff0_reg[41]__0) is unused and will be removed from module linear_model.
WARNING: [Synth 8-3332] Sequential element (mul_32s_32s_32_2_1_U1/buff0_reg[40]__0) is unused and will be removed from module linear_model.
WARNING: [Synth 8-3332] Sequential element (mul_32s_32s_32_2_1_U1/buff0_reg[39]__0) is unused and will be removed from module linear_model.
WARNING: [Synth 8-3332] Sequential element (mul_32s_32s_32_2_1_U1/buff0_reg[38]__0) is unused and will be removed from module linear_model.
WARNING: [Synth 8-3332] Sequential element (mul_32s_32s_32_2_1_U1/buff0_reg[37]__0) is unused and will be removed from module linear_model.
WARNING: [Synth 8-3332] Sequential element (mul_32s_32s_32_2_1_U1/buff0_reg[36]__0) is unused and will be removed from module linear_model.
WARNING: [Synth 8-3332] Sequential element (mul_32s_32s_32_2_1_U1/buff0_reg[35]__0) is unused and will be removed from module linear_model.
WARNING: [Synth 8-3332] Sequential element (mul_32s_32s_32_2_1_U1/buff0_reg[34]__0) is unused and will be removed from module linear_model.
WARNING: [Synth 8-3332] Sequential element (mul_32s_32s_32_2_1_U1/buff0_reg[33]__0) is unused and will be removed from module linear_model.
WARNING: [Synth 8-3332] Sequential element (mul_32s_32s_32_2_1_U1/buff0_reg[32]__0) is unused and will be removed from module linear_model.
WARNING: [Synth 8-3332] Sequential element (mul_32s_32s_32_2_1_U1/buff0_reg[31]__0) is unused and will be removed from module linear_model.
WARNING: [Synth 8-3332] Sequential element (mul_32s_32s_32_2_1_U1/buff0_reg[30]__0) is unused and will be removed from module linear_model.
WARNING: [Synth 8-3332] Sequential element (mul_32s_32s_32_2_1_U1/buff0_reg[29]__0) is unused and will be removed from module linear_model.
WARNING: [Synth 8-3332] Sequential element (mul_32s_32s_32_2_1_U1/buff0_reg[28]__0) is unused and will be removed from module linear_model.
WARNING: [Synth 8-3332] Sequential element (mul_32s_32s_32_2_1_U1/buff0_reg[27]__0) is unused and will be removed from module linear_model.
WARNING: [Synth 8-3332] Sequential element (mul_32s_32s_32_2_1_U1/buff0_reg[26]__0) is unused and will be removed from module linear_model.
WARNING: [Synth 8-3332] Sequential element (mul_32s_32s_32_2_1_U1/buff0_reg[25]__0) is unused and will be removed from module linear_model.
WARNING: [Synth 8-3332] Sequential element (mul_32s_32s_32_2_1_U1/buff0_reg[24]__0) is unused and will be removed from module linear_model.
WARNING: [Synth 8-3332] Sequential element (mul_32s_32s_32_2_1_U1/buff0_reg[23]__0) is unused and will be removed from module linear_model.
WARNING: [Synth 8-3332] Sequential element (mul_32s_32s_32_2_1_U1/buff0_reg[22]__0) is unused and will be removed from module linear_model.
WARNING: [Synth 8-3332] Sequential element (mul_32s_32s_32_2_1_U1/buff0_reg[21]__0) is unused and will be removed from module linear_model.
WARNING: [Synth 8-3332] Sequential element (mul_32s_32s_32_2_1_U1/buff0_reg[20]__0) is unused and will be removed from module linear_model.
WARNING: [Synth 8-3332] Sequential element (mul_32s_32s_32_2_1_U1/buff0_reg[19]__0) is unused and will be removed from module linear_model.
WARNING: [Synth 8-3332] Sequential element (mul_32s_32s_32_2_1_U1/buff0_reg[18]__0) is unused and will be removed from module linear_model.
WARNING: [Synth 8-3332] Sequential element (mul_32s_32s_32_2_1_U1/buff0_reg[17]__0) is unused and will be removed from module linear_model.
---------------------------------------------------------------------------------
Finished Cross Boundary and Area Optimization : Time (s): cpu = 00:00:26 ; elapsed = 00:00:28 . Memory (MB): peak = 1421.602 ; gain = 667.664
---------------------------------------------------------------------------------
 Sort Area is  mul_32s_32s_32_2_1_U1/tmp_product_0 : 0 0 : 3137 5856 : Used 1 time 0
 Sort Area is  mul_32s_32s_32_2_1_U1/tmp_product_0 : 0 1 : 2719 5856 : Used 1 time 0
 Sort Area is  mul_32s_32s_32_2_1_U1/tmp_product_3 : 0 0 : 2652 5185 : Used 1 time 0
 Sort Area is  mul_32s_32s_32_2_1_U1/tmp_product_3 : 0 1 : 2533 5185 : Used 1 time 0
---------------------------------------------------------------------------------
Start ROM, RAM, DSP, Shift Register and Retiming Reporting
---------------------------------------------------------------------------------

DSP: Preliminary Mapping Report (see note below. The ' indicates corresponding REG is set)
+-------------+-----------------+--------+--------+--------+--------+--------+------+------+------+------+-------+------+------+
|Module Name  | DSP Mapping     | A Size | B Size | C Size | D Size | P Size | AREG | BREG | CREG | DREG | ADREG | MREG | PREG | 
+-------------+-----------------+--------+--------+--------+--------+--------+------+------+------+------+-------+------+------+
|linear_model | A2*B            | 18     | 15     | -      | -      | 48     | 1    | 0    | -    | -    | -     | 0    | 0    | 
|linear_model | (PCIN>>17)+A*B  | 15     | 15     | -      | -      | 48     | 0    | 0    | -    | -    | -     | 0    | 1    | 
|linear_model | A2*B2           | 18     | 18     | -      | -      | 48     | 1    | 1    | -    | -    | -     | 0    | 0    | 
|linear_model | (PCIN>>17)+A2*B | 18     | 15     | -      | -      | 48     | 1    | 0    | -    | -    | -     | 0    | 1    | 
+-------------+-----------------+--------+--------+--------+--------+--------+------+------+------+------+-------+------+------+

Note: The table above is a preliminary report that shows the DSPs inferred at the current stage of the synthesis flow. Some DSP may be reimplemented as non DSP primitives later in the synthesis flow. Multiple instantiated DSPs are reported only once.
---------------------------------------------------------------------------------
Finished ROM, RAM, DSP, Shift Register and Retiming Reporting
---------------------------------------------------------------------------------
---------------------------------------------------------------------------------
Start Applying XDC Timing Constraints
---------------------------------------------------------------------------------
---------------------------------------------------------------------------------
Finished Applying XDC Timing Constraints : Time (s): cpu = 00:00:39 ; elapsed = 00:00:41 . Memory (MB): peak = 1610.625 ; gain = 856.688
---------------------------------------------------------------------------------
---------------------------------------------------------------------------------
Start Timing Optimization
---------------------------------------------------------------------------------
---------------------------------------------------------------------------------
Finished Timing Optimization : Time (s): cpu = 00:00:39 ; elapsed = 00:00:41 . Memory (MB): peak = 1611.895 ; gain = 857.957
---------------------------------------------------------------------------------
---------------------------------------------------------------------------------
Start Technology Mapping
---------------------------------------------------------------------------------
---------------------------------------------------------------------------------
Finished Technology Mapping : Time (s): cpu = 00:00:40 ; elapsed = 00:00:42 . Memory (MB): peak = 1631.008 ; gain = 877.070
---------------------------------------------------------------------------------
---------------------------------------------------------------------------------
Start IO Insertion
---------------------------------------------------------------------------------
---------------------------------------------------------------------------------
Start Flattening Before IO Insertion
---------------------------------------------------------------------------------
---------------------------------------------------------------------------------
Finished Flattening Before IO Insertion
---------------------------------------------------------------------------------
---------------------------------------------------------------------------------
Start Final Netlist Cleanup
---------------------------------------------------------------------------------
---------------------------------------------------------------------------------
Finished Final Netlist Cleanup
---------------------------------------------------------------------------------
---------------------------------------------------------------------------------
Finished IO Insertion : Time (s): cpu = 00:00:46 ; elapsed = 00:00:48 . Memory (MB): peak = 1855.953 ; gain = 1102.016
---------------------------------------------------------------------------------
---------------------------------------------------------------------------------
Start Renaming Generated Instances
---------------------------------------------------------------------------------
---------------------------------------------------------------------------------
Finished Renaming Generated Instances : Time (s): cpu = 00:00:46 ; elapsed = 00:00:48 . Memory (MB): peak = 1855.953 ; gain = 1102.016
---------------------------------------------------------------------------------
---------------------------------------------------------------------------------
Start Rebuilding User Hierarchy
---------------------------------------------------------------------------------
---------------------------------------------------------------------------------
Finished Rebuilding User Hierarchy : Time (s): cpu = 00:00:46 ; elapsed = 00:00:48 . Memory (MB): peak = 1855.953 ; gain = 1102.016
---------------------------------------------------------------------------------
---------------------------------------------------------------------------------
Start Renaming Generated Ports
---------------------------------------------------------------------------------
---------------------------------------------------------------------------------
Finished Renaming Generated Ports : Time (s): cpu = 00:00:46 ; elapsed = 00:00:48 . Memory (MB): peak = 1855.953 ; gain = 1102.016
---------------------------------------------------------------------------------
---------------------------------------------------------------------------------
Start Handling Custom Attributes
---------------------------------------------------------------------------------
---------------------------------------------------------------------------------
Finished Handling Custom Attributes : Time (s): cpu = 00:00:46 ; elapsed = 00:00:48 . Memory (MB): peak = 1855.953 ; gain = 1102.016
---------------------------------------------------------------------------------
---------------------------------------------------------------------------------
Start Renaming Generated Nets
---------------------------------------------------------------------------------
---------------------------------------------------------------------------------
Finished Renaming Generated Nets : Time (s): cpu = 00:00:46 ; elapsed = 00:00:48 . Memory (MB): peak = 1855.953 ; gain = 1102.016
---------------------------------------------------------------------------------
---------------------------------------------------------------------------------
Start Writing Synthesis Report
---------------------------------------------------------------------------------

DSP Final Report (the ' indicates corresponding REG is set)
+-------------+-------------------+--------+--------+--------+--------+--------+------+------+------+------+-------+------+------+
|Module Name  | DSP Mapping       | A Size | B Size | C Size | D Size | P Size | AREG | BREG | CREG | DREG | ADREG | MREG | PREG | 
+-------------+-------------------+--------+--------+--------+--------+--------+------+------+------+------+-------+------+------+
|linear_model | (A'*B')'          | 17     | 18     | -      | -      | 48     | 1    | 1    | -    | -    | -     | 0    | 1    | 
|linear_model | A'*B'             | 17     | 17     | -      | -      | 48     | 1    | 1    | -    | -    | -     | 0    | 0    | 
|linear_model | (PCIN>>17+A'*B')' | 17     | 18     | -      | -      | 48     | 1    | 1    | -    | -    | -     | 0    | 1    | 
+-------------+-------------------+--------+--------+--------+--------+--------+------+------+------+------+-------+------+------+


Report BlackBoxes: 
+-+--------------+----------+
| |BlackBox name |Instances |
+-+--------------+----------+
+-+--------------+----------+

Report Cell Usage: 
+------+--------+------+
|      |Cell    |Count |
+------+--------+------+
|1     |CARRY4  |    12|
|2     |DSP48E1 |     3|
|4     |LUT1    |     1|
|5     |LUT2    |    51|
|6     |LUT3    |    98|
|7     |LUT4    |    11|
|8     |LUT5    |    28|
|9     |LUT6    |    46|
|10    |FDRE    |   267|
|11    |FDSE    |     1|
+------+--------+------+
---------------------------------------------------------------------------------
Finished Writing Synthesis Report : Time (s): cpu = 00:00:46 ; elapsed = 00:00:48 . Memory (MB): peak = 1855.953 ; gain = 1102.016
---------------------------------------------------------------------------------
Synthesis finished with 0 errors, 0 critical warnings and 69 warnings.
Synthesis Optimization Runtime : Time (s): cpu = 00:00:33 ; elapsed = 00:00:45 . Memory (MB): peak = 1855.953 ; gain = 1048.637
Synthesis Optimization Complete : Time (s): cpu = 00:00:46 ; elapsed = 00:00:48 . Memory (MB): peak = 1855.953 ; gain = 1102.016
INFO: [Project 1-571] Translating synthesized netlist
Netlist sorting complete. Time (s): cpu = 00:00:00 ; elapsed = 00:00:00.014 . Memory (MB): peak = 1855.953 ; gain = 0.000
INFO: [Netlist 29-17] Analyzing 15 Unisim elements for replacement
INFO: [Netlist 29-28] Unisim Transformation completed in 0 CPU seconds
INFO: [Project 1-570] Preparing netlist for logic optimization
INFO: [Opt 31-138] Pushed 0 inverter(s) to 0 load pin(s).
Netlist sorting complete. Time (s): cpu = 00:00:00 ; elapsed = 00:00:00 . Memory (MB): peak = 1858.766 ; gain = 0.000
INFO: [Project 1-111] Unisim Transformation Summary:
No Unisim elements were transformed.

Synth Design complete | Checksum: 112b4816
INFO: [Common 17-83] Releasing license: Synthesis
34 Infos, 74 Warnings, 0 Critical Warnings and 0 Errors encountered.
synth_design completed successfully
synth_design: Time (s): cpu = 00:00:52 ; elapsed = 00:00:56 . Memory (MB): peak = 1858.766 ; gain = 1327.898
Write ShapeDB Complete: Time (s): cpu = 00:00:00 ; elapsed = 00:00:00.003 . Memory (MB): peak = 1858.766 ; gain = 0.000
INFO: [Common 17-1381] The checkpoint 'D:/ELEC_522/FpgaEx/Fpga_hls/hls_component_lreg/linear_model/hls/impl/verilog/project.runs/bd_0_hls_inst_0_synth_1/bd_0_hls_inst_0.dcp' has been generated.
INFO: [Coretcl 2-1648] Added synthesis output to IP cache for IP bd_0_hls_inst_0, cache-ID = 4d2b0f0900b42c58
INFO: [Coretcl 2-1174] Renamed 3 cell refs.
Write ShapeDB Complete: Time (s): cpu = 00:00:00 ; elapsed = 00:00:00.003 . Memory (MB): peak = 1858.766 ; gain = 0.000
INFO: [Common 17-1381] The checkpoint 'D:/ELEC_522/FpgaEx/Fpga_hls/hls_component_lreg/linear_model/hls/impl/verilog/project.runs/bd_0_hls_inst_0_synth_1/bd_0_hls_inst_0.dcp' has been generated.
INFO: [Vivado 12-24828] Executing command : report_utilization -file bd_0_hls_inst_0_utilization_synth.rpt -pb bd_0_hls_inst_0_utilization_synth.pb
INFO: [Common 17-206] Exiting Vivado at Tue Jun 30 10:33:36 2026...
