================================================================
== Vivado Place & Route Results
================================================================
+ General Information:
    * Date:            Wed Jun 24 14:10:12 -0500 2026
    * Version:         2025.1 (Build 6135595 on May 21 2025)
    * Project:         t_int
    * Solution:        hls (Vivado IP Flow Target)
    * Product family:  zynq
    * Target device:   xc7z020-clg484-1


================================================================
== Run Constraints & Options
================================================================
+ Design Constraints & Options:
    * Place & Route target clock:  10 ns
    * C-Synthesis target clock:    10 ns
    * C-Synthesis uncertainty:     2 ns

+ RTL Synthesis Options:
    * config_export -vivado_synth_strategy:     default
    * config_export -vivado_synth_design_args:  -directive sdx_optimization_effort_high

+ Place & Route Options:
    * config_export -vivado_impl_strategy:  default
    * config_export -vivado_phys_opt:       auto

+ Reporting Options:
    * config_export -vivado_report_level:      2
    * config_export -vivado_max_timing_paths:  10


================================================================
== Place & Route Resource Summary
================================================================
LUT:              477
FF:               443
DSP:              0
BRAM:             0
URAM:             0
SRL:              0


================================================================
== Place & Route Timing Summary
================================================================
* Timing was met
+----------------+-------------+
| Timing         | Period (ns) |
+----------------+-------------+
| Target         | 10.000      |
| Post-Synthesis | 4.233       |
| Post-Route     | 4.866       |
+----------------+-------------+


================================================================
== Place & Route Resources
================================================================
+----------------------------------+-----+-----+-----+------+------+-----+--------+------+---------+----------+--------+
| Name                             | LUT | FF  | DSP | BRAM | URAM | SRL | Pragma | Impl | Latency | Variable | Source |
+----------------------------------+-----+-----+-----+------+------+-----+--------+------+---------+----------+--------+
| inst                             | 477 | 443 |     |      |      |     |        |      |         |          |        |
|   (inst)                         |     | 98  |     |      |      |     |        |      |         |          |        |
|   HLS_TREEADD_PERIPH_BUS_s_axi_U | 477 | 345 |     |      |      |     |        |      |         |          |        |
+----------------------------------+-----+-----+-----+------+------+-----+--------+------+---------+----------+--------+


================================================================
== Place & Route Fail Fast
================================================================
+-----------------------------------------------------------+-----------+--------+--------+
| Criteria                                                  | Guideline | Actual | Status |
+-----------------------------------------------------------+-----------+--------+--------+
| LUT                                                       | 70%       | 0.90%  | OK     |
| FD                                                        | 50%       | 0.42%  | OK     |
| LUTRAM+SRL                                                | 25%       | 0.00%  | OK     |
| MUXF7                                                     | 15%       | 0.11%  | OK     |
| DSP                                                       | 80%       | 0.00%  | OK     |
| RAMB/FIFO                                                 | 80%       | 0.00%  | OK     |
| DSP+RAMB+URAM (Avg)                                       | 70%       | 0.00%  | OK     |
| BUFGCE* + BUFGCTRL                                        | 24        | 0      | OK     |
| DONT_TOUCH (cells/nets)                                   | 0         | 0      | OK     |
| MARK_DEBUG (nets)                                         | 0         | 0      | OK     |
| Control Sets                                              | 998       | 14     | OK     |
| Average Fanout for modules > 100k cells                   | 4         | 2.38   | OK     |
| Max Average Fanout for modules > 100k cells               | 4         | 0      | OK     |
| Non-FD high fanout nets > 10k loads                       | 0         | 0      | OK     |
+-----------------------------------------------------------+-----------+--------+--------+
| TIMING-6 (No common primary clock between related clocks) | 0         | 0      | OK     |
| TIMING-7 (No common node between related clocks)          | 0         | 0      | OK     |
| TIMING-8 (No common period between related clocks)        | 0         | 0      | OK     |
| TIMING-14 (LUT on the clock tree)                         | 0         | 0      | OK     |
| TIMING-35 (No common node in paths with the same clock)   | 0         | 0      | OK     |
+-----------------------------------------------------------+-----------+--------+--------+
| Number of paths above max LUT budgeting (0.575ns)         | 0         | 0      | OK     |
| Number of paths above max Net budgeting (0.403ns)         | 0         | 0      | OK     |
+-----------------------------------------------------------+-----------+--------+--------+


================================================================
== Place & Route Timing Paths
================================================================
* Timing was met
+-------+-------+-----------------------------------------------------------+-------------------------------------------------+--------------+------------+----------------+----------------+--------------+
| Path  | SLACK | STARTPOINT PIN                                            | ENDPOINT PIN                                    | LOGIC LEVELS | MAX FANOUT | DATAPATH DELAY | DATAPATH LOGIC | DATAPATH NET |
|       |       |                                                           |                                                 |              |            |                |          DELAY |        DELAY |
+-------+-------+-----------------------------------------------------------+-------------------------------------------------+--------------+------------+----------------+----------------+--------------+
| Path1 | 5.134 | HLS_TREEADD_PERIPH_BUS_s_axi_U/FSM_onehot_rstate_reg[1]/C | HLS_TREEADD_PERIPH_BUS_s_axi_U/rdata_reg[11]/CE |            1 |         33 |          4.374 |          0.610 |        3.764 |
| Path2 | 5.188 | HLS_TREEADD_PERIPH_BUS_s_axi_U/int_h_reg[2]/C             | add_ln43_5_reg_183_reg[29]/D                    |           11 |          5 |          4.790 |          2.561 |        2.229 |
| Path3 | 5.209 | HLS_TREEADD_PERIPH_BUS_s_axi_U/int_h_reg[2]/C             | add_ln43_5_reg_183_reg[31]/D                    |           11 |          5 |          4.769 |          2.540 |        2.229 |
| Path4 | 5.283 | HLS_TREEADD_PERIPH_BUS_s_axi_U/int_h_reg[2]/C             | add_ln43_5_reg_183_reg[30]/D                    |           11 |          5 |          4.695 |          2.466 |        2.229 |
| Path5 | 5.299 | HLS_TREEADD_PERIPH_BUS_s_axi_U/int_h_reg[2]/C             | add_ln43_5_reg_183_reg[28]/D                    |           11 |          5 |          4.679 |          2.450 |        2.229 |
+-------+-------+-----------------------------------------------------------+-------------------------------------------------+--------------+------------+----------------+----------------+--------------+

    +---------------------------------------------------------------+----------------------+
    | Path1 Cells                                                   | Primitive Type       |
    +---------------------------------------------------------------+----------------------+
    | HLS_TREEADD_PERIPH_BUS_s_axi_U/FSM_onehot_rstate_reg[1]       | FLOP_LATCH.flop.FDRE |
    | HLS_TREEADD_PERIPH_BUS_s_axi_U/rdata[31]_i_2                  | LUT.others.LUT2      |
    | HLS_TREEADD_PERIPH_BUS_s_axi_U/rdata_reg[11]                  | FLOP_LATCH.flop.FDRE |
    | HLS_TREEADD_PERIPH_BUS_s_axi_U/int_h_reg[2]                   | FLOP_LATCH.flop.FDRE |
    | HLS_TREEADD_PERIPH_BUS_s_axi_U/add_ln43_5_reg_183[3]_i_9      | LUT.others.LUT3      |
    | HLS_TREEADD_PERIPH_BUS_s_axi_U/add_ln43_5_reg_183[3]_i_2      | LUT.others.LUT5      |
    | HLS_TREEADD_PERIPH_BUS_s_axi_U/add_ln43_5_reg_183[3]_i_5      | LUT.others.LUT6      |
    | HLS_TREEADD_PERIPH_BUS_s_axi_U/add_ln43_5_reg_183_reg[3]_i_1  | CARRY.others.CARRY4  |
    | HLS_TREEADD_PERIPH_BUS_s_axi_U/add_ln43_5_reg_183_reg[7]_i_1  | CARRY.others.CARRY4  |
    | HLS_TREEADD_PERIPH_BUS_s_axi_U/add_ln43_5_reg_183_reg[11]_i_1 | CARRY.others.CARRY4  |
    | HLS_TREEADD_PERIPH_BUS_s_axi_U/add_ln43_5_reg_183_reg[15]_i_1 | CARRY.others.CARRY4  |
    | HLS_TREEADD_PERIPH_BUS_s_axi_U/add_ln43_5_reg_183_reg[19]_i_1 | CARRY.others.CARRY4  |
    | HLS_TREEADD_PERIPH_BUS_s_axi_U/add_ln43_5_reg_183_reg[23]_i_1 | CARRY.others.CARRY4  |
    | HLS_TREEADD_PERIPH_BUS_s_axi_U/add_ln43_5_reg_183_reg[27]_i_1 | CARRY.others.CARRY4  |
    | HLS_TREEADD_PERIPH_BUS_s_axi_U/add_ln43_5_reg_183_reg[31]_i_1 | CARRY.others.CARRY4  |
    | add_ln43_5_reg_183_reg[29]                                    | FLOP_LATCH.flop.FDRE |
    | HLS_TREEADD_PERIPH_BUS_s_axi_U/int_h_reg[2]                   | FLOP_LATCH.flop.FDRE |
    | HLS_TREEADD_PERIPH_BUS_s_axi_U/add_ln43_5_reg_183[3]_i_9      | LUT.others.LUT3      |
    | HLS_TREEADD_PERIPH_BUS_s_axi_U/add_ln43_5_reg_183[3]_i_2      | LUT.others.LUT5      |
    | HLS_TREEADD_PERIPH_BUS_s_axi_U/add_ln43_5_reg_183[3]_i_5      | LUT.others.LUT6      |
    | HLS_TREEADD_PERIPH_BUS_s_axi_U/add_ln43_5_reg_183_reg[3]_i_1  | CARRY.others.CARRY4  |
    | HLS_TREEADD_PERIPH_BUS_s_axi_U/add_ln43_5_reg_183_reg[7]_i_1  | CARRY.others.CARRY4  |
    | HLS_TREEADD_PERIPH_BUS_s_axi_U/add_ln43_5_reg_183_reg[11]_i_1 | CARRY.others.CARRY4  |
    | HLS_TREEADD_PERIPH_BUS_s_axi_U/add_ln43_5_reg_183_reg[15]_i_1 | CARRY.others.CARRY4  |
    | HLS_TREEADD_PERIPH_BUS_s_axi_U/add_ln43_5_reg_183_reg[19]_i_1 | CARRY.others.CARRY4  |
    | HLS_TREEADD_PERIPH_BUS_s_axi_U/add_ln43_5_reg_183_reg[23]_i_1 | CARRY.others.CARRY4  |
    | HLS_TREEADD_PERIPH_BUS_s_axi_U/add_ln43_5_reg_183_reg[27]_i_1 | CARRY.others.CARRY4  |
    | HLS_TREEADD_PERIPH_BUS_s_axi_U/add_ln43_5_reg_183_reg[31]_i_1 | CARRY.others.CARRY4  |
    | add_ln43_5_reg_183_reg[31]                                    | FLOP_LATCH.flop.FDRE |
    | HLS_TREEADD_PERIPH_BUS_s_axi_U/int_h_reg[2]                   | FLOP_LATCH.flop.FDRE |
    | HLS_TREEADD_PERIPH_BUS_s_axi_U/add_ln43_5_reg_183[3]_i_9      | LUT.others.LUT3      |
    | HLS_TREEADD_PERIPH_BUS_s_axi_U/add_ln43_5_reg_183[3]_i_2      | LUT.others.LUT5      |
    | HLS_TREEADD_PERIPH_BUS_s_axi_U/add_ln43_5_reg_183[3]_i_5      | LUT.others.LUT6      |
    | HLS_TREEADD_PERIPH_BUS_s_axi_U/add_ln43_5_reg_183_reg[3]_i_1  | CARRY.others.CARRY4  |
    | HLS_TREEADD_PERIPH_BUS_s_axi_U/add_ln43_5_reg_183_reg[7]_i_1  | CARRY.others.CARRY4  |
    | HLS_TREEADD_PERIPH_BUS_s_axi_U/add_ln43_5_reg_183_reg[11]_i_1 | CARRY.others.CARRY4  |
    | HLS_TREEADD_PERIPH_BUS_s_axi_U/add_ln43_5_reg_183_reg[15]_i_1 | CARRY.others.CARRY4  |
    | HLS_TREEADD_PERIPH_BUS_s_axi_U/add_ln43_5_reg_183_reg[19]_i_1 | CARRY.others.CARRY4  |
    | HLS_TREEADD_PERIPH_BUS_s_axi_U/add_ln43_5_reg_183_reg[23]_i_1 | CARRY.others.CARRY4  |
    | HLS_TREEADD_PERIPH_BUS_s_axi_U/add_ln43_5_reg_183_reg[27]_i_1 | CARRY.others.CARRY4  |
    | HLS_TREEADD_PERIPH_BUS_s_axi_U/add_ln43_5_reg_183_reg[31]_i_1 | CARRY.others.CARRY4  |
    | add_ln43_5_reg_183_reg[30]                                    | FLOP_LATCH.flop.FDRE |
    | HLS_TREEADD_PERIPH_BUS_s_axi_U/int_h_reg[2]                   | FLOP_LATCH.flop.FDRE |
    | HLS_TREEADD_PERIPH_BUS_s_axi_U/add_ln43_5_reg_183[3]_i_9      | LUT.others.LUT3      |
    | HLS_TREEADD_PERIPH_BUS_s_axi_U/add_ln43_5_reg_183[3]_i_2      | LUT.others.LUT5      |
    | HLS_TREEADD_PERIPH_BUS_s_axi_U/add_ln43_5_reg_183[3]_i_5      | LUT.others.LUT6      |
    | HLS_TREEADD_PERIPH_BUS_s_axi_U/add_ln43_5_reg_183_reg[3]_i_1  | CARRY.others.CARRY4  |
    | HLS_TREEADD_PERIPH_BUS_s_axi_U/add_ln43_5_reg_183_reg[7]_i_1  | CARRY.others.CARRY4  |
    | HLS_TREEADD_PERIPH_BUS_s_axi_U/add_ln43_5_reg_183_reg[11]_i_1 | CARRY.others.CARRY4  |
    | HLS_TREEADD_PERIPH_BUS_s_axi_U/add_ln43_5_reg_183_reg[15]_i_1 | CARRY.others.CARRY4  |
    | HLS_TREEADD_PERIPH_BUS_s_axi_U/add_ln43_5_reg_183_reg[19]_i_1 | CARRY.others.CARRY4  |
    | HLS_TREEADD_PERIPH_BUS_s_axi_U/add_ln43_5_reg_183_reg[23]_i_1 | CARRY.others.CARRY4  |
    | HLS_TREEADD_PERIPH_BUS_s_axi_U/add_ln43_5_reg_183_reg[27]_i_1 | CARRY.others.CARRY4  |
    | HLS_TREEADD_PERIPH_BUS_s_axi_U/add_ln43_5_reg_183_reg[31]_i_1 | CARRY.others.CARRY4  |
    | add_ln43_5_reg_183_reg[28]                                    | FLOP_LATCH.flop.FDRE |
    +---------------------------------------------------------------+----------------------+

    +---------------------------------------------------------------+----------------------+
    | Path2 Cells                                                   | Primitive Type       |
    +---------------------------------------------------------------+----------------------+
    | HLS_TREEADD_PERIPH_BUS_s_axi_U/FSM_onehot_rstate_reg[1]       | FLOP_LATCH.flop.FDRE |
    | HLS_TREEADD_PERIPH_BUS_s_axi_U/rdata[31]_i_2                  | LUT.others.LUT2      |
    | HLS_TREEADD_PERIPH_BUS_s_axi_U/rdata_reg[11]                  | FLOP_LATCH.flop.FDRE |
    | HLS_TREEADD_PERIPH_BUS_s_axi_U/int_h_reg[2]                   | FLOP_LATCH.flop.FDRE |
    | HLS_TREEADD_PERIPH_BUS_s_axi_U/add_ln43_5_reg_183[3]_i_9      | LUT.others.LUT3      |
    | HLS_TREEADD_PERIPH_BUS_s_axi_U/add_ln43_5_reg_183[3]_i_2      | LUT.others.LUT5      |
    | HLS_TREEADD_PERIPH_BUS_s_axi_U/add_ln43_5_reg_183[3]_i_5      | LUT.others.LUT6      |
    | HLS_TREEADD_PERIPH_BUS_s_axi_U/add_ln43_5_reg_183_reg[3]_i_1  | CARRY.others.CARRY4  |
    | HLS_TREEADD_PERIPH_BUS_s_axi_U/add_ln43_5_reg_183_reg[7]_i_1  | CARRY.others.CARRY4  |
    | HLS_TREEADD_PERIPH_BUS_s_axi_U/add_ln43_5_reg_183_reg[11]_i_1 | CARRY.others.CARRY4  |
    | HLS_TREEADD_PERIPH_BUS_s_axi_U/add_ln43_5_reg_183_reg[15]_i_1 | CARRY.others.CARRY4  |
    | HLS_TREEADD_PERIPH_BUS_s_axi_U/add_ln43_5_reg_183_reg[19]_i_1 | CARRY.others.CARRY4  |
    | HLS_TREEADD_PERIPH_BUS_s_axi_U/add_ln43_5_reg_183_reg[23]_i_1 | CARRY.others.CARRY4  |
    | HLS_TREEADD_PERIPH_BUS_s_axi_U/add_ln43_5_reg_183_reg[27]_i_1 | CARRY.others.CARRY4  |
    | HLS_TREEADD_PERIPH_BUS_s_axi_U/add_ln43_5_reg_183_reg[31]_i_1 | CARRY.others.CARRY4  |
    | add_ln43_5_reg_183_reg[29]                                    | FLOP_LATCH.flop.FDRE |
    | HLS_TREEADD_PERIPH_BUS_s_axi_U/int_h_reg[2]                   | FLOP_LATCH.flop.FDRE |
    | HLS_TREEADD_PERIPH_BUS_s_axi_U/add_ln43_5_reg_183[3]_i_9      | LUT.others.LUT3      |
    | HLS_TREEADD_PERIPH_BUS_s_axi_U/add_ln43_5_reg_183[3]_i_2      | LUT.others.LUT5      |
    | HLS_TREEADD_PERIPH_BUS_s_axi_U/add_ln43_5_reg_183[3]_i_5      | LUT.others.LUT6      |
    | HLS_TREEADD_PERIPH_BUS_s_axi_U/add_ln43_5_reg_183_reg[3]_i_1  | CARRY.others.CARRY4  |
    | HLS_TREEADD_PERIPH_BUS_s_axi_U/add_ln43_5_reg_183_reg[7]_i_1  | CARRY.others.CARRY4  |
    | HLS_TREEADD_PERIPH_BUS_s_axi_U/add_ln43_5_reg_183_reg[11]_i_1 | CARRY.others.CARRY4  |
    | HLS_TREEADD_PERIPH_BUS_s_axi_U/add_ln43_5_reg_183_reg[15]_i_1 | CARRY.others.CARRY4  |
    | HLS_TREEADD_PERIPH_BUS_s_axi_U/add_ln43_5_reg_183_reg[19]_i_1 | CARRY.others.CARRY4  |
    | HLS_TREEADD_PERIPH_BUS_s_axi_U/add_ln43_5_reg_183_reg[23]_i_1 | CARRY.others.CARRY4  |
    | HLS_TREEADD_PERIPH_BUS_s_axi_U/add_ln43_5_reg_183_reg[27]_i_1 | CARRY.others.CARRY4  |
    | HLS_TREEADD_PERIPH_BUS_s_axi_U/add_ln43_5_reg_183_reg[31]_i_1 | CARRY.others.CARRY4  |
    | add_ln43_5_reg_183_reg[31]                                    | FLOP_LATCH.flop.FDRE |
    | HLS_TREEADD_PERIPH_BUS_s_axi_U/int_h_reg[2]                   | FLOP_LATCH.flop.FDRE |
    | HLS_TREEADD_PERIPH_BUS_s_axi_U/add_ln43_5_reg_183[3]_i_9      | LUT.others.LUT3      |
    | HLS_TREEADD_PERIPH_BUS_s_axi_U/add_ln43_5_reg_183[3]_i_2      | LUT.others.LUT5      |
    | HLS_TREEADD_PERIPH_BUS_s_axi_U/add_ln43_5_reg_183[3]_i_5      | LUT.others.LUT6      |
    | HLS_TREEADD_PERIPH_BUS_s_axi_U/add_ln43_5_reg_183_reg[3]_i_1  | CARRY.others.CARRY4  |
    | HLS_TREEADD_PERIPH_BUS_s_axi_U/add_ln43_5_reg_183_reg[7]_i_1  | CARRY.others.CARRY4  |
    | HLS_TREEADD_PERIPH_BUS_s_axi_U/add_ln43_5_reg_183_reg[11]_i_1 | CARRY.others.CARRY4  |
    | HLS_TREEADD_PERIPH_BUS_s_axi_U/add_ln43_5_reg_183_reg[15]_i_1 | CARRY.others.CARRY4  |
    | HLS_TREEADD_PERIPH_BUS_s_axi_U/add_ln43_5_reg_183_reg[19]_i_1 | CARRY.others.CARRY4  |
    | HLS_TREEADD_PERIPH_BUS_s_axi_U/add_ln43_5_reg_183_reg[23]_i_1 | CARRY.others.CARRY4  |
    | HLS_TREEADD_PERIPH_BUS_s_axi_U/add_ln43_5_reg_183_reg[27]_i_1 | CARRY.others.CARRY4  |
    | HLS_TREEADD_PERIPH_BUS_s_axi_U/add_ln43_5_reg_183_reg[31]_i_1 | CARRY.others.CARRY4  |
    | add_ln43_5_reg_183_reg[30]                                    | FLOP_LATCH.flop.FDRE |
    | HLS_TREEADD_PERIPH_BUS_s_axi_U/int_h_reg[2]                   | FLOP_LATCH.flop.FDRE |
    | HLS_TREEADD_PERIPH_BUS_s_axi_U/add_ln43_5_reg_183[3]_i_9      | LUT.others.LUT3      |
    | HLS_TREEADD_PERIPH_BUS_s_axi_U/add_ln43_5_reg_183[3]_i_2      | LUT.others.LUT5      |
    | HLS_TREEADD_PERIPH_BUS_s_axi_U/add_ln43_5_reg_183[3]_i_5      | LUT.others.LUT6      |
    | HLS_TREEADD_PERIPH_BUS_s_axi_U/add_ln43_5_reg_183_reg[3]_i_1  | CARRY.others.CARRY4  |
    | HLS_TREEADD_PERIPH_BUS_s_axi_U/add_ln43_5_reg_183_reg[7]_i_1  | CARRY.others.CARRY4  |
    | HLS_TREEADD_PERIPH_BUS_s_axi_U/add_ln43_5_reg_183_reg[11]_i_1 | CARRY.others.CARRY4  |
    | HLS_TREEADD_PERIPH_BUS_s_axi_U/add_ln43_5_reg_183_reg[15]_i_1 | CARRY.others.CARRY4  |
    | HLS_TREEADD_PERIPH_BUS_s_axi_U/add_ln43_5_reg_183_reg[19]_i_1 | CARRY.others.CARRY4  |
    | HLS_TREEADD_PERIPH_BUS_s_axi_U/add_ln43_5_reg_183_reg[23]_i_1 | CARRY.others.CARRY4  |
    | HLS_TREEADD_PERIPH_BUS_s_axi_U/add_ln43_5_reg_183_reg[27]_i_1 | CARRY.others.CARRY4  |
    | HLS_TREEADD_PERIPH_BUS_s_axi_U/add_ln43_5_reg_183_reg[31]_i_1 | CARRY.others.CARRY4  |
    | add_ln43_5_reg_183_reg[28]                                    | FLOP_LATCH.flop.FDRE |
    +---------------------------------------------------------------+----------------------+

    +---------------------------------------------------------------+----------------------+
    | Path3 Cells                                                   | Primitive Type       |
    +---------------------------------------------------------------+----------------------+
    | HLS_TREEADD_PERIPH_BUS_s_axi_U/FSM_onehot_rstate_reg[1]       | FLOP_LATCH.flop.FDRE |
    | HLS_TREEADD_PERIPH_BUS_s_axi_U/rdata[31]_i_2                  | LUT.others.LUT2      |
    | HLS_TREEADD_PERIPH_BUS_s_axi_U/rdata_reg[11]                  | FLOP_LATCH.flop.FDRE |
    | HLS_TREEADD_PERIPH_BUS_s_axi_U/int_h_reg[2]                   | FLOP_LATCH.flop.FDRE |
    | HLS_TREEADD_PERIPH_BUS_s_axi_U/add_ln43_5_reg_183[3]_i_9      | LUT.others.LUT3      |
    | HLS_TREEADD_PERIPH_BUS_s_axi_U/add_ln43_5_reg_183[3]_i_2      | LUT.others.LUT5      |
    | HLS_TREEADD_PERIPH_BUS_s_axi_U/add_ln43_5_reg_183[3]_i_5      | LUT.others.LUT6      |
    | HLS_TREEADD_PERIPH_BUS_s_axi_U/add_ln43_5_reg_183_reg[3]_i_1  | CARRY.others.CARRY4  |
    | HLS_TREEADD_PERIPH_BUS_s_axi_U/add_ln43_5_reg_183_reg[7]_i_1  | CARRY.others.CARRY4  |
    | HLS_TREEADD_PERIPH_BUS_s_axi_U/add_ln43_5_reg_183_reg[11]_i_1 | CARRY.others.CARRY4  |
    | HLS_TREEADD_PERIPH_BUS_s_axi_U/add_ln43_5_reg_183_reg[15]_i_1 | CARRY.others.CARRY4  |
    | HLS_TREEADD_PERIPH_BUS_s_axi_U/add_ln43_5_reg_183_reg[19]_i_1 | CARRY.others.CARRY4  |
    | HLS_TREEADD_PERIPH_BUS_s_axi_U/add_ln43_5_reg_183_reg[23]_i_1 | CARRY.others.CARRY4  |
    | HLS_TREEADD_PERIPH_BUS_s_axi_U/add_ln43_5_reg_183_reg[27]_i_1 | CARRY.others.CARRY4  |
    | HLS_TREEADD_PERIPH_BUS_s_axi_U/add_ln43_5_reg_183_reg[31]_i_1 | CARRY.others.CARRY4  |
    | add_ln43_5_reg_183_reg[29]                                    | FLOP_LATCH.flop.FDRE |
    | HLS_TREEADD_PERIPH_BUS_s_axi_U/int_h_reg[2]                   | FLOP_LATCH.flop.FDRE |
    | HLS_TREEADD_PERIPH_BUS_s_axi_U/add_ln43_5_reg_183[3]_i_9      | LUT.others.LUT3      |
    | HLS_TREEADD_PERIPH_BUS_s_axi_U/add_ln43_5_reg_183[3]_i_2      | LUT.others.LUT5      |
    | HLS_TREEADD_PERIPH_BUS_s_axi_U/add_ln43_5_reg_183[3]_i_5      | LUT.others.LUT6      |
    | HLS_TREEADD_PERIPH_BUS_s_axi_U/add_ln43_5_reg_183_reg[3]_i_1  | CARRY.others.CARRY4  |
    | HLS_TREEADD_PERIPH_BUS_s_axi_U/add_ln43_5_reg_183_reg[7]_i_1  | CARRY.others.CARRY4  |
    | HLS_TREEADD_PERIPH_BUS_s_axi_U/add_ln43_5_reg_183_reg[11]_i_1 | CARRY.others.CARRY4  |
    | HLS_TREEADD_PERIPH_BUS_s_axi_U/add_ln43_5_reg_183_reg[15]_i_1 | CARRY.others.CARRY4  |
    | HLS_TREEADD_PERIPH_BUS_s_axi_U/add_ln43_5_reg_183_reg[19]_i_1 | CARRY.others.CARRY4  |
    | HLS_TREEADD_PERIPH_BUS_s_axi_U/add_ln43_5_reg_183_reg[23]_i_1 | CARRY.others.CARRY4  |
    | HLS_TREEADD_PERIPH_BUS_s_axi_U/add_ln43_5_reg_183_reg[27]_i_1 | CARRY.others.CARRY4  |
    | HLS_TREEADD_PERIPH_BUS_s_axi_U/add_ln43_5_reg_183_reg[31]_i_1 | CARRY.others.CARRY4  |
    | add_ln43_5_reg_183_reg[31]                                    | FLOP_LATCH.flop.FDRE |
    | HLS_TREEADD_PERIPH_BUS_s_axi_U/int_h_reg[2]                   | FLOP_LATCH.flop.FDRE |
    | HLS_TREEADD_PERIPH_BUS_s_axi_U/add_ln43_5_reg_183[3]_i_9      | LUT.others.LUT3      |
    | HLS_TREEADD_PERIPH_BUS_s_axi_U/add_ln43_5_reg_183[3]_i_2      | LUT.others.LUT5      |
    | HLS_TREEADD_PERIPH_BUS_s_axi_U/add_ln43_5_reg_183[3]_i_5      | LUT.others.LUT6      |
    | HLS_TREEADD_PERIPH_BUS_s_axi_U/add_ln43_5_reg_183_reg[3]_i_1  | CARRY.others.CARRY4  |
    | HLS_TREEADD_PERIPH_BUS_s_axi_U/add_ln43_5_reg_183_reg[7]_i_1  | CARRY.others.CARRY4  |
    | HLS_TREEADD_PERIPH_BUS_s_axi_U/add_ln43_5_reg_183_reg[11]_i_1 | CARRY.others.CARRY4  |
    | HLS_TREEADD_PERIPH_BUS_s_axi_U/add_ln43_5_reg_183_reg[15]_i_1 | CARRY.others.CARRY4  |
    | HLS_TREEADD_PERIPH_BUS_s_axi_U/add_ln43_5_reg_183_reg[19]_i_1 | CARRY.others.CARRY4  |
    | HLS_TREEADD_PERIPH_BUS_s_axi_U/add_ln43_5_reg_183_reg[23]_i_1 | CARRY.others.CARRY4  |
    | HLS_TREEADD_PERIPH_BUS_s_axi_U/add_ln43_5_reg_183_reg[27]_i_1 | CARRY.others.CARRY4  |
    | HLS_TREEADD_PERIPH_BUS_s_axi_U/add_ln43_5_reg_183_reg[31]_i_1 | CARRY.others.CARRY4  |
    | add_ln43_5_reg_183_reg[30]                                    | FLOP_LATCH.flop.FDRE |
    | HLS_TREEADD_PERIPH_BUS_s_axi_U/int_h_reg[2]                   | FLOP_LATCH.flop.FDRE |
    | HLS_TREEADD_PERIPH_BUS_s_axi_U/add_ln43_5_reg_183[3]_i_9      | LUT.others.LUT3      |
    | HLS_TREEADD_PERIPH_BUS_s_axi_U/add_ln43_5_reg_183[3]_i_2      | LUT.others.LUT5      |
    | HLS_TREEADD_PERIPH_BUS_s_axi_U/add_ln43_5_reg_183[3]_i_5      | LUT.others.LUT6      |
    | HLS_TREEADD_PERIPH_BUS_s_axi_U/add_ln43_5_reg_183_reg[3]_i_1  | CARRY.others.CARRY4  |
    | HLS_TREEADD_PERIPH_BUS_s_axi_U/add_ln43_5_reg_183_reg[7]_i_1  | CARRY.others.CARRY4  |
    | HLS_TREEADD_PERIPH_BUS_s_axi_U/add_ln43_5_reg_183_reg[11]_i_1 | CARRY.others.CARRY4  |
    | HLS_TREEADD_PERIPH_BUS_s_axi_U/add_ln43_5_reg_183_reg[15]_i_1 | CARRY.others.CARRY4  |
    | HLS_TREEADD_PERIPH_BUS_s_axi_U/add_ln43_5_reg_183_reg[19]_i_1 | CARRY.others.CARRY4  |
    | HLS_TREEADD_PERIPH_BUS_s_axi_U/add_ln43_5_reg_183_reg[23]_i_1 | CARRY.others.CARRY4  |
    | HLS_TREEADD_PERIPH_BUS_s_axi_U/add_ln43_5_reg_183_reg[27]_i_1 | CARRY.others.CARRY4  |
    | HLS_TREEADD_PERIPH_BUS_s_axi_U/add_ln43_5_reg_183_reg[31]_i_1 | CARRY.others.CARRY4  |
    | add_ln43_5_reg_183_reg[28]                                    | FLOP_LATCH.flop.FDRE |
    +---------------------------------------------------------------+----------------------+

    +---------------------------------------------------------------+----------------------+
    | Path4 Cells                                                   | Primitive Type       |
    +---------------------------------------------------------------+----------------------+
    | HLS_TREEADD_PERIPH_BUS_s_axi_U/FSM_onehot_rstate_reg[1]       | FLOP_LATCH.flop.FDRE |
    | HLS_TREEADD_PERIPH_BUS_s_axi_U/rdata[31]_i_2                  | LUT.others.LUT2      |
    | HLS_TREEADD_PERIPH_BUS_s_axi_U/rdata_reg[11]                  | FLOP_LATCH.flop.FDRE |
    | HLS_TREEADD_PERIPH_BUS_s_axi_U/int_h_reg[2]                   | FLOP_LATCH.flop.FDRE |
    | HLS_TREEADD_PERIPH_BUS_s_axi_U/add_ln43_5_reg_183[3]_i_9      | LUT.others.LUT3      |
    | HLS_TREEADD_PERIPH_BUS_s_axi_U/add_ln43_5_reg_183[3]_i_2      | LUT.others.LUT5      |
    | HLS_TREEADD_PERIPH_BUS_s_axi_U/add_ln43_5_reg_183[3]_i_5      | LUT.others.LUT6      |
    | HLS_TREEADD_PERIPH_BUS_s_axi_U/add_ln43_5_reg_183_reg[3]_i_1  | CARRY.others.CARRY4  |
    | HLS_TREEADD_PERIPH_BUS_s_axi_U/add_ln43_5_reg_183_reg[7]_i_1  | CARRY.others.CARRY4  |
    | HLS_TREEADD_PERIPH_BUS_s_axi_U/add_ln43_5_reg_183_reg[11]_i_1 | CARRY.others.CARRY4  |
    | HLS_TREEADD_PERIPH_BUS_s_axi_U/add_ln43_5_reg_183_reg[15]_i_1 | CARRY.others.CARRY4  |
    | HLS_TREEADD_PERIPH_BUS_s_axi_U/add_ln43_5_reg_183_reg[19]_i_1 | CARRY.others.CARRY4  |
    | HLS_TREEADD_PERIPH_BUS_s_axi_U/add_ln43_5_reg_183_reg[23]_i_1 | CARRY.others.CARRY4  |
    | HLS_TREEADD_PERIPH_BUS_s_axi_U/add_ln43_5_reg_183_reg[27]_i_1 | CARRY.others.CARRY4  |
    | HLS_TREEADD_PERIPH_BUS_s_axi_U/add_ln43_5_reg_183_reg[31]_i_1 | CARRY.others.CARRY4  |
    | add_ln43_5_reg_183_reg[29]                                    | FLOP_LATCH.flop.FDRE |
    | HLS_TREEADD_PERIPH_BUS_s_axi_U/int_h_reg[2]                   | FLOP_LATCH.flop.FDRE |
    | HLS_TREEADD_PERIPH_BUS_s_axi_U/add_ln43_5_reg_183[3]_i_9      | LUT.others.LUT3      |
    | HLS_TREEADD_PERIPH_BUS_s_axi_U/add_ln43_5_reg_183[3]_i_2      | LUT.others.LUT5      |
    | HLS_TREEADD_PERIPH_BUS_s_axi_U/add_ln43_5_reg_183[3]_i_5      | LUT.others.LUT6      |
    | HLS_TREEADD_PERIPH_BUS_s_axi_U/add_ln43_5_reg_183_reg[3]_i_1  | CARRY.others.CARRY4  |
    | HLS_TREEADD_PERIPH_BUS_s_axi_U/add_ln43_5_reg_183_reg[7]_i_1  | CARRY.others.CARRY4  |
    | HLS_TREEADD_PERIPH_BUS_s_axi_U/add_ln43_5_reg_183_reg[11]_i_1 | CARRY.others.CARRY4  |
    | HLS_TREEADD_PERIPH_BUS_s_axi_U/add_ln43_5_reg_183_reg[15]_i_1 | CARRY.others.CARRY4  |
    | HLS_TREEADD_PERIPH_BUS_s_axi_U/add_ln43_5_reg_183_reg[19]_i_1 | CARRY.others.CARRY4  |
    | HLS_TREEADD_PERIPH_BUS_s_axi_U/add_ln43_5_reg_183_reg[23]_i_1 | CARRY.others.CARRY4  |
    | HLS_TREEADD_PERIPH_BUS_s_axi_U/add_ln43_5_reg_183_reg[27]_i_1 | CARRY.others.CARRY4  |
    | HLS_TREEADD_PERIPH_BUS_s_axi_U/add_ln43_5_reg_183_reg[31]_i_1 | CARRY.others.CARRY4  |
    | add_ln43_5_reg_183_reg[31]                                    | FLOP_LATCH.flop.FDRE |
    | HLS_TREEADD_PERIPH_BUS_s_axi_U/int_h_reg[2]                   | FLOP_LATCH.flop.FDRE |
    | HLS_TREEADD_PERIPH_BUS_s_axi_U/add_ln43_5_reg_183[3]_i_9      | LUT.others.LUT3      |
    | HLS_TREEADD_PERIPH_BUS_s_axi_U/add_ln43_5_reg_183[3]_i_2      | LUT.others.LUT5      |
    | HLS_TREEADD_PERIPH_BUS_s_axi_U/add_ln43_5_reg_183[3]_i_5      | LUT.others.LUT6      |
    | HLS_TREEADD_PERIPH_BUS_s_axi_U/add_ln43_5_reg_183_reg[3]_i_1  | CARRY.others.CARRY4  |
    | HLS_TREEADD_PERIPH_BUS_s_axi_U/add_ln43_5_reg_183_reg[7]_i_1  | CARRY.others.CARRY4  |
    | HLS_TREEADD_PERIPH_BUS_s_axi_U/add_ln43_5_reg_183_reg[11]_i_1 | CARRY.others.CARRY4  |
    | HLS_TREEADD_PERIPH_BUS_s_axi_U/add_ln43_5_reg_183_reg[15]_i_1 | CARRY.others.CARRY4  |
    | HLS_TREEADD_PERIPH_BUS_s_axi_U/add_ln43_5_reg_183_reg[19]_i_1 | CARRY.others.CARRY4  |
    | HLS_TREEADD_PERIPH_BUS_s_axi_U/add_ln43_5_reg_183_reg[23]_i_1 | CARRY.others.CARRY4  |
    | HLS_TREEADD_PERIPH_BUS_s_axi_U/add_ln43_5_reg_183_reg[27]_i_1 | CARRY.others.CARRY4  |
    | HLS_TREEADD_PERIPH_BUS_s_axi_U/add_ln43_5_reg_183_reg[31]_i_1 | CARRY.others.CARRY4  |
    | add_ln43_5_reg_183_reg[30]                                    | FLOP_LATCH.flop.FDRE |
    | HLS_TREEADD_PERIPH_BUS_s_axi_U/int_h_reg[2]                   | FLOP_LATCH.flop.FDRE |
    | HLS_TREEADD_PERIPH_BUS_s_axi_U/add_ln43_5_reg_183[3]_i_9      | LUT.others.LUT3      |
    | HLS_TREEADD_PERIPH_BUS_s_axi_U/add_ln43_5_reg_183[3]_i_2      | LUT.others.LUT5      |
    | HLS_TREEADD_PERIPH_BUS_s_axi_U/add_ln43_5_reg_183[3]_i_5      | LUT.others.LUT6      |
    | HLS_TREEADD_PERIPH_BUS_s_axi_U/add_ln43_5_reg_183_reg[3]_i_1  | CARRY.others.CARRY4  |
    | HLS_TREEADD_PERIPH_BUS_s_axi_U/add_ln43_5_reg_183_reg[7]_i_1  | CARRY.others.CARRY4  |
    | HLS_TREEADD_PERIPH_BUS_s_axi_U/add_ln43_5_reg_183_reg[11]_i_1 | CARRY.others.CARRY4  |
    | HLS_TREEADD_PERIPH_BUS_s_axi_U/add_ln43_5_reg_183_reg[15]_i_1 | CARRY.others.CARRY4  |
    | HLS_TREEADD_PERIPH_BUS_s_axi_U/add_ln43_5_reg_183_reg[19]_i_1 | CARRY.others.CARRY4  |
    | HLS_TREEADD_PERIPH_BUS_s_axi_U/add_ln43_5_reg_183_reg[23]_i_1 | CARRY.others.CARRY4  |
    | HLS_TREEADD_PERIPH_BUS_s_axi_U/add_ln43_5_reg_183_reg[27]_i_1 | CARRY.others.CARRY4  |
    | HLS_TREEADD_PERIPH_BUS_s_axi_U/add_ln43_5_reg_183_reg[31]_i_1 | CARRY.others.CARRY4  |
    | add_ln43_5_reg_183_reg[28]                                    | FLOP_LATCH.flop.FDRE |
    +---------------------------------------------------------------+----------------------+

    +---------------------------------------------------------------+----------------------+
    | Path5 Cells                                                   | Primitive Type       |
    +---------------------------------------------------------------+----------------------+
    | HLS_TREEADD_PERIPH_BUS_s_axi_U/FSM_onehot_rstate_reg[1]       | FLOP_LATCH.flop.FDRE |
    | HLS_TREEADD_PERIPH_BUS_s_axi_U/rdata[31]_i_2                  | LUT.others.LUT2      |
    | HLS_TREEADD_PERIPH_BUS_s_axi_U/rdata_reg[11]                  | FLOP_LATCH.flop.FDRE |
    | HLS_TREEADD_PERIPH_BUS_s_axi_U/int_h_reg[2]                   | FLOP_LATCH.flop.FDRE |
    | HLS_TREEADD_PERIPH_BUS_s_axi_U/add_ln43_5_reg_183[3]_i_9      | LUT.others.LUT3      |
    | HLS_TREEADD_PERIPH_BUS_s_axi_U/add_ln43_5_reg_183[3]_i_2      | LUT.others.LUT5      |
    | HLS_TREEADD_PERIPH_BUS_s_axi_U/add_ln43_5_reg_183[3]_i_5      | LUT.others.LUT6      |
    | HLS_TREEADD_PERIPH_BUS_s_axi_U/add_ln43_5_reg_183_reg[3]_i_1  | CARRY.others.CARRY4  |
    | HLS_TREEADD_PERIPH_BUS_s_axi_U/add_ln43_5_reg_183_reg[7]_i_1  | CARRY.others.CARRY4  |
    | HLS_TREEADD_PERIPH_BUS_s_axi_U/add_ln43_5_reg_183_reg[11]_i_1 | CARRY.others.CARRY4  |
    | HLS_TREEADD_PERIPH_BUS_s_axi_U/add_ln43_5_reg_183_reg[15]_i_1 | CARRY.others.CARRY4  |
    | HLS_TREEADD_PERIPH_BUS_s_axi_U/add_ln43_5_reg_183_reg[19]_i_1 | CARRY.others.CARRY4  |
    | HLS_TREEADD_PERIPH_BUS_s_axi_U/add_ln43_5_reg_183_reg[23]_i_1 | CARRY.others.CARRY4  |
    | HLS_TREEADD_PERIPH_BUS_s_axi_U/add_ln43_5_reg_183_reg[27]_i_1 | CARRY.others.CARRY4  |
    | HLS_TREEADD_PERIPH_BUS_s_axi_U/add_ln43_5_reg_183_reg[31]_i_1 | CARRY.others.CARRY4  |
    | add_ln43_5_reg_183_reg[29]                                    | FLOP_LATCH.flop.FDRE |
    | HLS_TREEADD_PERIPH_BUS_s_axi_U/int_h_reg[2]                   | FLOP_LATCH.flop.FDRE |
    | HLS_TREEADD_PERIPH_BUS_s_axi_U/add_ln43_5_reg_183[3]_i_9      | LUT.others.LUT3      |
    | HLS_TREEADD_PERIPH_BUS_s_axi_U/add_ln43_5_reg_183[3]_i_2      | LUT.others.LUT5      |
    | HLS_TREEADD_PERIPH_BUS_s_axi_U/add_ln43_5_reg_183[3]_i_5      | LUT.others.LUT6      |
    | HLS_TREEADD_PERIPH_BUS_s_axi_U/add_ln43_5_reg_183_reg[3]_i_1  | CARRY.others.CARRY4  |
    | HLS_TREEADD_PERIPH_BUS_s_axi_U/add_ln43_5_reg_183_reg[7]_i_1  | CARRY.others.CARRY4  |
    | HLS_TREEADD_PERIPH_BUS_s_axi_U/add_ln43_5_reg_183_reg[11]_i_1 | CARRY.others.CARRY4  |
    | HLS_TREEADD_PERIPH_BUS_s_axi_U/add_ln43_5_reg_183_reg[15]_i_1 | CARRY.others.CARRY4  |
    | HLS_TREEADD_PERIPH_BUS_s_axi_U/add_ln43_5_reg_183_reg[19]_i_1 | CARRY.others.CARRY4  |
    | HLS_TREEADD_PERIPH_BUS_s_axi_U/add_ln43_5_reg_183_reg[23]_i_1 | CARRY.others.CARRY4  |
    | HLS_TREEADD_PERIPH_BUS_s_axi_U/add_ln43_5_reg_183_reg[27]_i_1 | CARRY.others.CARRY4  |
    | HLS_TREEADD_PERIPH_BUS_s_axi_U/add_ln43_5_reg_183_reg[31]_i_1 | CARRY.others.CARRY4  |
    | add_ln43_5_reg_183_reg[31]                                    | FLOP_LATCH.flop.FDRE |
    | HLS_TREEADD_PERIPH_BUS_s_axi_U/int_h_reg[2]                   | FLOP_LATCH.flop.FDRE |
    | HLS_TREEADD_PERIPH_BUS_s_axi_U/add_ln43_5_reg_183[3]_i_9      | LUT.others.LUT3      |
    | HLS_TREEADD_PERIPH_BUS_s_axi_U/add_ln43_5_reg_183[3]_i_2      | LUT.others.LUT5      |
    | HLS_TREEADD_PERIPH_BUS_s_axi_U/add_ln43_5_reg_183[3]_i_5      | LUT.others.LUT6      |
    | HLS_TREEADD_PERIPH_BUS_s_axi_U/add_ln43_5_reg_183_reg[3]_i_1  | CARRY.others.CARRY4  |
    | HLS_TREEADD_PERIPH_BUS_s_axi_U/add_ln43_5_reg_183_reg[7]_i_1  | CARRY.others.CARRY4  |
    | HLS_TREEADD_PERIPH_BUS_s_axi_U/add_ln43_5_reg_183_reg[11]_i_1 | CARRY.others.CARRY4  |
    | HLS_TREEADD_PERIPH_BUS_s_axi_U/add_ln43_5_reg_183_reg[15]_i_1 | CARRY.others.CARRY4  |
    | HLS_TREEADD_PERIPH_BUS_s_axi_U/add_ln43_5_reg_183_reg[19]_i_1 | CARRY.others.CARRY4  |
    | HLS_TREEADD_PERIPH_BUS_s_axi_U/add_ln43_5_reg_183_reg[23]_i_1 | CARRY.others.CARRY4  |
    | HLS_TREEADD_PERIPH_BUS_s_axi_U/add_ln43_5_reg_183_reg[27]_i_1 | CARRY.others.CARRY4  |
    | HLS_TREEADD_PERIPH_BUS_s_axi_U/add_ln43_5_reg_183_reg[31]_i_1 | CARRY.others.CARRY4  |
    | add_ln43_5_reg_183_reg[30]                                    | FLOP_LATCH.flop.FDRE |
    | HLS_TREEADD_PERIPH_BUS_s_axi_U/int_h_reg[2]                   | FLOP_LATCH.flop.FDRE |
    | HLS_TREEADD_PERIPH_BUS_s_axi_U/add_ln43_5_reg_183[3]_i_9      | LUT.others.LUT3      |
    | HLS_TREEADD_PERIPH_BUS_s_axi_U/add_ln43_5_reg_183[3]_i_2      | LUT.others.LUT5      |
    | HLS_TREEADD_PERIPH_BUS_s_axi_U/add_ln43_5_reg_183[3]_i_5      | LUT.others.LUT6      |
    | HLS_TREEADD_PERIPH_BUS_s_axi_U/add_ln43_5_reg_183_reg[3]_i_1  | CARRY.others.CARRY4  |
    | HLS_TREEADD_PERIPH_BUS_s_axi_U/add_ln43_5_reg_183_reg[7]_i_1  | CARRY.others.CARRY4  |
    | HLS_TREEADD_PERIPH_BUS_s_axi_U/add_ln43_5_reg_183_reg[11]_i_1 | CARRY.others.CARRY4  |
    | HLS_TREEADD_PERIPH_BUS_s_axi_U/add_ln43_5_reg_183_reg[15]_i_1 | CARRY.others.CARRY4  |
    | HLS_TREEADD_PERIPH_BUS_s_axi_U/add_ln43_5_reg_183_reg[19]_i_1 | CARRY.others.CARRY4  |
    | HLS_TREEADD_PERIPH_BUS_s_axi_U/add_ln43_5_reg_183_reg[23]_i_1 | CARRY.others.CARRY4  |
    | HLS_TREEADD_PERIPH_BUS_s_axi_U/add_ln43_5_reg_183_reg[27]_i_1 | CARRY.others.CARRY4  |
    | HLS_TREEADD_PERIPH_BUS_s_axi_U/add_ln43_5_reg_183_reg[31]_i_1 | CARRY.others.CARRY4  |
    | add_ln43_5_reg_183_reg[28]                                    | FLOP_LATCH.flop.FDRE |
    +---------------------------------------------------------------+----------------------+


================================================================
== Place & Route Vivado Reports
================================================================
+--------------------------+---------------------------------------------------------------+
| Report Type              | Report Location                                               |
+--------------------------+---------------------------------------------------------------+
| design_analysis          | impl/verilog/report/t_int_design_analysis_routed.rpt          |
| failfast                 | impl/verilog/report/t_int_failfast_routed.rpt                 |
| power                    | impl/verilog/report/t_int_power_routed.rpt                    |
| status                   | impl/verilog/report/t_int_status_routed.rpt                   |
| timing                   | impl/verilog/report/t_int_timing_routed.rpt                   |
| timing_paths             | impl/verilog/report/t_int_timing_paths_routed.rpt             |
| utilization              | impl/verilog/report/t_int_utilization_routed.rpt              |
| utilization_hierarchical | impl/verilog/report/t_int_utilization_hierarchical_routed.rpt |
+--------------------------+---------------------------------------------------------------+


