

Implementation tool: Xilinx Vivado v.2025.1
Project:             linear_model
Solution:            hls
Device target:       xc7z020-clg484-1
Report date:         Tue Jun 30 10:37:04 -0500 2026

#=== Post-Implementation Resource usage ===
SLICE:           74
LUT:            179
FF:             268
DSP:              3
BRAM:             0
URAM:             0
LATCH:            0
SRL:              0
CLB:              0

#=== Final timing ===
CP required:                     10.000
CP achieved post-synthesis:      5.745
CP achieved post-implementation: 5.692
Timing met
