directive:1:9: warning: HLS pragma dump _XLX_SEP_ PragmaIsValid=1_XLX_SEP_ PragmaType=top_XLX_SEP_ PragmaContext=directive_XLX_SEP_ PragmaFunction=linear_model_XLX_SEP_ PragmaOptions=name=linear_model_XLX_SEP_ [-Wdump-hls-pragmas]
#pragma HLSDIRECTIVE TOP name=linear_model
        ^
../l_reg.cpp:11:9: warning: HLS pragma dump _XLX_SEP_ PragmaIsValid=1_XLX_SEP_ PragmaType=interface_XLX_SEP_ PragmaContext=_XLX_SEP_ PragmaFunction=linear_model_XLX_SEP_ PragmaOptions=s_axilite port=return bundle=HLS_LINEAR_PERIPH_BUS_XLX_SEP_ [-Wdump-hls-pragmas]
#pragma HLS INTERFACE s_axilite port=return bundle=HLS_LINEAR_PERIPH_BUS
        ^
../l_reg.cpp:12:9: warning: HLS pragma dump _XLX_SEP_ PragmaIsValid=1_XLX_SEP_ PragmaType=interface_XLX_SEP_ PragmaContext=_XLX_SEP_ PragmaFunction=linear_model_XLX_SEP_ PragmaOptions=s_axilite port=x bundle=HLS_LINEAR_PERIPH_BUS_XLX_SEP_ [-Wdump-hls-pragmas]
#pragma HLS INTERFACE s_axilite port=x bundle=HLS_LINEAR_PERIPH_BUS
        ^
../l_reg.cpp:13:9: warning: HLS pragma dump _XLX_SEP_ PragmaIsValid=1_XLX_SEP_ PragmaType=interface_XLX_SEP_ PragmaContext=_XLX_SEP_ PragmaFunction=linear_model_XLX_SEP_ PragmaOptions=s_axilite port=m bundle=HLS_LINEAR_PERIPH_BUS_XLX_SEP_ [-Wdump-hls-pragmas]
#pragma HLS INTERFACE s_axilite port=m bundle=HLS_LINEAR_PERIPH_BUS
        ^
../l_reg.cpp:14:9: warning: HLS pragma dump _XLX_SEP_ PragmaIsValid=1_XLX_SEP_ PragmaType=interface_XLX_SEP_ PragmaContext=_XLX_SEP_ PragmaFunction=linear_model_XLX_SEP_ PragmaOptions=s_axilite port=c bundle=HLS_LINEAR_PERIPH_BUS_XLX_SEP_ [-Wdump-hls-pragmas]
#pragma HLS INTERFACE s_axilite port=c bundle=HLS_LINEAR_PERIPH_BUS
        ^
../l_reg.cpp:15:9: warning: HLS pragma dump _XLX_SEP_ PragmaIsValid=1_XLX_SEP_ PragmaType=interface_XLX_SEP_ PragmaContext=_XLX_SEP_ PragmaFunction=linear_model_XLX_SEP_ PragmaOptions=s_axilite port=y bundle=HLS_LINEAR_PERIPH_BUS_XLX_SEP_ [-Wdump-hls-pragmas]
#pragma HLS INTERFACE s_axilite port=y bundle=HLS_LINEAR_PERIPH_BUS
        ^
../l_reg.cpp:16:9: warning: HLS pragma dump _XLX_SEP_ PragmaIsValid=1_XLX_SEP_ PragmaType=interface_XLX_SEP_ PragmaContext=_XLX_SEP_ PragmaFunction=linear_model_XLX_SEP_ PragmaOptions=s_axilite port=done bundle=HLS_LINEAR_PERIPH_BUS_XLX_SEP_ [-Wdump-hls-pragmas]
#pragma HLS INTERFACE s_axilite port=done bundle=HLS_LINEAR_PERIPH_BUS
        ^
7 warnings generated.
