Copyright 1986-2022 Xilinx, Inc. All Rights Reserved. Copyright 2022-2025 Advanced Micro Devices, Inc. All Rights Reserved.
---------------------------------------------------------------------------------------------------------------------------------------------
| Tool Version : Vivado v.2025.1 (win64) Build 6140274 Thu May 22 00:12:29 MDT 2025
| Date         : Wed Jun 24 14:10:07 2026
| Host         : CML-09 running 64-bit major release  (build 9200)
| Command      : report_utilization -hierarchical -hierarchical_depth 5 -file ./report/t_int_utilization_hierarchical_routed.rpt
| Design       : bd_0_wrapper
| Device       : xc7z020clg484-1
| Speed File   : -1
| Design State : Routed
---------------------------------------------------------------------------------------------------------------------------------------------

Utilization Design Information

Table of Contents
-----------------
1. Utilization by Hierarchy

1. Utilization by Hierarchy
---------------------------

+----------------------------------------+----------------------------------------------------+------------+------------+---------+------+-----+--------+--------+------------+
|                Instance                |                       Module                       | Total LUTs | Logic LUTs | LUTRAMs | SRLs | FFs | RAMB36 | RAMB18 | DSP Blocks |
+----------------------------------------+----------------------------------------------------+------------+------------+---------+------+-----+--------+--------+------------+
| bd_0_wrapper                           |                                              (top) |        477 |        477 |       0 |    0 | 443 |      0 |      0 |          0 |
|   bd_0_i                               |                                               bd_0 |        477 |        477 |       0 |    0 | 443 |      0 |      0 |          0 |
|     hls_inst                           |                                    bd_0_hls_inst_0 |        477 |        477 |       0 |    0 | 443 |      0 |      0 |          0 |
|       inst                             |                              bd_0_hls_inst_0_t_int |        477 |        477 |       0 |    0 | 443 |      0 |      0 |          0 |
|         (inst)                         |                              bd_0_hls_inst_0_t_int |          0 |          0 |       0 |    0 |  98 |      0 |      0 |          0 |
|         HLS_TREEADD_PERIPH_BUS_s_axi_U | bd_0_hls_inst_0_t_int_HLS_TREEADD_PERIPH_BUS_s_axi |        477 |        477 |       0 |    0 | 345 |      0 |      0 |          0 |
+----------------------------------------+----------------------------------------------------+------------+------------+---------+------+-----+--------+--------+------------+
* Note: The sum of lower-level cells may be larger than their parent cells total, due to cross-hierarchy LUT combining


