Copyright 1986-2022 Xilinx, Inc. All Rights Reserved. Copyright 2022-2025 Advanced Micro Devices, Inc. All Rights Reserved.
---------------------------------------------------------------------------------------------------------------------------------------------
| Tool Version : Vivado v.2025.1 (win64) Build 6140274 Thu May 22 00:12:29 MDT 2025
| Date         : Wed Jun 24 14:08:13 2026
| Host         : CML-09 running 64-bit major release  (build 9200)
| Command      : report_design_analysis -file ./report/t_int_design_analysis_synth.rpt
| Design       : bd_0_wrapper
| Device       : xc7z020
| Design State : Synthesized
---------------------------------------------------------------------------------------------------------------------------------------------

Report Design Analysis

Table of Contents
-----------------
1. Setup Path Characteristics 1-1
2. Logic Level Distribution
3. Placer Final Level Congestion Reporting
4. SLR Net Crossing Reporting

1. Setup Path Characteristics 1-1
---------------------------------

+---------------------------+------------------------------------------------------------------------------------------+
|      Characteristics      |                                          Path #1                                         |
+---------------------------+------------------------------------------------------------------------------------------+
| Requirement               | 10.000                                                                                   |
| Path Delay                | 4.258                                                                                    |
| Logic Delay               | 2.379(56%)                                                                               |
| Net Delay                 | 1.879(44%)                                                                               |
| Clock Skew                | -0.049                                                                                   |
| Slack                     | 5.767                                                                                    |
| Clock Uncertainty         | 0.035                                                                                    |
| Clock Pair Classification | Timed                                                                                    |
| Clock Delay Group         | Same Clock                                                                               |
| Logic Levels              | 9                                                                                        |
| Routes                    | NA                                                                                       |
| Logical Path              | FDRE/C-(5)-LUT3-(2)-LUT5-(2)-CARRY4-(1)-CARRY4-CARRY4-CARRY4-CARRY4-CARRY4-CARRY4-FDRE/D |
| Start Point Clock         | ap_clk                                                                                   |
| End Point Clock           | ap_clk                                                                                   |
| DSP Block                 | None                                                                                     |
| RAM Registers             | None-None                                                                                |
| IO Crossings              | 0                                                                                        |
| Config Crossings          | 0                                                                                        |
| SLR Crossings             | 0                                                                                        |
| PBlocks                   | 0                                                                                        |
| High Fanout               | 5                                                                                        |
| ASYNC REG                 | 0                                                                                        |
| Dont Touch                | 0                                                                                        |
| Mark Debug                | 0                                                                                        |
| Start Point Pin Primitive | FDRE/C                                                                                   |
| End Point Pin Primitive   | FDRE/D                                                                                   |
| Start Point Pin           | int_e_reg[4]/C                                                                           |
| End Point Pin             | add_ln43_5_reg_183_reg[29]/D                                                             |
+---------------------------+------------------------------------------------------------------------------------------+
* Bounding box calculated as % of dimensions for the target device (308, 299)


2. Logic Level Distribution
---------------------------

+-----------------+-------------+-----+-----+-----+----+----+----+----+----+----+----+
| End Point Clock | Requirement |  0  |  1  |  2  |  3 |  4 |  5 |  6 |  7 |  8 |  9 |
+-----------------+-------------+-----+-----+-----+----+----+----+----+----+----+----+
| ap_clk          | 10.000ns    | 129 | 331 | 277 | 46 | 20 | 20 | 16 | 16 | 16 | 16 |
+-----------------+-------------+-----+-----+-----+----+----+----+----+----+----+----+
* Columns represent the logic levels per end point clock
** Distribution is for top worst 887 paths


3. Placer Final Level Congestion Reporting
------------------------------------------

+-----------+------+-------+------------+--------+---------------+----------------+-----+--------+------+------+------+-----+-------+-----+------------+
| Direction | Type | Level | Congestion | Window | Combined LUTs | Avg LUT Inputs | LUT | LUTRAM | Flop | MUXF | RAMB | DSP | CARRY | SRL | Cell Names |
+-----------+------+-------+------------+--------+---------------+----------------+-----+--------+------+------+------+-----+-------+-----+------------+
* The design has not been placed, hence congestion data is not available. The command report_design_analysis -congestion should be run only after place_design has completed.


4. SLR Net Crossing Reporting
-----------------------------

+------------+-----------------------------+
| Cell Names | Number of Nets crossing SLR |
+------------+-----------------------------+
* The current part is not an SSI device


