Copyright 1986-2022 Xilinx, Inc. All Rights Reserved. Copyright 2022-2025 Advanced Micro Devices, Inc. All Rights Reserved.
---------------------------------------------------------------------------------------------------------------------------------------------
| Tool Version : Vivado v.2025.1 (win64) Build 6140274 Thu May 22 00:12:29 MDT 2025
| Date         : Wed Jun 24 14:08:12 2026
| Host         : CML-09 running 64-bit major release  (build 9200)
| Command      : report_timing -max_paths 10 -file ./report/t_int_timing_paths_synth.rpt
| Design       : bd_0_wrapper
| Device       : 7z020-clg484
| Speed File   : -1  PRODUCTION 1.12 2019-11-22
| Design State : Synthesized
---------------------------------------------------------------------------------------------------------------------------------------------

Timing Report

Slack (MET) :             5.767ns  (required time - arrival time)
  Source:                 bd_0_i/hls_inst/inst/HLS_TREEADD_PERIPH_BUS_s_axi_U/int_e_reg[4]/C
                            (rising edge-triggered cell FDRE clocked by ap_clk  {rise@0.000ns fall@5.000ns period=10.000ns})
  Destination:            bd_0_i/hls_inst/inst/add_ln43_5_reg_183_reg[29]/D
                            (rising edge-triggered cell FDRE clocked by ap_clk  {rise@0.000ns fall@5.000ns period=10.000ns})
  Path Group:             ap_clk
  Path Type:              Setup (Max at Slow Process Corner)
  Requirement:            10.000ns  (ap_clk rise@10.000ns - ap_clk rise@0.000ns)
  Data Path Delay:        4.258ns  (logic 2.379ns (55.871%)  route 1.879ns (44.129%))
  Logic Levels:           9  (CARRY4=7 LUT3=1 LUT5=1)
  Clock Path Skew:        -0.049ns (DCD - SCD + CPR)
    Destination Clock Delay (DCD):    0.924ns = ( 10.924 - 10.000 ) 
    Source Clock Delay      (SCD):    0.973ns
    Clock Pessimism Removal (CPR):    0.000ns
  Clock Uncertainty:      0.035ns  ((TSJ^2 + TIJ^2)^1/2 + DJ) / 2 + PE
    Total System Jitter     (TSJ):    0.071ns
    Total Input Jitter      (TIJ):    0.000ns
    Discrete Jitter          (DJ):    0.000ns
    Phase Error              (PE):    0.000ns

    Location             Delay type                Incr(ns)  Path(ns)    Netlist Resource(s)
  -------------------------------------------------------------------    -------------------
                         (clock ap_clk rise edge)     0.000     0.000 r  
                                                      0.000     0.000 r  ap_clk (IN)
                         net (fo=442, unset)          0.973     0.973    bd_0_i/hls_inst/inst/HLS_TREEADD_PERIPH_BUS_s_axi_U/ap_clk
                         FDRE                                         r  bd_0_i/hls_inst/inst/HLS_TREEADD_PERIPH_BUS_s_axi_U/int_e_reg[4]/C
  -------------------------------------------------------------------    -------------------
                         FDRE (Prop_fdre_C_Q)         0.518     1.491 r  bd_0_i/hls_inst/inst/HLS_TREEADD_PERIPH_BUS_s_axi_U/int_e_reg[4]/Q
                         net (fo=5, unplaced)         0.769     2.260    bd_0_i/hls_inst/inst/HLS_TREEADD_PERIPH_BUS_s_axi_U/e[4]
                         LUT3 (Prop_lut3_I0_O)        0.295     2.555 r  bd_0_i/hls_inst/inst/HLS_TREEADD_PERIPH_BUS_s_axi_U/add_ln43_5_reg_183[7]_i_12/O
                         net (fo=2, unplaced)         0.460     3.015    bd_0_i/hls_inst/inst/HLS_TREEADD_PERIPH_BUS_s_axi_U/add_ln43_5_reg_183[7]_i_12_n_0
                         LUT5 (Prop_lut5_I1_O)        0.124     3.139 r  bd_0_i/hls_inst/inst/HLS_TREEADD_PERIPH_BUS_s_axi_U/add_ln43_5_reg_183[7]_i_4/O
                         net (fo=2, unplaced)         0.650     3.789    bd_0_i/hls_inst/inst/HLS_TREEADD_PERIPH_BUS_s_axi_U/add_ln43_5_reg_183[7]_i_4_n_0
                         CARRY4 (Prop_carry4_DI[1]_CO[3])
                                                      0.520     4.309 r  bd_0_i/hls_inst/inst/HLS_TREEADD_PERIPH_BUS_s_axi_U/add_ln43_5_reg_183_reg[7]_i_1/CO[3]
                         net (fo=1, unplaced)         0.000     4.309    bd_0_i/hls_inst/inst/HLS_TREEADD_PERIPH_BUS_s_axi_U/add_ln43_5_reg_183_reg[7]_i_1_n_0
                         CARRY4 (Prop_carry4_CI_CO[3])
                                                      0.117     4.426 r  bd_0_i/hls_inst/inst/HLS_TREEADD_PERIPH_BUS_s_axi_U/add_ln43_5_reg_183_reg[11]_i_1/CO[3]
                         net (fo=1, unplaced)         0.000     4.426    bd_0_i/hls_inst/inst/HLS_TREEADD_PERIPH_BUS_s_axi_U/add_ln43_5_reg_183_reg[11]_i_1_n_0
                         CARRY4 (Prop_carry4_CI_CO[3])
                                                      0.117     4.543 r  bd_0_i/hls_inst/inst/HLS_TREEADD_PERIPH_BUS_s_axi_U/add_ln43_5_reg_183_reg[15]_i_1/CO[3]
                         net (fo=1, unplaced)         0.000     4.543    bd_0_i/hls_inst/inst/HLS_TREEADD_PERIPH_BUS_s_axi_U/add_ln43_5_reg_183_reg[15]_i_1_n_0
                         CARRY4 (Prop_carry4_CI_CO[3])
                                                      0.117     4.660 r  bd_0_i/hls_inst/inst/HLS_TREEADD_PERIPH_BUS_s_axi_U/add_ln43_5_reg_183_reg[19]_i_1/CO[3]
                         net (fo=1, unplaced)         0.000     4.660    bd_0_i/hls_inst/inst/HLS_TREEADD_PERIPH_BUS_s_axi_U/add_ln43_5_reg_183_reg[19]_i_1_n_0
                         CARRY4 (Prop_carry4_CI_CO[3])
                                                      0.117     4.777 r  bd_0_i/hls_inst/inst/HLS_TREEADD_PERIPH_BUS_s_axi_U/add_ln43_5_reg_183_reg[23]_i_1/CO[3]
                         net (fo=1, unplaced)         0.000     4.777    bd_0_i/hls_inst/inst/HLS_TREEADD_PERIPH_BUS_s_axi_U/add_ln43_5_reg_183_reg[23]_i_1_n_0
                         CARRY4 (Prop_carry4_CI_CO[3])
                                                      0.117     4.894 r  bd_0_i/hls_inst/inst/HLS_TREEADD_PERIPH_BUS_s_axi_U/add_ln43_5_reg_183_reg[27]_i_1/CO[3]
                         net (fo=1, unplaced)         0.000     4.894    bd_0_i/hls_inst/inst/HLS_TREEADD_PERIPH_BUS_s_axi_U/add_ln43_5_reg_183_reg[27]_i_1_n_0
                         CARRY4 (Prop_carry4_CI_O[1])
                                                      0.337     5.231 r  bd_0_i/hls_inst/inst/HLS_TREEADD_PERIPH_BUS_s_axi_U/add_ln43_5_reg_183_reg[31]_i_1/O[1]
                         net (fo=1, unplaced)         0.000     5.231    bd_0_i/hls_inst/inst/add_ln43_5_fu_157_p2[29]
                         FDRE                                         r  bd_0_i/hls_inst/inst/add_ln43_5_reg_183_reg[29]/D
  -------------------------------------------------------------------    -------------------

                         (clock ap_clk rise edge)    10.000    10.000 r  
                                                      0.000    10.000 r  ap_clk (IN)
                         net (fo=442, unset)          0.924    10.924    bd_0_i/hls_inst/inst/ap_clk
                         FDRE                                         r  bd_0_i/hls_inst/inst/add_ln43_5_reg_183_reg[29]/C
                         clock pessimism              0.000    10.924    
                         clock uncertainty           -0.035    10.889    
                         FDRE (Setup_fdre_C_D)        0.109    10.998    bd_0_i/hls_inst/inst/add_ln43_5_reg_183_reg[29]
  -------------------------------------------------------------------
                         required time                         10.998    
                         arrival time                          -5.231    
  -------------------------------------------------------------------
                         slack                                  5.767    

Slack (MET) :             5.773ns  (required time - arrival time)
  Source:                 bd_0_i/hls_inst/inst/HLS_TREEADD_PERIPH_BUS_s_axi_U/int_e_reg[4]/C
                            (rising edge-triggered cell FDRE clocked by ap_clk  {rise@0.000ns fall@5.000ns period=10.000ns})
  Destination:            bd_0_i/hls_inst/inst/add_ln43_5_reg_183_reg[31]/D
                            (rising edge-triggered cell FDRE clocked by ap_clk  {rise@0.000ns fall@5.000ns period=10.000ns})
  Path Group:             ap_clk
  Path Type:              Setup (Max at Slow Process Corner)
  Requirement:            10.000ns  (ap_clk rise@10.000ns - ap_clk rise@0.000ns)
  Data Path Delay:        4.252ns  (logic 2.373ns (55.809%)  route 1.879ns (44.191%))
  Logic Levels:           9  (CARRY4=7 LUT3=1 LUT5=1)
  Clock Path Skew:        -0.049ns (DCD - SCD + CPR)
    Destination Clock Delay (DCD):    0.924ns = ( 10.924 - 10.000 ) 
    Source Clock Delay      (SCD):    0.973ns
    Clock Pessimism Removal (CPR):    0.000ns
  Clock Uncertainty:      0.035ns  ((TSJ^2 + TIJ^2)^1/2 + DJ) / 2 + PE
    Total System Jitter     (TSJ):    0.071ns
    Total Input Jitter      (TIJ):    0.000ns
    Discrete Jitter          (DJ):    0.000ns
    Phase Error              (PE):    0.000ns

    Location             Delay type                Incr(ns)  Path(ns)    Netlist Resource(s)
  -------------------------------------------------------------------    -------------------
                         (clock ap_clk rise edge)     0.000     0.000 r  
                                                      0.000     0.000 r  ap_clk (IN)
                         net (fo=442, unset)          0.973     0.973    bd_0_i/hls_inst/inst/HLS_TREEADD_PERIPH_BUS_s_axi_U/ap_clk
                         FDRE                                         r  bd_0_i/hls_inst/inst/HLS_TREEADD_PERIPH_BUS_s_axi_U/int_e_reg[4]/C
  -------------------------------------------------------------------    -------------------
                         FDRE (Prop_fdre_C_Q)         0.518     1.491 r  bd_0_i/hls_inst/inst/HLS_TREEADD_PERIPH_BUS_s_axi_U/int_e_reg[4]/Q
                         net (fo=5, unplaced)         0.769     2.260    bd_0_i/hls_inst/inst/HLS_TREEADD_PERIPH_BUS_s_axi_U/e[4]
                         LUT3 (Prop_lut3_I0_O)        0.295     2.555 r  bd_0_i/hls_inst/inst/HLS_TREEADD_PERIPH_BUS_s_axi_U/add_ln43_5_reg_183[7]_i_12/O
                         net (fo=2, unplaced)         0.460     3.015    bd_0_i/hls_inst/inst/HLS_TREEADD_PERIPH_BUS_s_axi_U/add_ln43_5_reg_183[7]_i_12_n_0
                         LUT5 (Prop_lut5_I1_O)        0.124     3.139 r  bd_0_i/hls_inst/inst/HLS_TREEADD_PERIPH_BUS_s_axi_U/add_ln43_5_reg_183[7]_i_4/O
                         net (fo=2, unplaced)         0.650     3.789    bd_0_i/hls_inst/inst/HLS_TREEADD_PERIPH_BUS_s_axi_U/add_ln43_5_reg_183[7]_i_4_n_0
                         CARRY4 (Prop_carry4_DI[1]_CO[3])
                                                      0.520     4.309 r  bd_0_i/hls_inst/inst/HLS_TREEADD_PERIPH_BUS_s_axi_U/add_ln43_5_reg_183_reg[7]_i_1/CO[3]
                         net (fo=1, unplaced)         0.000     4.309    bd_0_i/hls_inst/inst/HLS_TREEADD_PERIPH_BUS_s_axi_U/add_ln43_5_reg_183_reg[7]_i_1_n_0
                         CARRY4 (Prop_carry4_CI_CO[3])
                                                      0.117     4.426 r  bd_0_i/hls_inst/inst/HLS_TREEADD_PERIPH_BUS_s_axi_U/add_ln43_5_reg_183_reg[11]_i_1/CO[3]
                         net (fo=1, unplaced)         0.000     4.426    bd_0_i/hls_inst/inst/HLS_TREEADD_PERIPH_BUS_s_axi_U/add_ln43_5_reg_183_reg[11]_i_1_n_0
                         CARRY4 (Prop_carry4_CI_CO[3])
                                                      0.117     4.543 r  bd_0_i/hls_inst/inst/HLS_TREEADD_PERIPH_BUS_s_axi_U/add_ln43_5_reg_183_reg[15]_i_1/CO[3]
                         net (fo=1, unplaced)         0.000     4.543    bd_0_i/hls_inst/inst/HLS_TREEADD_PERIPH_BUS_s_axi_U/add_ln43_5_reg_183_reg[15]_i_1_n_0
                         CARRY4 (Prop_carry4_CI_CO[3])
                                                      0.117     4.660 r  bd_0_i/hls_inst/inst/HLS_TREEADD_PERIPH_BUS_s_axi_U/add_ln43_5_reg_183_reg[19]_i_1/CO[3]
                         net (fo=1, unplaced)         0.000     4.660    bd_0_i/hls_inst/inst/HLS_TREEADD_PERIPH_BUS_s_axi_U/add_ln43_5_reg_183_reg[19]_i_1_n_0
                         CARRY4 (Prop_carry4_CI_CO[3])
                                                      0.117     4.777 r  bd_0_i/hls_inst/inst/HLS_TREEADD_PERIPH_BUS_s_axi_U/add_ln43_5_reg_183_reg[23]_i_1/CO[3]
                         net (fo=1, unplaced)         0.000     4.777    bd_0_i/hls_inst/inst/HLS_TREEADD_PERIPH_BUS_s_axi_U/add_ln43_5_reg_183_reg[23]_i_1_n_0
                         CARRY4 (Prop_carry4_CI_CO[3])
                                                      0.117     4.894 r  bd_0_i/hls_inst/inst/HLS_TREEADD_PERIPH_BUS_s_axi_U/add_ln43_5_reg_183_reg[27]_i_1/CO[3]
                         net (fo=1, unplaced)         0.000     4.894    bd_0_i/hls_inst/inst/HLS_TREEADD_PERIPH_BUS_s_axi_U/add_ln43_5_reg_183_reg[27]_i_1_n_0
                         CARRY4 (Prop_carry4_CI_O[3])
                                                      0.331     5.225 r  bd_0_i/hls_inst/inst/HLS_TREEADD_PERIPH_BUS_s_axi_U/add_ln43_5_reg_183_reg[31]_i_1/O[3]
                         net (fo=1, unplaced)         0.000     5.225    bd_0_i/hls_inst/inst/add_ln43_5_fu_157_p2[31]
                         FDRE                                         r  bd_0_i/hls_inst/inst/add_ln43_5_reg_183_reg[31]/D
  -------------------------------------------------------------------    -------------------

                         (clock ap_clk rise edge)    10.000    10.000 r  
                                                      0.000    10.000 r  ap_clk (IN)
                         net (fo=442, unset)          0.924    10.924    bd_0_i/hls_inst/inst/ap_clk
                         FDRE                                         r  bd_0_i/hls_inst/inst/add_ln43_5_reg_183_reg[31]/C
                         clock pessimism              0.000    10.924    
                         clock uncertainty           -0.035    10.889    
                         FDRE (Setup_fdre_C_D)        0.109    10.998    bd_0_i/hls_inst/inst/add_ln43_5_reg_183_reg[31]
  -------------------------------------------------------------------
                         required time                         10.998    
                         arrival time                          -5.225    
  -------------------------------------------------------------------
                         slack                                  5.773    

Slack (MET) :             5.848ns  (required time - arrival time)
  Source:                 bd_0_i/hls_inst/inst/HLS_TREEADD_PERIPH_BUS_s_axi_U/int_e_reg[4]/C
                            (rising edge-triggered cell FDRE clocked by ap_clk  {rise@0.000ns fall@5.000ns period=10.000ns})
  Destination:            bd_0_i/hls_inst/inst/add_ln43_5_reg_183_reg[30]/D
                            (rising edge-triggered cell FDRE clocked by ap_clk  {rise@0.000ns fall@5.000ns period=10.000ns})
  Path Group:             ap_clk
  Path Type:              Setup (Max at Slow Process Corner)
  Requirement:            10.000ns  (ap_clk rise@10.000ns - ap_clk rise@0.000ns)
  Data Path Delay:        4.177ns  (logic 2.298ns (55.016%)  route 1.879ns (44.984%))
  Logic Levels:           9  (CARRY4=7 LUT3=1 LUT5=1)
  Clock Path Skew:        -0.049ns (DCD - SCD + CPR)
    Destination Clock Delay (DCD):    0.924ns = ( 10.924 - 10.000 ) 
    Source Clock Delay      (SCD):    0.973ns
    Clock Pessimism Removal (CPR):    0.000ns
  Clock Uncertainty:      0.035ns  ((TSJ^2 + TIJ^2)^1/2 + DJ) / 2 + PE
    Total System Jitter     (TSJ):    0.071ns
    Total Input Jitter      (TIJ):    0.000ns
    Discrete Jitter          (DJ):    0.000ns
    Phase Error              (PE):    0.000ns

    Location             Delay type                Incr(ns)  Path(ns)    Netlist Resource(s)
  -------------------------------------------------------------------    -------------------
                         (clock ap_clk rise edge)     0.000     0.000 r  
                                                      0.000     0.000 r  ap_clk (IN)
                         net (fo=442, unset)          0.973     0.973    bd_0_i/hls_inst/inst/HLS_TREEADD_PERIPH_BUS_s_axi_U/ap_clk
                         FDRE                                         r  bd_0_i/hls_inst/inst/HLS_TREEADD_PERIPH_BUS_s_axi_U/int_e_reg[4]/C
  -------------------------------------------------------------------    -------------------
                         FDRE (Prop_fdre_C_Q)         0.518     1.491 r  bd_0_i/hls_inst/inst/HLS_TREEADD_PERIPH_BUS_s_axi_U/int_e_reg[4]/Q
                         net (fo=5, unplaced)         0.769     2.260    bd_0_i/hls_inst/inst/HLS_TREEADD_PERIPH_BUS_s_axi_U/e[4]
                         LUT3 (Prop_lut3_I0_O)        0.295     2.555 r  bd_0_i/hls_inst/inst/HLS_TREEADD_PERIPH_BUS_s_axi_U/add_ln43_5_reg_183[7]_i_12/O
                         net (fo=2, unplaced)         0.460     3.015    bd_0_i/hls_inst/inst/HLS_TREEADD_PERIPH_BUS_s_axi_U/add_ln43_5_reg_183[7]_i_12_n_0
                         LUT5 (Prop_lut5_I1_O)        0.124     3.139 r  bd_0_i/hls_inst/inst/HLS_TREEADD_PERIPH_BUS_s_axi_U/add_ln43_5_reg_183[7]_i_4/O
                         net (fo=2, unplaced)         0.650     3.789    bd_0_i/hls_inst/inst/HLS_TREEADD_PERIPH_BUS_s_axi_U/add_ln43_5_reg_183[7]_i_4_n_0
                         CARRY4 (Prop_carry4_DI[1]_CO[3])
                                                      0.520     4.309 r  bd_0_i/hls_inst/inst/HLS_TREEADD_PERIPH_BUS_s_axi_U/add_ln43_5_reg_183_reg[7]_i_1/CO[3]
                         net (fo=1, unplaced)         0.000     4.309    bd_0_i/hls_inst/inst/HLS_TREEADD_PERIPH_BUS_s_axi_U/add_ln43_5_reg_183_reg[7]_i_1_n_0
                         CARRY4 (Prop_carry4_CI_CO[3])
                                                      0.117     4.426 r  bd_0_i/hls_inst/inst/HLS_TREEADD_PERIPH_BUS_s_axi_U/add_ln43_5_reg_183_reg[11]_i_1/CO[3]
                         net (fo=1, unplaced)         0.000     4.426    bd_0_i/hls_inst/inst/HLS_TREEADD_PERIPH_BUS_s_axi_U/add_ln43_5_reg_183_reg[11]_i_1_n_0
                         CARRY4 (Prop_carry4_CI_CO[3])
                                                      0.117     4.543 r  bd_0_i/hls_inst/inst/HLS_TREEADD_PERIPH_BUS_s_axi_U/add_ln43_5_reg_183_reg[15]_i_1/CO[3]
                         net (fo=1, unplaced)         0.000     4.543    bd_0_i/hls_inst/inst/HLS_TREEADD_PERIPH_BUS_s_axi_U/add_ln43_5_reg_183_reg[15]_i_1_n_0
                         CARRY4 (Prop_carry4_CI_CO[3])
                                                      0.117     4.660 r  bd_0_i/hls_inst/inst/HLS_TREEADD_PERIPH_BUS_s_axi_U/add_ln43_5_reg_183_reg[19]_i_1/CO[3]
                         net (fo=1, unplaced)         0.000     4.660    bd_0_i/hls_inst/inst/HLS_TREEADD_PERIPH_BUS_s_axi_U/add_ln43_5_reg_183_reg[19]_i_1_n_0
                         CARRY4 (Prop_carry4_CI_CO[3])
                                                      0.117     4.777 r  bd_0_i/hls_inst/inst/HLS_TREEADD_PERIPH_BUS_s_axi_U/add_ln43_5_reg_183_reg[23]_i_1/CO[3]
                         net (fo=1, unplaced)         0.000     4.777    bd_0_i/hls_inst/inst/HLS_TREEADD_PERIPH_BUS_s_axi_U/add_ln43_5_reg_183_reg[23]_i_1_n_0
                         CARRY4 (Prop_carry4_CI_CO[3])
                                                      0.117     4.894 r  bd_0_i/hls_inst/inst/HLS_TREEADD_PERIPH_BUS_s_axi_U/add_ln43_5_reg_183_reg[27]_i_1/CO[3]
                         net (fo=1, unplaced)         0.000     4.894    bd_0_i/hls_inst/inst/HLS_TREEADD_PERIPH_BUS_s_axi_U/add_ln43_5_reg_183_reg[27]_i_1_n_0
                         CARRY4 (Prop_carry4_CI_O[2])
                                                      0.256     5.150 r  bd_0_i/hls_inst/inst/HLS_TREEADD_PERIPH_BUS_s_axi_U/add_ln43_5_reg_183_reg[31]_i_1/O[2]
                         net (fo=1, unplaced)         0.000     5.150    bd_0_i/hls_inst/inst/add_ln43_5_fu_157_p2[30]
                         FDRE                                         r  bd_0_i/hls_inst/inst/add_ln43_5_reg_183_reg[30]/D
  -------------------------------------------------------------------    -------------------

                         (clock ap_clk rise edge)    10.000    10.000 r  
                                                      0.000    10.000 r  ap_clk (IN)
                         net (fo=442, unset)          0.924    10.924    bd_0_i/hls_inst/inst/ap_clk
                         FDRE                                         r  bd_0_i/hls_inst/inst/add_ln43_5_reg_183_reg[30]/C
                         clock pessimism              0.000    10.924    
                         clock uncertainty           -0.035    10.889    
                         FDRE (Setup_fdre_C_D)        0.109    10.998    bd_0_i/hls_inst/inst/add_ln43_5_reg_183_reg[30]
  -------------------------------------------------------------------
                         required time                         10.998    
                         arrival time                          -5.150    
  -------------------------------------------------------------------
                         slack                                  5.848    

Slack (MET) :             5.872ns  (required time - arrival time)
  Source:                 bd_0_i/hls_inst/inst/HLS_TREEADD_PERIPH_BUS_s_axi_U/int_e_reg[4]/C
                            (rising edge-triggered cell FDRE clocked by ap_clk  {rise@0.000ns fall@5.000ns period=10.000ns})
  Destination:            bd_0_i/hls_inst/inst/add_ln43_5_reg_183_reg[28]/D
                            (rising edge-triggered cell FDRE clocked by ap_clk  {rise@0.000ns fall@5.000ns period=10.000ns})
  Path Group:             ap_clk
  Path Type:              Setup (Max at Slow Process Corner)
  Requirement:            10.000ns  (ap_clk rise@10.000ns - ap_clk rise@0.000ns)
  Data Path Delay:        4.153ns  (logic 2.274ns (54.756%)  route 1.879ns (45.244%))
  Logic Levels:           9  (CARRY4=7 LUT3=1 LUT5=1)
  Clock Path Skew:        -0.049ns (DCD - SCD + CPR)
    Destination Clock Delay (DCD):    0.924ns = ( 10.924 - 10.000 ) 
    Source Clock Delay      (SCD):    0.973ns
    Clock Pessimism Removal (CPR):    0.000ns
  Clock Uncertainty:      0.035ns  ((TSJ^2 + TIJ^2)^1/2 + DJ) / 2 + PE
    Total System Jitter     (TSJ):    0.071ns
    Total Input Jitter      (TIJ):    0.000ns
    Discrete Jitter          (DJ):    0.000ns
    Phase Error              (PE):    0.000ns

    Location             Delay type                Incr(ns)  Path(ns)    Netlist Resource(s)
  -------------------------------------------------------------------    -------------------
                         (clock ap_clk rise edge)     0.000     0.000 r  
                                                      0.000     0.000 r  ap_clk (IN)
                         net (fo=442, unset)          0.973     0.973    bd_0_i/hls_inst/inst/HLS_TREEADD_PERIPH_BUS_s_axi_U/ap_clk
                         FDRE                                         r  bd_0_i/hls_inst/inst/HLS_TREEADD_PERIPH_BUS_s_axi_U/int_e_reg[4]/C
  -------------------------------------------------------------------    -------------------
                         FDRE (Prop_fdre_C_Q)         0.518     1.491 r  bd_0_i/hls_inst/inst/HLS_TREEADD_PERIPH_BUS_s_axi_U/int_e_reg[4]/Q
                         net (fo=5, unplaced)         0.769     2.260    bd_0_i/hls_inst/inst/HLS_TREEADD_PERIPH_BUS_s_axi_U/e[4]
                         LUT3 (Prop_lut3_I0_O)        0.295     2.555 r  bd_0_i/hls_inst/inst/HLS_TREEADD_PERIPH_BUS_s_axi_U/add_ln43_5_reg_183[7]_i_12/O
                         net (fo=2, unplaced)         0.460     3.015    bd_0_i/hls_inst/inst/HLS_TREEADD_PERIPH_BUS_s_axi_U/add_ln43_5_reg_183[7]_i_12_n_0
                         LUT5 (Prop_lut5_I1_O)        0.124     3.139 r  bd_0_i/hls_inst/inst/HLS_TREEADD_PERIPH_BUS_s_axi_U/add_ln43_5_reg_183[7]_i_4/O
                         net (fo=2, unplaced)         0.650     3.789    bd_0_i/hls_inst/inst/HLS_TREEADD_PERIPH_BUS_s_axi_U/add_ln43_5_reg_183[7]_i_4_n_0
                         CARRY4 (Prop_carry4_DI[1]_CO[3])
                                                      0.520     4.309 r  bd_0_i/hls_inst/inst/HLS_TREEADD_PERIPH_BUS_s_axi_U/add_ln43_5_reg_183_reg[7]_i_1/CO[3]
                         net (fo=1, unplaced)         0.000     4.309    bd_0_i/hls_inst/inst/HLS_TREEADD_PERIPH_BUS_s_axi_U/add_ln43_5_reg_183_reg[7]_i_1_n_0
                         CARRY4 (Prop_carry4_CI_CO[3])
                                                      0.117     4.426 r  bd_0_i/hls_inst/inst/HLS_TREEADD_PERIPH_BUS_s_axi_U/add_ln43_5_reg_183_reg[11]_i_1/CO[3]
                         net (fo=1, unplaced)         0.000     4.426    bd_0_i/hls_inst/inst/HLS_TREEADD_PERIPH_BUS_s_axi_U/add_ln43_5_reg_183_reg[11]_i_1_n_0
                         CARRY4 (Prop_carry4_CI_CO[3])
                                                      0.117     4.543 r  bd_0_i/hls_inst/inst/HLS_TREEADD_PERIPH_BUS_s_axi_U/add_ln43_5_reg_183_reg[15]_i_1/CO[3]
                         net (fo=1, unplaced)         0.000     4.543    bd_0_i/hls_inst/inst/HLS_TREEADD_PERIPH_BUS_s_axi_U/add_ln43_5_reg_183_reg[15]_i_1_n_0
                         CARRY4 (Prop_carry4_CI_CO[3])
                                                      0.117     4.660 r  bd_0_i/hls_inst/inst/HLS_TREEADD_PERIPH_BUS_s_axi_U/add_ln43_5_reg_183_reg[19]_i_1/CO[3]
                         net (fo=1, unplaced)         0.000     4.660    bd_0_i/hls_inst/inst/HLS_TREEADD_PERIPH_BUS_s_axi_U/add_ln43_5_reg_183_reg[19]_i_1_n_0
                         CARRY4 (Prop_carry4_CI_CO[3])
                                                      0.117     4.777 r  bd_0_i/hls_inst/inst/HLS_TREEADD_PERIPH_BUS_s_axi_U/add_ln43_5_reg_183_reg[23]_i_1/CO[3]
                         net (fo=1, unplaced)         0.000     4.777    bd_0_i/hls_inst/inst/HLS_TREEADD_PERIPH_BUS_s_axi_U/add_ln43_5_reg_183_reg[23]_i_1_n_0
                         CARRY4 (Prop_carry4_CI_CO[3])
                                                      0.117     4.894 r  bd_0_i/hls_inst/inst/HLS_TREEADD_PERIPH_BUS_s_axi_U/add_ln43_5_reg_183_reg[27]_i_1/CO[3]
                         net (fo=1, unplaced)         0.000     4.894    bd_0_i/hls_inst/inst/HLS_TREEADD_PERIPH_BUS_s_axi_U/add_ln43_5_reg_183_reg[27]_i_1_n_0
                         CARRY4 (Prop_carry4_CI_O[0])
                                                      0.232     5.126 r  bd_0_i/hls_inst/inst/HLS_TREEADD_PERIPH_BUS_s_axi_U/add_ln43_5_reg_183_reg[31]_i_1/O[0]
                         net (fo=1, unplaced)         0.000     5.126    bd_0_i/hls_inst/inst/add_ln43_5_fu_157_p2[28]
                         FDRE                                         r  bd_0_i/hls_inst/inst/add_ln43_5_reg_183_reg[28]/D
  -------------------------------------------------------------------    -------------------

                         (clock ap_clk rise edge)    10.000    10.000 r  
                                                      0.000    10.000 r  ap_clk (IN)
                         net (fo=442, unset)          0.924    10.924    bd_0_i/hls_inst/inst/ap_clk
                         FDRE                                         r  bd_0_i/hls_inst/inst/add_ln43_5_reg_183_reg[28]/C
                         clock pessimism              0.000    10.924    
                         clock uncertainty           -0.035    10.889    
                         FDRE (Setup_fdre_C_D)        0.109    10.998    bd_0_i/hls_inst/inst/add_ln43_5_reg_183_reg[28]
  -------------------------------------------------------------------
                         required time                         10.998    
                         arrival time                          -5.126    
  -------------------------------------------------------------------
                         slack                                  5.872    

Slack (MET) :             5.884ns  (required time - arrival time)
  Source:                 bd_0_i/hls_inst/inst/HLS_TREEADD_PERIPH_BUS_s_axi_U/int_e_reg[4]/C
                            (rising edge-triggered cell FDRE clocked by ap_clk  {rise@0.000ns fall@5.000ns period=10.000ns})
  Destination:            bd_0_i/hls_inst/inst/add_ln43_5_reg_183_reg[25]/D
                            (rising edge-triggered cell FDRE clocked by ap_clk  {rise@0.000ns fall@5.000ns period=10.000ns})
  Path Group:             ap_clk
  Path Type:              Setup (Max at Slow Process Corner)
  Requirement:            10.000ns  (ap_clk rise@10.000ns - ap_clk rise@0.000ns)
  Data Path Delay:        4.141ns  (logic 2.262ns (54.624%)  route 1.879ns (45.376%))
  Logic Levels:           8  (CARRY4=6 LUT3=1 LUT5=1)
  Clock Path Skew:        -0.049ns (DCD - SCD + CPR)
    Destination Clock Delay (DCD):    0.924ns = ( 10.924 - 10.000 ) 
    Source Clock Delay      (SCD):    0.973ns
    Clock Pessimism Removal (CPR):    0.000ns
  Clock Uncertainty:      0.035ns  ((TSJ^2 + TIJ^2)^1/2 + DJ) / 2 + PE
    Total System Jitter     (TSJ):    0.071ns
    Total Input Jitter      (TIJ):    0.000ns
    Discrete Jitter          (DJ):    0.000ns
    Phase Error              (PE):    0.000ns

    Location             Delay type                Incr(ns)  Path(ns)    Netlist Resource(s)
  -------------------------------------------------------------------    -------------------
                         (clock ap_clk rise edge)     0.000     0.000 r  
                                                      0.000     0.000 r  ap_clk (IN)
                         net (fo=442, unset)          0.973     0.973    bd_0_i/hls_inst/inst/HLS_TREEADD_PERIPH_BUS_s_axi_U/ap_clk
                         FDRE                                         r  bd_0_i/hls_inst/inst/HLS_TREEADD_PERIPH_BUS_s_axi_U/int_e_reg[4]/C
  -------------------------------------------------------------------    -------------------
                         FDRE (Prop_fdre_C_Q)         0.518     1.491 r  bd_0_i/hls_inst/inst/HLS_TREEADD_PERIPH_BUS_s_axi_U/int_e_reg[4]/Q
                         net (fo=5, unplaced)         0.769     2.260    bd_0_i/hls_inst/inst/HLS_TREEADD_PERIPH_BUS_s_axi_U/e[4]
                         LUT3 (Prop_lut3_I0_O)        0.295     2.555 r  bd_0_i/hls_inst/inst/HLS_TREEADD_PERIPH_BUS_s_axi_U/add_ln43_5_reg_183[7]_i_12/O
                         net (fo=2, unplaced)         0.460     3.015    bd_0_i/hls_inst/inst/HLS_TREEADD_PERIPH_BUS_s_axi_U/add_ln43_5_reg_183[7]_i_12_n_0
                         LUT5 (Prop_lut5_I1_O)        0.124     3.139 r  bd_0_i/hls_inst/inst/HLS_TREEADD_PERIPH_BUS_s_axi_U/add_ln43_5_reg_183[7]_i_4/O
                         net (fo=2, unplaced)         0.650     3.789    bd_0_i/hls_inst/inst/HLS_TREEADD_PERIPH_BUS_s_axi_U/add_ln43_5_reg_183[7]_i_4_n_0
                         CARRY4 (Prop_carry4_DI[1]_CO[3])
                                                      0.520     4.309 r  bd_0_i/hls_inst/inst/HLS_TREEADD_PERIPH_BUS_s_axi_U/add_ln43_5_reg_183_reg[7]_i_1/CO[3]
                         net (fo=1, unplaced)         0.000     4.309    bd_0_i/hls_inst/inst/HLS_TREEADD_PERIPH_BUS_s_axi_U/add_ln43_5_reg_183_reg[7]_i_1_n_0
                         CARRY4 (Prop_carry4_CI_CO[3])
                                                      0.117     4.426 r  bd_0_i/hls_inst/inst/HLS_TREEADD_PERIPH_BUS_s_axi_U/add_ln43_5_reg_183_reg[11]_i_1/CO[3]
                         net (fo=1, unplaced)         0.000     4.426    bd_0_i/hls_inst/inst/HLS_TREEADD_PERIPH_BUS_s_axi_U/add_ln43_5_reg_183_reg[11]_i_1_n_0
                         CARRY4 (Prop_carry4_CI_CO[3])
                                                      0.117     4.543 r  bd_0_i/hls_inst/inst/HLS_TREEADD_PERIPH_BUS_s_axi_U/add_ln43_5_reg_183_reg[15]_i_1/CO[3]
                         net (fo=1, unplaced)         0.000     4.543    bd_0_i/hls_inst/inst/HLS_TREEADD_PERIPH_BUS_s_axi_U/add_ln43_5_reg_183_reg[15]_i_1_n_0
                         CARRY4 (Prop_carry4_CI_CO[3])
                                                      0.117     4.660 r  bd_0_i/hls_inst/inst/HLS_TREEADD_PERIPH_BUS_s_axi_U/add_ln43_5_reg_183_reg[19]_i_1/CO[3]
                         net (fo=1, unplaced)         0.000     4.660    bd_0_i/hls_inst/inst/HLS_TREEADD_PERIPH_BUS_s_axi_U/add_ln43_5_reg_183_reg[19]_i_1_n_0
                         CARRY4 (Prop_carry4_CI_CO[3])
                                                      0.117     4.777 r  bd_0_i/hls_inst/inst/HLS_TREEADD_PERIPH_BUS_s_axi_U/add_ln43_5_reg_183_reg[23]_i_1/CO[3]
                         net (fo=1, unplaced)         0.000     4.777    bd_0_i/hls_inst/inst/HLS_TREEADD_PERIPH_BUS_s_axi_U/add_ln43_5_reg_183_reg[23]_i_1_n_0
                         CARRY4 (Prop_carry4_CI_O[1])
                                                      0.337     5.114 r  bd_0_i/hls_inst/inst/HLS_TREEADD_PERIPH_BUS_s_axi_U/add_ln43_5_reg_183_reg[27]_i_1/O[1]
                         net (fo=1, unplaced)         0.000     5.114    bd_0_i/hls_inst/inst/add_ln43_5_fu_157_p2[25]
                         FDRE                                         r  bd_0_i/hls_inst/inst/add_ln43_5_reg_183_reg[25]/D
  -------------------------------------------------------------------    -------------------

                         (clock ap_clk rise edge)    10.000    10.000 r  
                                                      0.000    10.000 r  ap_clk (IN)
                         net (fo=442, unset)          0.924    10.924    bd_0_i/hls_inst/inst/ap_clk
                         FDRE                                         r  bd_0_i/hls_inst/inst/add_ln43_5_reg_183_reg[25]/C
                         clock pessimism              0.000    10.924    
                         clock uncertainty           -0.035    10.889    
                         FDRE (Setup_fdre_C_D)        0.109    10.998    bd_0_i/hls_inst/inst/add_ln43_5_reg_183_reg[25]
  -------------------------------------------------------------------
                         required time                         10.998    
                         arrival time                          -5.114    
  -------------------------------------------------------------------
                         slack                                  5.884    

Slack (MET) :             5.890ns  (required time - arrival time)
  Source:                 bd_0_i/hls_inst/inst/HLS_TREEADD_PERIPH_BUS_s_axi_U/int_e_reg[4]/C
                            (rising edge-triggered cell FDRE clocked by ap_clk  {rise@0.000ns fall@5.000ns period=10.000ns})
  Destination:            bd_0_i/hls_inst/inst/add_ln43_5_reg_183_reg[27]/D
                            (rising edge-triggered cell FDRE clocked by ap_clk  {rise@0.000ns fall@5.000ns period=10.000ns})
  Path Group:             ap_clk
  Path Type:              Setup (Max at Slow Process Corner)
  Requirement:            10.000ns  (ap_clk rise@10.000ns - ap_clk rise@0.000ns)
  Data Path Delay:        4.135ns  (logic 2.256ns (54.559%)  route 1.879ns (45.441%))
  Logic Levels:           8  (CARRY4=6 LUT3=1 LUT5=1)
  Clock Path Skew:        -0.049ns (DCD - SCD + CPR)
    Destination Clock Delay (DCD):    0.924ns = ( 10.924 - 10.000 ) 
    Source Clock Delay      (SCD):    0.973ns
    Clock Pessimism Removal (CPR):    0.000ns
  Clock Uncertainty:      0.035ns  ((TSJ^2 + TIJ^2)^1/2 + DJ) / 2 + PE
    Total System Jitter     (TSJ):    0.071ns
    Total Input Jitter      (TIJ):    0.000ns
    Discrete Jitter          (DJ):    0.000ns
    Phase Error              (PE):    0.000ns

    Location             Delay type                Incr(ns)  Path(ns)    Netlist Resource(s)
  -------------------------------------------------------------------    -------------------
                         (clock ap_clk rise edge)     0.000     0.000 r  
                                                      0.000     0.000 r  ap_clk (IN)
                         net (fo=442, unset)          0.973     0.973    bd_0_i/hls_inst/inst/HLS_TREEADD_PERIPH_BUS_s_axi_U/ap_clk
                         FDRE                                         r  bd_0_i/hls_inst/inst/HLS_TREEADD_PERIPH_BUS_s_axi_U/int_e_reg[4]/C
  -------------------------------------------------------------------    -------------------
                         FDRE (Prop_fdre_C_Q)         0.518     1.491 r  bd_0_i/hls_inst/inst/HLS_TREEADD_PERIPH_BUS_s_axi_U/int_e_reg[4]/Q
                         net (fo=5, unplaced)         0.769     2.260    bd_0_i/hls_inst/inst/HLS_TREEADD_PERIPH_BUS_s_axi_U/e[4]
                         LUT3 (Prop_lut3_I0_O)        0.295     2.555 r  bd_0_i/hls_inst/inst/HLS_TREEADD_PERIPH_BUS_s_axi_U/add_ln43_5_reg_183[7]_i_12/O
                         net (fo=2, unplaced)         0.460     3.015    bd_0_i/hls_inst/inst/HLS_TREEADD_PERIPH_BUS_s_axi_U/add_ln43_5_reg_183[7]_i_12_n_0
                         LUT5 (Prop_lut5_I1_O)        0.124     3.139 r  bd_0_i/hls_inst/inst/HLS_TREEADD_PERIPH_BUS_s_axi_U/add_ln43_5_reg_183[7]_i_4/O
                         net (fo=2, unplaced)         0.650     3.789    bd_0_i/hls_inst/inst/HLS_TREEADD_PERIPH_BUS_s_axi_U/add_ln43_5_reg_183[7]_i_4_n_0
                         CARRY4 (Prop_carry4_DI[1]_CO[3])
                                                      0.520     4.309 r  bd_0_i/hls_inst/inst/HLS_TREEADD_PERIPH_BUS_s_axi_U/add_ln43_5_reg_183_reg[7]_i_1/CO[3]
                         net (fo=1, unplaced)         0.000     4.309    bd_0_i/hls_inst/inst/HLS_TREEADD_PERIPH_BUS_s_axi_U/add_ln43_5_reg_183_reg[7]_i_1_n_0
                         CARRY4 (Prop_carry4_CI_CO[3])
                                                      0.117     4.426 r  bd_0_i/hls_inst/inst/HLS_TREEADD_PERIPH_BUS_s_axi_U/add_ln43_5_reg_183_reg[11]_i_1/CO[3]
                         net (fo=1, unplaced)         0.000     4.426    bd_0_i/hls_inst/inst/HLS_TREEADD_PERIPH_BUS_s_axi_U/add_ln43_5_reg_183_reg[11]_i_1_n_0
                         CARRY4 (Prop_carry4_CI_CO[3])
                                                      0.117     4.543 r  bd_0_i/hls_inst/inst/HLS_TREEADD_PERIPH_BUS_s_axi_U/add_ln43_5_reg_183_reg[15]_i_1/CO[3]
                         net (fo=1, unplaced)         0.000     4.543    bd_0_i/hls_inst/inst/HLS_TREEADD_PERIPH_BUS_s_axi_U/add_ln43_5_reg_183_reg[15]_i_1_n_0
                         CARRY4 (Prop_carry4_CI_CO[3])
                                                      0.117     4.660 r  bd_0_i/hls_inst/inst/HLS_TREEADD_PERIPH_BUS_s_axi_U/add_ln43_5_reg_183_reg[19]_i_1/CO[3]
                         net (fo=1, unplaced)         0.000     4.660    bd_0_i/hls_inst/inst/HLS_TREEADD_PERIPH_BUS_s_axi_U/add_ln43_5_reg_183_reg[19]_i_1_n_0
                         CARRY4 (Prop_carry4_CI_CO[3])
                                                      0.117     4.777 r  bd_0_i/hls_inst/inst/HLS_TREEADD_PERIPH_BUS_s_axi_U/add_ln43_5_reg_183_reg[23]_i_1/CO[3]
                         net (fo=1, unplaced)         0.000     4.777    bd_0_i/hls_inst/inst/HLS_TREEADD_PERIPH_BUS_s_axi_U/add_ln43_5_reg_183_reg[23]_i_1_n_0
                         CARRY4 (Prop_carry4_CI_O[3])
                                                      0.331     5.108 r  bd_0_i/hls_inst/inst/HLS_TREEADD_PERIPH_BUS_s_axi_U/add_ln43_5_reg_183_reg[27]_i_1/O[3]
                         net (fo=1, unplaced)         0.000     5.108    bd_0_i/hls_inst/inst/add_ln43_5_fu_157_p2[27]
                         FDRE                                         r  bd_0_i/hls_inst/inst/add_ln43_5_reg_183_reg[27]/D
  -------------------------------------------------------------------    -------------------

                         (clock ap_clk rise edge)    10.000    10.000 r  
                                                      0.000    10.000 r  ap_clk (IN)
                         net (fo=442, unset)          0.924    10.924    bd_0_i/hls_inst/inst/ap_clk
                         FDRE                                         r  bd_0_i/hls_inst/inst/add_ln43_5_reg_183_reg[27]/C
                         clock pessimism              0.000    10.924    
                         clock uncertainty           -0.035    10.889    
                         FDRE (Setup_fdre_C_D)        0.109    10.998    bd_0_i/hls_inst/inst/add_ln43_5_reg_183_reg[27]
  -------------------------------------------------------------------
                         required time                         10.998    
                         arrival time                          -5.108    
  -------------------------------------------------------------------
                         slack                                  5.890    

Slack (MET) :             5.965ns  (required time - arrival time)
  Source:                 bd_0_i/hls_inst/inst/HLS_TREEADD_PERIPH_BUS_s_axi_U/int_e_reg[4]/C
                            (rising edge-triggered cell FDRE clocked by ap_clk  {rise@0.000ns fall@5.000ns period=10.000ns})
  Destination:            bd_0_i/hls_inst/inst/add_ln43_5_reg_183_reg[26]/D
                            (rising edge-triggered cell FDRE clocked by ap_clk  {rise@0.000ns fall@5.000ns period=10.000ns})
  Path Group:             ap_clk
  Path Type:              Setup (Max at Slow Process Corner)
  Requirement:            10.000ns  (ap_clk rise@10.000ns - ap_clk rise@0.000ns)
  Data Path Delay:        4.060ns  (logic 2.181ns (53.719%)  route 1.879ns (46.281%))
  Logic Levels:           8  (CARRY4=6 LUT3=1 LUT5=1)
  Clock Path Skew:        -0.049ns (DCD - SCD + CPR)
    Destination Clock Delay (DCD):    0.924ns = ( 10.924 - 10.000 ) 
    Source Clock Delay      (SCD):    0.973ns
    Clock Pessimism Removal (CPR):    0.000ns
  Clock Uncertainty:      0.035ns  ((TSJ^2 + TIJ^2)^1/2 + DJ) / 2 + PE
    Total System Jitter     (TSJ):    0.071ns
    Total Input Jitter      (TIJ):    0.000ns
    Discrete Jitter          (DJ):    0.000ns
    Phase Error              (PE):    0.000ns

    Location             Delay type                Incr(ns)  Path(ns)    Netlist Resource(s)
  -------------------------------------------------------------------    -------------------
                         (clock ap_clk rise edge)     0.000     0.000 r  
                                                      0.000     0.000 r  ap_clk (IN)
                         net (fo=442, unset)          0.973     0.973    bd_0_i/hls_inst/inst/HLS_TREEADD_PERIPH_BUS_s_axi_U/ap_clk
                         FDRE                                         r  bd_0_i/hls_inst/inst/HLS_TREEADD_PERIPH_BUS_s_axi_U/int_e_reg[4]/C
  -------------------------------------------------------------------    -------------------
                         FDRE (Prop_fdre_C_Q)         0.518     1.491 r  bd_0_i/hls_inst/inst/HLS_TREEADD_PERIPH_BUS_s_axi_U/int_e_reg[4]/Q
                         net (fo=5, unplaced)         0.769     2.260    bd_0_i/hls_inst/inst/HLS_TREEADD_PERIPH_BUS_s_axi_U/e[4]
                         LUT3 (Prop_lut3_I0_O)        0.295     2.555 r  bd_0_i/hls_inst/inst/HLS_TREEADD_PERIPH_BUS_s_axi_U/add_ln43_5_reg_183[7]_i_12/O
                         net (fo=2, unplaced)         0.460     3.015    bd_0_i/hls_inst/inst/HLS_TREEADD_PERIPH_BUS_s_axi_U/add_ln43_5_reg_183[7]_i_12_n_0
                         LUT5 (Prop_lut5_I1_O)        0.124     3.139 r  bd_0_i/hls_inst/inst/HLS_TREEADD_PERIPH_BUS_s_axi_U/add_ln43_5_reg_183[7]_i_4/O
                         net (fo=2, unplaced)         0.650     3.789    bd_0_i/hls_inst/inst/HLS_TREEADD_PERIPH_BUS_s_axi_U/add_ln43_5_reg_183[7]_i_4_n_0
                         CARRY4 (Prop_carry4_DI[1]_CO[3])
                                                      0.520     4.309 r  bd_0_i/hls_inst/inst/HLS_TREEADD_PERIPH_BUS_s_axi_U/add_ln43_5_reg_183_reg[7]_i_1/CO[3]
                         net (fo=1, unplaced)         0.000     4.309    bd_0_i/hls_inst/inst/HLS_TREEADD_PERIPH_BUS_s_axi_U/add_ln43_5_reg_183_reg[7]_i_1_n_0
                         CARRY4 (Prop_carry4_CI_CO[3])
                                                      0.117     4.426 r  bd_0_i/hls_inst/inst/HLS_TREEADD_PERIPH_BUS_s_axi_U/add_ln43_5_reg_183_reg[11]_i_1/CO[3]
                         net (fo=1, unplaced)         0.000     4.426    bd_0_i/hls_inst/inst/HLS_TREEADD_PERIPH_BUS_s_axi_U/add_ln43_5_reg_183_reg[11]_i_1_n_0
                         CARRY4 (Prop_carry4_CI_CO[3])
                                                      0.117     4.543 r  bd_0_i/hls_inst/inst/HLS_TREEADD_PERIPH_BUS_s_axi_U/add_ln43_5_reg_183_reg[15]_i_1/CO[3]
                         net (fo=1, unplaced)         0.000     4.543    bd_0_i/hls_inst/inst/HLS_TREEADD_PERIPH_BUS_s_axi_U/add_ln43_5_reg_183_reg[15]_i_1_n_0
                         CARRY4 (Prop_carry4_CI_CO[3])
                                                      0.117     4.660 r  bd_0_i/hls_inst/inst/HLS_TREEADD_PERIPH_BUS_s_axi_U/add_ln43_5_reg_183_reg[19]_i_1/CO[3]
                         net (fo=1, unplaced)         0.000     4.660    bd_0_i/hls_inst/inst/HLS_TREEADD_PERIPH_BUS_s_axi_U/add_ln43_5_reg_183_reg[19]_i_1_n_0
                         CARRY4 (Prop_carry4_CI_CO[3])
                                                      0.117     4.777 r  bd_0_i/hls_inst/inst/HLS_TREEADD_PERIPH_BUS_s_axi_U/add_ln43_5_reg_183_reg[23]_i_1/CO[3]
                         net (fo=1, unplaced)         0.000     4.777    bd_0_i/hls_inst/inst/HLS_TREEADD_PERIPH_BUS_s_axi_U/add_ln43_5_reg_183_reg[23]_i_1_n_0
                         CARRY4 (Prop_carry4_CI_O[2])
                                                      0.256     5.033 r  bd_0_i/hls_inst/inst/HLS_TREEADD_PERIPH_BUS_s_axi_U/add_ln43_5_reg_183_reg[27]_i_1/O[2]
                         net (fo=1, unplaced)         0.000     5.033    bd_0_i/hls_inst/inst/add_ln43_5_fu_157_p2[26]
                         FDRE                                         r  bd_0_i/hls_inst/inst/add_ln43_5_reg_183_reg[26]/D
  -------------------------------------------------------------------    -------------------

                         (clock ap_clk rise edge)    10.000    10.000 r  
                                                      0.000    10.000 r  ap_clk (IN)
                         net (fo=442, unset)          0.924    10.924    bd_0_i/hls_inst/inst/ap_clk
                         FDRE                                         r  bd_0_i/hls_inst/inst/add_ln43_5_reg_183_reg[26]/C
                         clock pessimism              0.000    10.924    
                         clock uncertainty           -0.035    10.889    
                         FDRE (Setup_fdre_C_D)        0.109    10.998    bd_0_i/hls_inst/inst/add_ln43_5_reg_183_reg[26]
  -------------------------------------------------------------------
                         required time                         10.998    
                         arrival time                          -5.033    
  -------------------------------------------------------------------
                         slack                                  5.965    

Slack (MET) :             5.989ns  (required time - arrival time)
  Source:                 bd_0_i/hls_inst/inst/HLS_TREEADD_PERIPH_BUS_s_axi_U/int_e_reg[4]/C
                            (rising edge-triggered cell FDRE clocked by ap_clk  {rise@0.000ns fall@5.000ns period=10.000ns})
  Destination:            bd_0_i/hls_inst/inst/add_ln43_5_reg_183_reg[24]/D
                            (rising edge-triggered cell FDRE clocked by ap_clk  {rise@0.000ns fall@5.000ns period=10.000ns})
  Path Group:             ap_clk
  Path Type:              Setup (Max at Slow Process Corner)
  Requirement:            10.000ns  (ap_clk rise@10.000ns - ap_clk rise@0.000ns)
  Data Path Delay:        4.036ns  (logic 2.157ns (53.444%)  route 1.879ns (46.556%))
  Logic Levels:           8  (CARRY4=6 LUT3=1 LUT5=1)
  Clock Path Skew:        -0.049ns (DCD - SCD + CPR)
    Destination Clock Delay (DCD):    0.924ns = ( 10.924 - 10.000 ) 
    Source Clock Delay      (SCD):    0.973ns
    Clock Pessimism Removal (CPR):    0.000ns
  Clock Uncertainty:      0.035ns  ((TSJ^2 + TIJ^2)^1/2 + DJ) / 2 + PE
    Total System Jitter     (TSJ):    0.071ns
    Total Input Jitter      (TIJ):    0.000ns
    Discrete Jitter          (DJ):    0.000ns
    Phase Error              (PE):    0.000ns

    Location             Delay type                Incr(ns)  Path(ns)    Netlist Resource(s)
  -------------------------------------------------------------------    -------------------
                         (clock ap_clk rise edge)     0.000     0.000 r  
                                                      0.000     0.000 r  ap_clk (IN)
                         net (fo=442, unset)          0.973     0.973    bd_0_i/hls_inst/inst/HLS_TREEADD_PERIPH_BUS_s_axi_U/ap_clk
                         FDRE                                         r  bd_0_i/hls_inst/inst/HLS_TREEADD_PERIPH_BUS_s_axi_U/int_e_reg[4]/C
  -------------------------------------------------------------------    -------------------
                         FDRE (Prop_fdre_C_Q)         0.518     1.491 r  bd_0_i/hls_inst/inst/HLS_TREEADD_PERIPH_BUS_s_axi_U/int_e_reg[4]/Q
                         net (fo=5, unplaced)         0.769     2.260    bd_0_i/hls_inst/inst/HLS_TREEADD_PERIPH_BUS_s_axi_U/e[4]
                         LUT3 (Prop_lut3_I0_O)        0.295     2.555 r  bd_0_i/hls_inst/inst/HLS_TREEADD_PERIPH_BUS_s_axi_U/add_ln43_5_reg_183[7]_i_12/O
                         net (fo=2, unplaced)         0.460     3.015    bd_0_i/hls_inst/inst/HLS_TREEADD_PERIPH_BUS_s_axi_U/add_ln43_5_reg_183[7]_i_12_n_0
                         LUT5 (Prop_lut5_I1_O)        0.124     3.139 r  bd_0_i/hls_inst/inst/HLS_TREEADD_PERIPH_BUS_s_axi_U/add_ln43_5_reg_183[7]_i_4/O
                         net (fo=2, unplaced)         0.650     3.789    bd_0_i/hls_inst/inst/HLS_TREEADD_PERIPH_BUS_s_axi_U/add_ln43_5_reg_183[7]_i_4_n_0
                         CARRY4 (Prop_carry4_DI[1]_CO[3])
                                                      0.520     4.309 r  bd_0_i/hls_inst/inst/HLS_TREEADD_PERIPH_BUS_s_axi_U/add_ln43_5_reg_183_reg[7]_i_1/CO[3]
                         net (fo=1, unplaced)         0.000     4.309    bd_0_i/hls_inst/inst/HLS_TREEADD_PERIPH_BUS_s_axi_U/add_ln43_5_reg_183_reg[7]_i_1_n_0
                         CARRY4 (Prop_carry4_CI_CO[3])
                                                      0.117     4.426 r  bd_0_i/hls_inst/inst/HLS_TREEADD_PERIPH_BUS_s_axi_U/add_ln43_5_reg_183_reg[11]_i_1/CO[3]
                         net (fo=1, unplaced)         0.000     4.426    bd_0_i/hls_inst/inst/HLS_TREEADD_PERIPH_BUS_s_axi_U/add_ln43_5_reg_183_reg[11]_i_1_n_0
                         CARRY4 (Prop_carry4_CI_CO[3])
                                                      0.117     4.543 r  bd_0_i/hls_inst/inst/HLS_TREEADD_PERIPH_BUS_s_axi_U/add_ln43_5_reg_183_reg[15]_i_1/CO[3]
                         net (fo=1, unplaced)         0.000     4.543    bd_0_i/hls_inst/inst/HLS_TREEADD_PERIPH_BUS_s_axi_U/add_ln43_5_reg_183_reg[15]_i_1_n_0
                         CARRY4 (Prop_carry4_CI_CO[3])
                                                      0.117     4.660 r  bd_0_i/hls_inst/inst/HLS_TREEADD_PERIPH_BUS_s_axi_U/add_ln43_5_reg_183_reg[19]_i_1/CO[3]
                         net (fo=1, unplaced)         0.000     4.660    bd_0_i/hls_inst/inst/HLS_TREEADD_PERIPH_BUS_s_axi_U/add_ln43_5_reg_183_reg[19]_i_1_n_0
                         CARRY4 (Prop_carry4_CI_CO[3])
                                                      0.117     4.777 r  bd_0_i/hls_inst/inst/HLS_TREEADD_PERIPH_BUS_s_axi_U/add_ln43_5_reg_183_reg[23]_i_1/CO[3]
                         net (fo=1, unplaced)         0.000     4.777    bd_0_i/hls_inst/inst/HLS_TREEADD_PERIPH_BUS_s_axi_U/add_ln43_5_reg_183_reg[23]_i_1_n_0
                         CARRY4 (Prop_carry4_CI_O[0])
                                                      0.232     5.009 r  bd_0_i/hls_inst/inst/HLS_TREEADD_PERIPH_BUS_s_axi_U/add_ln43_5_reg_183_reg[27]_i_1/O[0]
                         net (fo=1, unplaced)         0.000     5.009    bd_0_i/hls_inst/inst/add_ln43_5_fu_157_p2[24]
                         FDRE                                         r  bd_0_i/hls_inst/inst/add_ln43_5_reg_183_reg[24]/D
  -------------------------------------------------------------------    -------------------

                         (clock ap_clk rise edge)    10.000    10.000 r  
                                                      0.000    10.000 r  ap_clk (IN)
                         net (fo=442, unset)          0.924    10.924    bd_0_i/hls_inst/inst/ap_clk
                         FDRE                                         r  bd_0_i/hls_inst/inst/add_ln43_5_reg_183_reg[24]/C
                         clock pessimism              0.000    10.924    
                         clock uncertainty           -0.035    10.889    
                         FDRE (Setup_fdre_C_D)        0.109    10.998    bd_0_i/hls_inst/inst/add_ln43_5_reg_183_reg[24]
  -------------------------------------------------------------------
                         required time                         10.998    
                         arrival time                          -5.009    
  -------------------------------------------------------------------
                         slack                                  5.989    

Slack (MET) :             6.001ns  (required time - arrival time)
  Source:                 bd_0_i/hls_inst/inst/HLS_TREEADD_PERIPH_BUS_s_axi_U/int_e_reg[4]/C
                            (rising edge-triggered cell FDRE clocked by ap_clk  {rise@0.000ns fall@5.000ns period=10.000ns})
  Destination:            bd_0_i/hls_inst/inst/add_ln43_5_reg_183_reg[21]/D
                            (rising edge-triggered cell FDRE clocked by ap_clk  {rise@0.000ns fall@5.000ns period=10.000ns})
  Path Group:             ap_clk
  Path Type:              Setup (Max at Slow Process Corner)
  Requirement:            10.000ns  (ap_clk rise@10.000ns - ap_clk rise@0.000ns)
  Data Path Delay:        4.024ns  (logic 2.145ns (53.305%)  route 1.879ns (46.695%))
  Logic Levels:           7  (CARRY4=5 LUT3=1 LUT5=1)
  Clock Path Skew:        -0.049ns (DCD - SCD + CPR)
    Destination Clock Delay (DCD):    0.924ns = ( 10.924 - 10.000 ) 
    Source Clock Delay      (SCD):    0.973ns
    Clock Pessimism Removal (CPR):    0.000ns
  Clock Uncertainty:      0.035ns  ((TSJ^2 + TIJ^2)^1/2 + DJ) / 2 + PE
    Total System Jitter     (TSJ):    0.071ns
    Total Input Jitter      (TIJ):    0.000ns
    Discrete Jitter          (DJ):    0.000ns
    Phase Error              (PE):    0.000ns

    Location             Delay type                Incr(ns)  Path(ns)    Netlist Resource(s)
  -------------------------------------------------------------------    -------------------
                         (clock ap_clk rise edge)     0.000     0.000 r  
                                                      0.000     0.000 r  ap_clk (IN)
                         net (fo=442, unset)          0.973     0.973    bd_0_i/hls_inst/inst/HLS_TREEADD_PERIPH_BUS_s_axi_U/ap_clk
                         FDRE                                         r  bd_0_i/hls_inst/inst/HLS_TREEADD_PERIPH_BUS_s_axi_U/int_e_reg[4]/C
  -------------------------------------------------------------------    -------------------
                         FDRE (Prop_fdre_C_Q)         0.518     1.491 r  bd_0_i/hls_inst/inst/HLS_TREEADD_PERIPH_BUS_s_axi_U/int_e_reg[4]/Q
                         net (fo=5, unplaced)         0.769     2.260    bd_0_i/hls_inst/inst/HLS_TREEADD_PERIPH_BUS_s_axi_U/e[4]
                         LUT3 (Prop_lut3_I0_O)        0.295     2.555 r  bd_0_i/hls_inst/inst/HLS_TREEADD_PERIPH_BUS_s_axi_U/add_ln43_5_reg_183[7]_i_12/O
                         net (fo=2, unplaced)         0.460     3.015    bd_0_i/hls_inst/inst/HLS_TREEADD_PERIPH_BUS_s_axi_U/add_ln43_5_reg_183[7]_i_12_n_0
                         LUT5 (Prop_lut5_I1_O)        0.124     3.139 r  bd_0_i/hls_inst/inst/HLS_TREEADD_PERIPH_BUS_s_axi_U/add_ln43_5_reg_183[7]_i_4/O
                         net (fo=2, unplaced)         0.650     3.789    bd_0_i/hls_inst/inst/HLS_TREEADD_PERIPH_BUS_s_axi_U/add_ln43_5_reg_183[7]_i_4_n_0
                         CARRY4 (Prop_carry4_DI[1]_CO[3])
                                                      0.520     4.309 r  bd_0_i/hls_inst/inst/HLS_TREEADD_PERIPH_BUS_s_axi_U/add_ln43_5_reg_183_reg[7]_i_1/CO[3]
                         net (fo=1, unplaced)         0.000     4.309    bd_0_i/hls_inst/inst/HLS_TREEADD_PERIPH_BUS_s_axi_U/add_ln43_5_reg_183_reg[7]_i_1_n_0
                         CARRY4 (Prop_carry4_CI_CO[3])
                                                      0.117     4.426 r  bd_0_i/hls_inst/inst/HLS_TREEADD_PERIPH_BUS_s_axi_U/add_ln43_5_reg_183_reg[11]_i_1/CO[3]
                         net (fo=1, unplaced)         0.000     4.426    bd_0_i/hls_inst/inst/HLS_TREEADD_PERIPH_BUS_s_axi_U/add_ln43_5_reg_183_reg[11]_i_1_n_0
                         CARRY4 (Prop_carry4_CI_CO[3])
                                                      0.117     4.543 r  bd_0_i/hls_inst/inst/HLS_TREEADD_PERIPH_BUS_s_axi_U/add_ln43_5_reg_183_reg[15]_i_1/CO[3]
                         net (fo=1, unplaced)         0.000     4.543    bd_0_i/hls_inst/inst/HLS_TREEADD_PERIPH_BUS_s_axi_U/add_ln43_5_reg_183_reg[15]_i_1_n_0
                         CARRY4 (Prop_carry4_CI_CO[3])
                                                      0.117     4.660 r  bd_0_i/hls_inst/inst/HLS_TREEADD_PERIPH_BUS_s_axi_U/add_ln43_5_reg_183_reg[19]_i_1/CO[3]
                         net (fo=1, unplaced)         0.000     4.660    bd_0_i/hls_inst/inst/HLS_TREEADD_PERIPH_BUS_s_axi_U/add_ln43_5_reg_183_reg[19]_i_1_n_0
                         CARRY4 (Prop_carry4_CI_O[1])
                                                      0.337     4.997 r  bd_0_i/hls_inst/inst/HLS_TREEADD_PERIPH_BUS_s_axi_U/add_ln43_5_reg_183_reg[23]_i_1/O[1]
                         net (fo=1, unplaced)         0.000     4.997    bd_0_i/hls_inst/inst/add_ln43_5_fu_157_p2[21]
                         FDRE                                         r  bd_0_i/hls_inst/inst/add_ln43_5_reg_183_reg[21]/D
  -------------------------------------------------------------------    -------------------

                         (clock ap_clk rise edge)    10.000    10.000 r  
                                                      0.000    10.000 r  ap_clk (IN)
                         net (fo=442, unset)          0.924    10.924    bd_0_i/hls_inst/inst/ap_clk
                         FDRE                                         r  bd_0_i/hls_inst/inst/add_ln43_5_reg_183_reg[21]/C
                         clock pessimism              0.000    10.924    
                         clock uncertainty           -0.035    10.889    
                         FDRE (Setup_fdre_C_D)        0.109    10.998    bd_0_i/hls_inst/inst/add_ln43_5_reg_183_reg[21]
  -------------------------------------------------------------------
                         required time                         10.998    
                         arrival time                          -4.997    
  -------------------------------------------------------------------
                         slack                                  6.001    

Slack (MET) :             6.007ns  (required time - arrival time)
  Source:                 bd_0_i/hls_inst/inst/HLS_TREEADD_PERIPH_BUS_s_axi_U/int_e_reg[4]/C
                            (rising edge-triggered cell FDRE clocked by ap_clk  {rise@0.000ns fall@5.000ns period=10.000ns})
  Destination:            bd_0_i/hls_inst/inst/add_ln43_5_reg_183_reg[23]/D
                            (rising edge-triggered cell FDRE clocked by ap_clk  {rise@0.000ns fall@5.000ns period=10.000ns})
  Path Group:             ap_clk
  Path Type:              Setup (Max at Slow Process Corner)
  Requirement:            10.000ns  (ap_clk rise@10.000ns - ap_clk rise@0.000ns)
  Data Path Delay:        4.018ns  (logic 2.139ns (53.235%)  route 1.879ns (46.765%))
  Logic Levels:           7  (CARRY4=5 LUT3=1 LUT5=1)
  Clock Path Skew:        -0.049ns (DCD - SCD + CPR)
    Destination Clock Delay (DCD):    0.924ns = ( 10.924 - 10.000 ) 
    Source Clock Delay      (SCD):    0.973ns
    Clock Pessimism Removal (CPR):    0.000ns
  Clock Uncertainty:      0.035ns  ((TSJ^2 + TIJ^2)^1/2 + DJ) / 2 + PE
    Total System Jitter     (TSJ):    0.071ns
    Total Input Jitter      (TIJ):    0.000ns
    Discrete Jitter          (DJ):    0.000ns
    Phase Error              (PE):    0.000ns

    Location             Delay type                Incr(ns)  Path(ns)    Netlist Resource(s)
  -------------------------------------------------------------------    -------------------
                         (clock ap_clk rise edge)     0.000     0.000 r  
                                                      0.000     0.000 r  ap_clk (IN)
                         net (fo=442, unset)          0.973     0.973    bd_0_i/hls_inst/inst/HLS_TREEADD_PERIPH_BUS_s_axi_U/ap_clk
                         FDRE                                         r  bd_0_i/hls_inst/inst/HLS_TREEADD_PERIPH_BUS_s_axi_U/int_e_reg[4]/C
  -------------------------------------------------------------------    -------------------
                         FDRE (Prop_fdre_C_Q)         0.518     1.491 r  bd_0_i/hls_inst/inst/HLS_TREEADD_PERIPH_BUS_s_axi_U/int_e_reg[4]/Q
                         net (fo=5, unplaced)         0.769     2.260    bd_0_i/hls_inst/inst/HLS_TREEADD_PERIPH_BUS_s_axi_U/e[4]
                         LUT3 (Prop_lut3_I0_O)        0.295     2.555 r  bd_0_i/hls_inst/inst/HLS_TREEADD_PERIPH_BUS_s_axi_U/add_ln43_5_reg_183[7]_i_12/O
                         net (fo=2, unplaced)         0.460     3.015    bd_0_i/hls_inst/inst/HLS_TREEADD_PERIPH_BUS_s_axi_U/add_ln43_5_reg_183[7]_i_12_n_0
                         LUT5 (Prop_lut5_I1_O)        0.124     3.139 r  bd_0_i/hls_inst/inst/HLS_TREEADD_PERIPH_BUS_s_axi_U/add_ln43_5_reg_183[7]_i_4/O
                         net (fo=2, unplaced)         0.650     3.789    bd_0_i/hls_inst/inst/HLS_TREEADD_PERIPH_BUS_s_axi_U/add_ln43_5_reg_183[7]_i_4_n_0
                         CARRY4 (Prop_carry4_DI[1]_CO[3])
                                                      0.520     4.309 r  bd_0_i/hls_inst/inst/HLS_TREEADD_PERIPH_BUS_s_axi_U/add_ln43_5_reg_183_reg[7]_i_1/CO[3]
                         net (fo=1, unplaced)         0.000     4.309    bd_0_i/hls_inst/inst/HLS_TREEADD_PERIPH_BUS_s_axi_U/add_ln43_5_reg_183_reg[7]_i_1_n_0
                         CARRY4 (Prop_carry4_CI_CO[3])
                                                      0.117     4.426 r  bd_0_i/hls_inst/inst/HLS_TREEADD_PERIPH_BUS_s_axi_U/add_ln43_5_reg_183_reg[11]_i_1/CO[3]
                         net (fo=1, unplaced)         0.000     4.426    bd_0_i/hls_inst/inst/HLS_TREEADD_PERIPH_BUS_s_axi_U/add_ln43_5_reg_183_reg[11]_i_1_n_0
                         CARRY4 (Prop_carry4_CI_CO[3])
                                                      0.117     4.543 r  bd_0_i/hls_inst/inst/HLS_TREEADD_PERIPH_BUS_s_axi_U/add_ln43_5_reg_183_reg[15]_i_1/CO[3]
                         net (fo=1, unplaced)         0.000     4.543    bd_0_i/hls_inst/inst/HLS_TREEADD_PERIPH_BUS_s_axi_U/add_ln43_5_reg_183_reg[15]_i_1_n_0
                         CARRY4 (Prop_carry4_CI_CO[3])
                                                      0.117     4.660 r  bd_0_i/hls_inst/inst/HLS_TREEADD_PERIPH_BUS_s_axi_U/add_ln43_5_reg_183_reg[19]_i_1/CO[3]
                         net (fo=1, unplaced)         0.000     4.660    bd_0_i/hls_inst/inst/HLS_TREEADD_PERIPH_BUS_s_axi_U/add_ln43_5_reg_183_reg[19]_i_1_n_0
                         CARRY4 (Prop_carry4_CI_O[3])
                                                      0.331     4.991 r  bd_0_i/hls_inst/inst/HLS_TREEADD_PERIPH_BUS_s_axi_U/add_ln43_5_reg_183_reg[23]_i_1/O[3]
                         net (fo=1, unplaced)         0.000     4.991    bd_0_i/hls_inst/inst/add_ln43_5_fu_157_p2[23]
                         FDRE                                         r  bd_0_i/hls_inst/inst/add_ln43_5_reg_183_reg[23]/D
  -------------------------------------------------------------------    -------------------

                         (clock ap_clk rise edge)    10.000    10.000 r  
                                                      0.000    10.000 r  ap_clk (IN)
                         net (fo=442, unset)          0.924    10.924    bd_0_i/hls_inst/inst/ap_clk
                         FDRE                                         r  bd_0_i/hls_inst/inst/add_ln43_5_reg_183_reg[23]/C
                         clock pessimism              0.000    10.924    
                         clock uncertainty           -0.035    10.889    
                         FDRE (Setup_fdre_C_D)        0.109    10.998    bd_0_i/hls_inst/inst/add_ln43_5_reg_183_reg[23]
  -------------------------------------------------------------------
                         required time                         10.998    
                         arrival time                          -4.991    
  -------------------------------------------------------------------
                         slack                                  6.007    




