

================================================================
== Vitis HLS Report for 'linear_model'
================================================================
* Date:           Tue Jun 30 10:23:07 2026

* Version:        2025.1 (Build 6135595 on May 21 2025)
* Project:        linear_model
* Solution:       hls (Vivado IP Flow Target)
* Product family: zynq
* Target device:  xc7z020-clg484-1


================================================================
== Performance Estimates
================================================================
+ Timing: 
    * Summary: 
    +--------+----------+----------+------------+
    |  Clock |  Target  | Estimated| Uncertainty|
    +--------+----------+----------+------------+
    |ap_clk  |  10.00 ns|  7.912 ns|     2.00 ns|
    +--------+----------+----------+------------+

+ Latency: 
    * Summary: 
    +---------+---------+-----------+-----------+-----+-----+---------+
    |  Latency (cycles) |   Latency (absolute)  |  Interval | Pipeline|
    |   min   |   max   |    min    |    max    | min | max |   Type  |
    +---------+---------+-----------+-----------+-----+-----+---------+
    |        2|        2|  20.000 ns|  20.000 ns|    3|    3|       no|
    +---------+---------+-----------+-----------+-----+-----+---------+

    + Detail: 
        * Instance: 
        N/A

        * Loop: 
        N/A



================================================================
== Utilization Estimates
================================================================
* Summary: 
+-----------------+---------+-----+--------+-------+-----+
|       Name      | BRAM_18K| DSP |   FF   |  LUT  | URAM|
+-----------------+---------+-----+--------+-------+-----+
|DSP              |        -|    -|       -|      -|    -|
|Expression       |        -|    -|       0|     39|    -|
|FIFO             |        -|    -|       -|      -|    -|
|Instance         |        0|    3|     375|    378|    -|
|Memory           |        -|    -|       -|      -|    -|
|Multiplexer      |        -|    -|       0|     20|    -|
|Register         |        -|    -|      67|      -|    -|
+-----------------+---------+-----+--------+-------+-----+
|Total            |        0|    3|     442|    437|    0|
+-----------------+---------+-----+--------+-------+-----+
|Available        |      280|  220|  106400|  53200|    0|
+-----------------+---------+-----+--------+-------+-----+
|Utilization (%)  |        0|    1|      ~0|     ~0|    0|
+-----------------+---------+-----+--------+-------+-----+

+ Detail: 
    * Instance: 
    +-------------------------------+-----------------------------+---------+----+-----+-----+-----+
    |            Instance           |            Module           | BRAM_18K| DSP|  FF | LUT | URAM|
    +-------------------------------+-----------------------------+---------+----+-----+-----+-----+
    |HLS_LINEAR_PERIPH_BUS_s_axi_U  |HLS_LINEAR_PERIPH_BUS_s_axi  |        0|   0|  210|  328|    0|
    |mul_32s_32s_32_2_1_U1          |mul_32s_32s_32_2_1           |        0|   3|  165|   50|    0|
    +-------------------------------+-----------------------------+---------+----+-----+-----+-----+
    |Total                          |                             |        0|   3|  375|  378|    0|
    +-------------------------------+-----------------------------+---------+----+-----+-----+-----+

    * DSP: 
    N/A

    * Memory: 
    N/A

    * FIFO: 
    N/A

    * Expression: 
    +--------------+----------+----+---+----+------------+------------+
    | Variable Name| Operation| DSP| FF| LUT| Bitwidth P0| Bitwidth P1|
    +--------------+----------+----+---+----+------------+------------+
    |y             |         +|   0|  0|  39|          32|          32|
    +--------------+----------+----+---+----+------------+------------+
    |Total         |          |   0|  0|  39|          32|          32|
    +--------------+----------+----+---+----+------------+------------+

    * Multiplexer: 
    +-----------+----+-----------+-----+-----------+
    |    Name   | LUT| Input Size| Bits| Total Bits|
    +-----------+----+-----------+-----+-----------+
    |ap_NS_fsm  |  20|          4|    1|          4|
    +-----------+----+-----------+-----+-----------+
    |Total      |  20|          4|    1|          4|
    +-----------+----+-----------+-----+-----------+

    * Register: 
    +------------------+----+----+-----+-----------+
    |       Name       | FF | LUT| Bits| Const Bits|
    +------------------+----+----+-----+-----------+
    |ap_CS_fsm         |   3|   0|    3|          0|
    |c_read_reg_94     |  32|   0|   32|          0|
    |mul_ln18_reg_109  |  32|   0|   32|          0|
    +------------------+----+----+-----+-----------+
    |Total             |  67|   0|   67|          0|
    +------------------+----+----+-----+-----------+



================================================================
== Interface
================================================================
* Summary: 
+-------------------------------------+-----+-----+------------+-----------------------+--------------+
|              RTL Ports              | Dir | Bits|  Protocol  |     Source Object     |    C Type    |
+-------------------------------------+-----+-----+------------+-----------------------+--------------+
|s_axi_HLS_LINEAR_PERIPH_BUS_AWVALID  |   in|    1|       s_axi|  HLS_LINEAR_PERIPH_BUS|       pointer|
|s_axi_HLS_LINEAR_PERIPH_BUS_AWREADY  |  out|    1|       s_axi|  HLS_LINEAR_PERIPH_BUS|       pointer|
|s_axi_HLS_LINEAR_PERIPH_BUS_AWADDR   |   in|    6|       s_axi|  HLS_LINEAR_PERIPH_BUS|       pointer|
|s_axi_HLS_LINEAR_PERIPH_BUS_WVALID   |   in|    1|       s_axi|  HLS_LINEAR_PERIPH_BUS|       pointer|
|s_axi_HLS_LINEAR_PERIPH_BUS_WREADY   |  out|    1|       s_axi|  HLS_LINEAR_PERIPH_BUS|       pointer|
|s_axi_HLS_LINEAR_PERIPH_BUS_WDATA    |   in|   32|       s_axi|  HLS_LINEAR_PERIPH_BUS|       pointer|
|s_axi_HLS_LINEAR_PERIPH_BUS_WSTRB    |   in|    4|       s_axi|  HLS_LINEAR_PERIPH_BUS|       pointer|
|s_axi_HLS_LINEAR_PERIPH_BUS_ARVALID  |   in|    1|       s_axi|  HLS_LINEAR_PERIPH_BUS|       pointer|
|s_axi_HLS_LINEAR_PERIPH_BUS_ARREADY  |  out|    1|       s_axi|  HLS_LINEAR_PERIPH_BUS|       pointer|
|s_axi_HLS_LINEAR_PERIPH_BUS_ARADDR   |   in|    6|       s_axi|  HLS_LINEAR_PERIPH_BUS|       pointer|
|s_axi_HLS_LINEAR_PERIPH_BUS_RVALID   |  out|    1|       s_axi|  HLS_LINEAR_PERIPH_BUS|       pointer|
|s_axi_HLS_LINEAR_PERIPH_BUS_RREADY   |   in|    1|       s_axi|  HLS_LINEAR_PERIPH_BUS|       pointer|
|s_axi_HLS_LINEAR_PERIPH_BUS_RDATA    |  out|   32|       s_axi|  HLS_LINEAR_PERIPH_BUS|       pointer|
|s_axi_HLS_LINEAR_PERIPH_BUS_RRESP    |  out|    2|       s_axi|  HLS_LINEAR_PERIPH_BUS|       pointer|
|s_axi_HLS_LINEAR_PERIPH_BUS_BVALID   |  out|    1|       s_axi|  HLS_LINEAR_PERIPH_BUS|       pointer|
|s_axi_HLS_LINEAR_PERIPH_BUS_BREADY   |   in|    1|       s_axi|  HLS_LINEAR_PERIPH_BUS|       pointer|
|s_axi_HLS_LINEAR_PERIPH_BUS_BRESP    |  out|    2|       s_axi|  HLS_LINEAR_PERIPH_BUS|       pointer|
|ap_clk                               |   in|    1|  ap_ctrl_hs|           linear_model|  return value|
|ap_rst_n                             |   in|    1|  ap_ctrl_hs|           linear_model|  return value|
|interrupt                            |  out|    1|  ap_ctrl_hs|           linear_model|  return value|
+-------------------------------------+-----+-----+------------+-----------------------+--------------+

