  **** HLS Build v2025.1 6135595
INFO: [HLS 200-2005] Using work_dir D:/ELEC_522/FpgaEx/Fpga_hls/hls_component/t_int 
INFO: [HLS 200-2176] Writing Vitis IDE component file D:/ELEC_522/FpgaEx/Fpga_hls/hls_component/t_int/vitis-comp.json
INFO: [HLS 200-10] Creating and opening component 'D:/ELEC_522/FpgaEx/Fpga_hls/hls_component/t_int'.
INFO: [HLS 200-1505] Using default flow_target 'vivado'
Resolution: For help on HLS 200-1505 see docs.xilinx.com/access/sources/dita/topic?Doc_Version=2025.1%20English&url=ug1448-hls-guidance&resourceid=200-1505.html
INFO: [HLS 200-2174] Applying component config ini file D:/ELEC_522/FpgaEx/Fpga_hls/hls_component/hls_config.cfg
INFO: [HLS 200-1465] Applying config ini 'syn.file=../t_int.cpp' from D:/ELEC_522/FpgaEx/Fpga_hls/hls_component/hls_config.cfg(8)
INFO: [HLS 200-10] Adding design file 'D:/ELEC_522/FpgaEx/Fpga_hls/t_int.cpp' to the project
INFO: [HLS 200-1465] Applying config ini 'syn.file=../t_int.h' from D:/ELEC_522/FpgaEx/Fpga_hls/hls_component/hls_config.cfg(9)
INFO: [HLS 200-10] Adding design file 'D:/ELEC_522/FpgaEx/Fpga_hls/t_int.h' to the project
INFO: [HLS 200-1465] Applying config ini 'tb.file=../t_int_test.cpp' from D:/ELEC_522/FpgaEx/Fpga_hls/hls_component/hls_config.cfg(10)
INFO: [HLS 200-10] Adding test bench file 'D:/ELEC_522/FpgaEx/Fpga_hls/t_int_test.cpp' to the project
INFO: [HLS 200-1465] Applying config ini 'tb.file_cflags=../t_int_test.cpp,-D HW_COSIM' from D:/ELEC_522/FpgaEx/Fpga_hls/hls_component/hls_config.cfg(11)
INFO: [HLS 200-1465] Applying config ini 'syn.top=t_int' from D:/ELEC_522/FpgaEx/Fpga_hls/hls_component/hls_config.cfg(7)
INFO: [HLS 200-1465] Applying config ini 'flow_target=vivado' from D:/ELEC_522/FpgaEx/Fpga_hls/hls_component/hls_config.cfg(4)
INFO: [HLS 200-1505] Using flow_target 'vivado'
Resolution: For help on HLS 200-1505 see docs.xilinx.com/access/sources/dita/topic?Doc_Version=2025.1%20English&url=ug1448-hls-guidance&resourceid=200-1505.html
INFO: [HLS 200-1465] Applying config ini 'part=xc7z020clg484-1' from D:/ELEC_522/FpgaEx/Fpga_hls/hls_component/hls_config.cfg(1)
INFO: [HLS 200-1611] Setting target device to 'xc7z020-clg484-1'
INFO: [HLS 200-1465] Applying config ini 'clock=10ns' from D:/ELEC_522/FpgaEx/Fpga_hls/hls_component/hls_config.cfg(12)
INFO: [SYN 201-201] Setting up clock 'default' with a period of 10ns.
INFO: [HLS 200-1465] Applying config ini 'clock_uncertainty=2ns' from D:/ELEC_522/FpgaEx/Fpga_hls/hls_component/hls_config.cfg(13)
INFO: [SYN 201-201] Setting up clock 'default' with an uncertainty of 2ns.
INFO: [HLS 200-1465] Applying config ini 'package.output.format=ip_catalog' from D:/ELEC_522/FpgaEx/Fpga_hls/hls_component/hls_config.cfg(5)
INFO: [HLS 200-2176] Writing Vitis IDE component file D:/ELEC_522/FpgaEx/Fpga_hls/hls_component/t_int/vitis-comp.json
INFO: [SIM 211-2] *************** CSIM start ***************
INFO: [SIM 211-4] CSIM will launch CLANG as the compiler.
INFO: [HLS 200-2036] Building debug C Simulation binaries
   Compiling ../../../../../t_int_test.cpp in debug mode
   Compiling ../../../../../t_int.cpp in debug mode
   Generating csim.exe
software = 28
hardware = 28
done = 1
Test passed.
INFO: [SIM 211-1] CSim done with 0 errors.
INFO: [SIM 211-3] *************** CSIM finish ***************
INFO: [HLS 200-112] Total CPU user time: 1 seconds. Total CPU system time: 4 seconds. Total elapsed time: 25.528 seconds; peak allocated memory: 157.855 MB.
INFO: [vitis-run 60-791] Total elapsed time: 0h 0m 33s
