  **** HLS Build v2025.1 6135595
INFO: [HLS 200-2005] Using work_dir D:/ELEC_522/FpgaEx/Fpga_hls/hls_component/t_int 
INFO: [HLS 200-2176] Writing Vitis IDE component file D:/ELEC_522/FpgaEx/Fpga_hls/hls_component/t_int/vitis-comp.json
INFO: [HLS 200-10] Creating and opening component 'D:/ELEC_522/FpgaEx/Fpga_hls/hls_component/t_int'.
INFO: [HLS 200-1505] Using default flow_target 'vivado'
Resolution: For help on HLS 200-1505 see docs.xilinx.com/access/sources/dita/topic?Doc_Version=2025.1%20English&url=ug1448-hls-guidance&resourceid=200-1505.html
INFO: [HLS 200-2174] Applying component config ini file D:/ELEC_522/FpgaEx/Fpga_hls/hls_component/hls_config.cfg
INFO: [HLS 200-1465] Applying config ini 'syn.file=../t_int.cpp' from D:/ELEC_522/FpgaEx/Fpga_hls/hls_component/hls_config.cfg(8)
INFO: [HLS 200-10] Adding design file 'D:/ELEC_522/FpgaEx/Fpga_hls/t_int.cpp' to the project
INFO: [HLS 200-1465] Applying config ini 'syn.file=../t_int.h' from D:/ELEC_522/FpgaEx/Fpga_hls/hls_component/hls_config.cfg(9)
INFO: [HLS 200-10] Adding design file 'D:/ELEC_522/FpgaEx/Fpga_hls/t_int.h' to the project
INFO: [HLS 200-1465] Applying config ini 'tb.file=../t_int_test.cpp' from D:/ELEC_522/FpgaEx/Fpga_hls/hls_component/hls_config.cfg(10)
INFO: [HLS 200-10] Adding test bench file 'D:/ELEC_522/FpgaEx/Fpga_hls/t_int_test.cpp' to the project
INFO: [HLS 200-1465] Applying config ini 'tb.file_cflags=../t_int_test.cpp,-D HW_COSIM' from D:/ELEC_522/FpgaEx/Fpga_hls/hls_component/hls_config.cfg(11)
INFO: [HLS 200-1465] Applying config ini 'syn.top=t_int' from D:/ELEC_522/FpgaEx/Fpga_hls/hls_component/hls_config.cfg(7)
INFO: [HLS 200-1465] Applying config ini 'flow_target=vivado' from D:/ELEC_522/FpgaEx/Fpga_hls/hls_component/hls_config.cfg(4)
INFO: [HLS 200-1505] Using flow_target 'vivado'
Resolution: For help on HLS 200-1505 see docs.xilinx.com/access/sources/dita/topic?Doc_Version=2025.1%20English&url=ug1448-hls-guidance&resourceid=200-1505.html
INFO: [HLS 200-1465] Applying config ini 'part=xc7z020clg484-1' from D:/ELEC_522/FpgaEx/Fpga_hls/hls_component/hls_config.cfg(1)
INFO: [HLS 200-1611] Setting target device to 'xc7z020-clg484-1'
INFO: [HLS 200-1465] Applying config ini 'clock=10ns' from D:/ELEC_522/FpgaEx/Fpga_hls/hls_component/hls_config.cfg(12)
INFO: [SYN 201-201] Setting up clock 'default' with a period of 10ns.
INFO: [HLS 200-1465] Applying config ini 'clock_uncertainty=2ns' from D:/ELEC_522/FpgaEx/Fpga_hls/hls_component/hls_config.cfg(13)
INFO: [SYN 201-201] Setting up clock 'default' with an uncertainty of 2ns.
INFO: [HLS 200-1465] Applying config ini 'package.output.format=ip_catalog' from D:/ELEC_522/FpgaEx/Fpga_hls/hls_component/hls_config.cfg(5)
INFO: [HLS 200-2176] Writing Vitis IDE component file D:/ELEC_522/FpgaEx/Fpga_hls/hls_component/t_int/vitis-comp.json
INFO: [HLS 200-111] Finished File checks and directory preparation: CPU user time: 1 seconds. CPU system time: 3 seconds. Elapsed time: 6.59 seconds; current allocated memory: 149.762 MB.
INFO: [HLS 200-10] Analyzing design file '../t_int.cpp' ... 
INFO: [HLS 200-111] Finished Source Code Analysis and Preprocessing: CPU user time: 0 seconds. CPU system time: 1 seconds. Elapsed time: 9.565 seconds; current allocated memory: 151.711 MB.
INFO: [HLS 200-777] Using interface defaults for 'Vivado' flow target.
INFO: [HLS 200-1995] There were 21 instructions in the design after the 'Compile/Link' phase of compilation. See the Design Size Report for more details (D:/ELEC_522/FpgaEx/Fpga_hls/hls_component/t_int/hls/syn/report/csynth_design_size.rpt:2)
INFO: [HLS 200-1995] There were 21 instructions in the design after the 'Unroll/Inline (step 1)' phase of compilation. See the Design Size Report for more details (D:/ELEC_522/FpgaEx/Fpga_hls/hls_component/t_int/hls/syn/report/csynth_design_size.rpt:2)
INFO: [HLS 200-1995] There were 21 instructions in the design after the 'Unroll/Inline (step 2)' phase of compilation. See the Design Size Report for more details (D:/ELEC_522/FpgaEx/Fpga_hls/hls_component/t_int/hls/syn/report/csynth_design_size.rpt:2)
INFO: [HLS 200-1995] There were 21 instructions in the design after the 'Unroll/Inline (step 3)' phase of compilation. See the Design Size Report for more details (D:/ELEC_522/FpgaEx/Fpga_hls/hls_component/t_int/hls/syn/report/csynth_design_size.rpt:2)
INFO: [HLS 200-1995] There were 21 instructions in the design after the 'Unroll/Inline (step 4)' phase of compilation. See the Design Size Report for more details (D:/ELEC_522/FpgaEx/Fpga_hls/hls_component/t_int/hls/syn/report/csynth_design_size.rpt:2)
INFO: [HLS 200-1995] There were 21 instructions in the design after the 'Array/Struct (step 1)' phase of compilation. See the Design Size Report for more details (D:/ELEC_522/FpgaEx/Fpga_hls/hls_component/t_int/hls/syn/report/csynth_design_size.rpt:2)
INFO: [HLS 200-1995] There were 21 instructions in the design after the 'Array/Struct (step 2)' phase of compilation. See the Design Size Report for more details (D:/ELEC_522/FpgaEx/Fpga_hls/hls_component/t_int/hls/syn/report/csynth_design_size.rpt:2)
INFO: [HLS 200-1995] There were 21 instructions in the design after the 'Array/Struct (step 3)' phase of compilation. See the Design Size Report for more details (D:/ELEC_522/FpgaEx/Fpga_hls/hls_component/t_int/hls/syn/report/csynth_design_size.rpt:2)
INFO: [HLS 200-1995] There were 21 instructions in the design after the 'Array/Struct (step 4)' phase of compilation. See the Design Size Report for more details (D:/ELEC_522/FpgaEx/Fpga_hls/hls_component/t_int/hls/syn/report/csynth_design_size.rpt:2)
INFO: [HLS 200-1995] There were 21 instructions in the design after the 'Array/Struct (step 5)' phase of compilation. See the Design Size Report for more details (D:/ELEC_522/FpgaEx/Fpga_hls/hls_component/t_int/hls/syn/report/csynth_design_size.rpt:2)
INFO: [HLS 200-1995] There were 21 instructions in the design after the 'Performance (step 1)' phase of compilation. See the Design Size Report for more details (D:/ELEC_522/FpgaEx/Fpga_hls/hls_component/t_int/hls/syn/report/csynth_design_size.rpt:2)
INFO: [HLS 200-1995] There were 21 instructions in the design after the 'Performance (step 2)' phase of compilation. See the Design Size Report for more details (D:/ELEC_522/FpgaEx/Fpga_hls/hls_component/t_int/hls/syn/report/csynth_design_size.rpt:2)
INFO: [HLS 200-1995] There were 21 instructions in the design after the 'Performance (step 3)' phase of compilation. See the Design Size Report for more details (D:/ELEC_522/FpgaEx/Fpga_hls/hls_component/t_int/hls/syn/report/csynth_design_size.rpt:2)
INFO: [HLS 200-1995] There were 21 instructions in the design after the 'Performance (step 4)' phase of compilation. See the Design Size Report for more details (D:/ELEC_522/FpgaEx/Fpga_hls/hls_component/t_int/hls/syn/report/csynth_design_size.rpt:2)
INFO: [HLS 200-1995] There were 41 instructions in the design after the 'HW Transforms (step 1)' phase of compilation. See the Design Size Report for more details (D:/ELEC_522/FpgaEx/Fpga_hls/hls_component/t_int/hls/syn/report/csynth_design_size.rpt:2)
INFO: [HLS 200-1995] There were 42 instructions in the design after the 'HW Transforms (step 2)' phase of compilation. See the Design Size Report for more details (D:/ELEC_522/FpgaEx/Fpga_hls/hls_component/t_int/hls/syn/report/csynth_design_size.rpt:2)
INFO: [HLS 200-111] Finished Compiling Optimization and Transform: CPU user time: 0 seconds. CPU system time: 1 seconds. Elapsed time: 11.351 seconds; current allocated memory: 153.863 MB.
INFO: [HLS 200-111] Finished Checking Pragmas: CPU user time: 0 seconds. CPU system time: 0 seconds. Elapsed time: 0.004 seconds; current allocated memory: 153.863 MB.
INFO: [HLS 200-10] Starting code transformations ...
INFO: [HLS 200-111] Finished Standard Transforms: CPU user time: 0 seconds. CPU system time: 0 seconds. Elapsed time: 0.023 seconds; current allocated memory: 157.199 MB.
INFO: [HLS 200-10] Checking synthesizability ...
INFO: [HLS 200-111] Finished Checking Synthesizability: CPU user time: 0 seconds. CPU system time: 0 seconds. Elapsed time: 0.014 seconds; current allocated memory: 158.254 MB.
INFO: [XFORM 203-11] Balancing expressions in function 't_int' (../t_int.cpp:17)...7 expression(s) balanced.
INFO: [HLS 200-111] Finished Loop, function and other optimizations: CPU user time: 1 seconds. CPU system time: 0 seconds. Elapsed time: 0.05 seconds; current allocated memory: 178.652 MB.
INFO: [HLS 200-111] Finished Architecture Synthesis: CPU user time: 0 seconds. CPU system time: 0 seconds. Elapsed time: 0.041 seconds; current allocated memory: 178.668 MB.
INFO: [HLS 200-10] Starting hardware synthesis ...
INFO: [HLS 200-10] Synthesizing 't_int' ...
INFO: [HLS 200-10] ----------------------------------------------------------------
INFO: [HLS 200-42] -- Implementing module 't_int' 
INFO: [HLS 200-10] ----------------------------------------------------------------
INFO: [SCHED 204-11] Starting scheduling ...
INFO: [SCHED 204-11] Finished scheduling.
INFO: [HLS 200-111] Finished Scheduling: CPU user time: 0 seconds. CPU system time: 0 seconds. Elapsed time: 0.365 seconds; current allocated memory: 178.668 MB.
INFO: [BIND 205-100] Starting micro-architecture generation ...
INFO: [BIND 205-101] Performing variable lifetime analysis.
INFO: [BIND 205-101] Exploring resource sharing.
INFO: [BIND 205-101] Binding ...
INFO: [BIND 205-100] Finished micro-architecture generation.
INFO: [HLS 200-111] Finished Binding: CPU user time: 0 seconds. CPU system time: 0 seconds. Elapsed time: 0.036 seconds; current allocated memory: 178.668 MB.
INFO: [HLS 200-10] ----------------------------------------------------------------
INFO: [HLS 200-10] -- Generating RTL for module 't_int' 
INFO: [HLS 200-10] ----------------------------------------------------------------
WARNING: [RTGEN 206-101] Design contains AXI ports. Reset is fixed to synchronous and active low.
INFO: [RTGEN 206-500] Setting interface mode on port 't_int/a' to 's_axilite & ap_none'.
INFO: [RTGEN 206-500] Setting interface mode on port 't_int/b' to 's_axilite & ap_none'.
INFO: [RTGEN 206-500] Setting interface mode on port 't_int/c' to 's_axilite & ap_none'.
INFO: [RTGEN 206-500] Setting interface mode on port 't_int/d' to 's_axilite & ap_none'.
INFO: [RTGEN 206-500] Setting interface mode on port 't_int/e' to 's_axilite & ap_none'.
INFO: [RTGEN 206-500] Setting interface mode on port 't_int/f' to 's_axilite & ap_none'.
INFO: [RTGEN 206-500] Setting interface mode on port 't_int/g' to 's_axilite & ap_none'.
INFO: [RTGEN 206-500] Setting interface mode on port 't_int/h' to 's_axilite & ap_none'.
INFO: [RTGEN 206-500] Setting interface mode on port 't_int/r' to 's_axilite & ap_vld'.
INFO: [RTGEN 206-500] Setting interface mode on port 't_int/done' to 's_axilite & ap_vld'.
INFO: [RTGEN 206-500] Setting interface mode on function 't_int' to 's_axilite & ap_ctrl_hs'.
INFO: [RTGEN 206-100] Bundling port 'a', 'b', 'c', 'd', 'e', 'f', 'g', 'h', 'r', 'done' to AXI-Lite port HLS_TREEADD_PERIPH_BUS.
INFO: [RTGEN 206-100] Finished creating RTL model for 't_int'.
INFO: [HLS 200-111] Finished Creating RTL model: CPU user time: 0 seconds. CPU system time: 0 seconds. Elapsed time: 0.059 seconds; current allocated memory: 178.668 MB.
INFO: [HLS 200-111] Finished Generating all RTL models: CPU user time: 0 seconds. CPU system time: 0 seconds. Elapsed time: 0.502 seconds; current allocated memory: 181.582 MB.
INFO: [HLS 200-111] Finished Updating report files: CPU user time: 0 seconds. CPU system time: 1 seconds. Elapsed time: 1.137 seconds; current allocated memory: 184.871 MB.
INFO: [VHDL 208-304] Generating VHDL RTL for t_int.
INFO: [VLOG 209-307] Generating Verilog RTL for t_int.
INFO: [HLS 200-789] **** Estimated Fmax: 126.21 MHz
INFO: [HLS 200-112] Total CPU user time: 2 seconds. Total CPU system time: 6 seconds. Total elapsed time: 30.138 seconds; peak allocated memory: 185.031 MB.
INFO: [v++ 60-791] Total elapsed time: 0h 0m 36s
