  **** HLS Build v2025.1 6135595
INFO: [HLS 200-2005] Using work_dir D:/ELEC_522/FpgaEx/Fpga_hls/hls_component_mmul/matrixmul 
INFO: [HLS 200-2176] Writing Vitis IDE component file D:/ELEC_522/FpgaEx/Fpga_hls/hls_component_mmul/matrixmul/vitis-comp.json
INFO: [HLS 200-10] Creating and opening component 'D:/ELEC_522/FpgaEx/Fpga_hls/hls_component_mmul/matrixmul'.
INFO: [HLS 200-1505] Using default flow_target 'vivado'
Resolution: For help on HLS 200-1505 see docs.xilinx.com/access/sources/dita/topic?Doc_Version=2025.1%20English&url=ug1448-hls-guidance&resourceid=200-1505.html
INFO: [HLS 200-2174] Applying component config ini file D:/ELEC_522/FpgaEx/Fpga_hls/hls_component_mmul/hls_config.cfg
INFO: [HLS 200-1465] Applying config ini 'syn.file=../matrixmul.cpp' from D:/ELEC_522/FpgaEx/Fpga_hls/hls_component_mmul/hls_config.cfg(8)
INFO: [HLS 200-10] Adding design file 'D:/ELEC_522/FpgaEx/Fpga_hls/matrixmul.cpp' to the project
INFO: [HLS 200-1465] Applying config ini 'syn.file=../matrixmul.h' from D:/ELEC_522/FpgaEx/Fpga_hls/hls_component_mmul/hls_config.cfg(9)
INFO: [HLS 200-10] Adding design file 'D:/ELEC_522/FpgaEx/Fpga_hls/matrixmul.h' to the project
INFO: [HLS 200-1465] Applying config ini 'tb.file=../matrixmul_test.cpp' from D:/ELEC_522/FpgaEx/Fpga_hls/hls_component_mmul/hls_config.cfg(10)
INFO: [HLS 200-10] Adding test bench file 'D:/ELEC_522/FpgaEx/Fpga_hls/matrixmul_test.cpp' to the project
INFO: [HLS 200-1465] Applying config ini 'tb.file_cflags=../matrixmul_test.cpp,-D HW_COSIM' from D:/ELEC_522/FpgaEx/Fpga_hls/hls_component_mmul/hls_config.cfg(11)
INFO: [HLS 200-1465] Applying config ini 'syn.top=matrixmul' from D:/ELEC_522/FpgaEx/Fpga_hls/hls_component_mmul/hls_config.cfg(7)
INFO: [HLS 200-1465] Applying config ini 'flow_target=vivado' from D:/ELEC_522/FpgaEx/Fpga_hls/hls_component_mmul/hls_config.cfg(4)
INFO: [HLS 200-1505] Using flow_target 'vivado'
Resolution: For help on HLS 200-1505 see docs.xilinx.com/access/sources/dita/topic?Doc_Version=2025.1%20English&url=ug1448-hls-guidance&resourceid=200-1505.html
INFO: [HLS 200-1465] Applying config ini 'part=xc7z020clg484-1' from D:/ELEC_522/FpgaEx/Fpga_hls/hls_component_mmul/hls_config.cfg(1)
INFO: [HLS 200-1611] Setting target device to 'xc7z020-clg484-1'
INFO: [HLS 200-1465] Applying config ini 'clock=10ns' from D:/ELEC_522/FpgaEx/Fpga_hls/hls_component_mmul/hls_config.cfg(12)
INFO: [SYN 201-201] Setting up clock 'default' with a period of 10ns.
INFO: [HLS 200-1465] Applying config ini 'clock_uncertainty=2ns' from D:/ELEC_522/FpgaEx/Fpga_hls/hls_component_mmul/hls_config.cfg(13)
INFO: [SYN 201-201] Setting up clock 'default' with an uncertainty of 2ns.
INFO: [HLS 200-1465] Applying config ini 'package.output.format=ip_catalog' from D:/ELEC_522/FpgaEx/Fpga_hls/hls_component_mmul/hls_config.cfg(5)
INFO: [HLS 200-2176] Writing Vitis IDE component file D:/ELEC_522/FpgaEx/Fpga_hls/hls_component_mmul/matrixmul/vitis-comp.json
INFO: [SIM 211-2] *************** CSIM start ***************
INFO: [SIM 211-4] CSIM will launch CLANG as the compiler.
INFO: [HLS 200-2036] Building debug C Simulation binaries
   Compiling ../../../../../matrixmul_test.cpp in debug mode
   Compiling ../../../../../matrixmul.cpp in debug mode
   Generating csim.exe
{
{1670,1720,1770,1820}
{2198,2264,2330,2396}
{2726,2808,2890,2972}
{3254,3352,3450,3548}
}
Test passed.
INFO: [SIM 211-1] CSim done with 0 errors.
INFO: [SIM 211-3] *************** CSIM finish ***************
INFO: [HLS 200-112] Total CPU user time: 2 seconds. Total CPU system time: 4 seconds. Total elapsed time: 10.017 seconds; peak allocated memory: 149.863 MB.
INFO: [vitis-run 60-791] Total elapsed time: 0h 0m 16s
