06/30/26 11:34:14: Running xcd server. This server was built by gradle.
06/30/26 11:34:14: Server was asked to start on port: '64352'
06/30/26 11:34:14: Server is using token UUID: 'd3a9854a-054c-4446-af36-4b1f0e536872'
06/30/26 11:34:14: SESSION_MGR: creating session with session uuid: '6d04a3e9-ade5-4ab9-8d63-1f78fcd2ec76' and name 'default'
06/30/26 11:34:14: Attempting to start server on port '64352'
06/30/26 11:34:14: Running Dispatch Server
06/30/26 11:34:14: Version 2.2.0
06/30/26 11:34:16: Dispatch Server: Accepted socket connection from client
06/30/26 11:34:16: Starting Socket connection
06/30/26 11:34:16: EXCHANGE_TOKEN received, server token: d3a9854a-054c-4446-af36-4b1f0e536872, passed token: d3a9854a-054c-4446-af36-4b1f0e536872
06/30/26 11:34:17: DISPATCH_HANDLER: Adding handler from function makeHandler in library xv_system_diagram
06/30/26 11:34:17: SESSION_MGR: creating session with session uuid: '6bab4dfe-ee28-4b98-9dbf-175620f7f961' and name 'vitis-run_compile_matrixmul'
06/30/26 11:34:17: KERNEL_SVC: creating session with uuid: '6bab4dfe-ee28-4b98-9dbf-175620f7f961' and name 'vitis-run_compile_matrixmul'
06/30/26 11:34:17: GUIDANCE_SMGR: creating guidance session with uuid: '6bab4dfe-ee28-4b98-9dbf-175620f7f961' and name 'vitis-run_compile_matrixmul'
06/30/26 11:34:17: SYSTEM_DIAGRAM: creating session with uuid: '6bab4dfe-ee28-4b98-9dbf-175620f7f961' and name 'vitis-run_compile_matrixmul'
06/30/26 11:34:25: Dispatch Server: Accepted socket connection from client
06/30/26 11:34:25: Starting Socket connection
06/30/26 11:34:30: SESSION_MGR: closing session for UUID '6bab4dfe-ee28-4b98-9dbf-175620f7f961' with name 'vitis-run_compile_matrixmul'
06/30/26 11:34:30: KERNEL_SVC: closing session for UUID '6bab4dfe-ee28-4b98-9dbf-175620f7f961' with name 'vitis-run_compile_matrixmul'
06/30/26 11:34:30: GUIDANCE_SMGR: closing session for UUID '6bab4dfe-ee28-4b98-9dbf-175620f7f961' with name 'vitis-run_compile_matrixmul'
06/30/26 11:34:30: SYSTEM_DIAGRAM: closing session for UUID '6bab4dfe-ee28-4b98-9dbf-175620f7f961' with name 'vitis-run_compile_matrixmul'
06/30/26 11:34:30: STOP_SERVER received, server token: d3a9854a-054c-4446-af36-4b1f0e536872, passed token: d3a9854a-054c-4446-af36-4b1f0e536872
06/30/26 11:34:30: Socket received request to stop server.
06/30/26 11:34:30: Dispatch Server: do_await_stop
06/30/26 11:34:30: SERVER: destructor for server bound to port 64352
