

================================================================
== Vitis HLS Report for 't_int'
================================================================
* Date:           Wed Jun 24 14:01:00 2026

* Version:        2025.1 (Build 6135595 on May 21 2025)
* Project:        t_int
* Solution:       hls (Vivado IP Flow Target)
* Product family: zynq
* Target device:  xc7z020-clg484-1


================================================================
== Performance Estimates
================================================================
+ Timing: 
    * Summary: 
    +--------+----------+----------+------------+
    |  Clock |  Target  | Estimated| Uncertainty|
    +--------+----------+----------+------------+
    |ap_clk  |  10.00 ns|  7.923 ns|     2.00 ns|
    +--------+----------+----------+------------+

+ Latency: 
    * Summary: 
    +---------+---------+-----------+-----------+-----+-----+---------+
    |  Latency (cycles) |   Latency (absolute)  |  Interval | Pipeline|
    |   min   |   max   |    min    |    max    | min | max |   Type  |
    +---------+---------+-----------+-----------+-----+-----+---------+
    |        1|        1|  10.000 ns|  10.000 ns|    2|    2|       no|
    +---------+---------+-----------+-----------+-----+-----+---------+

    + Detail: 
        * Instance: 
        N/A

        * Loop: 
        N/A



================================================================
== Utilization Estimates
================================================================
* Summary: 
+-----------------+---------+-----+--------+-------+-----+
|       Name      | BRAM_18K| DSP |   FF   |  LUT  | URAM|
+-----------------+---------+-----+--------+-------+-----+
|DSP              |        -|    -|       -|      -|    -|
|Expression       |        -|    -|       0|    245|    -|
|FIFO             |        -|    -|       -|      -|    -|
|Instance         |        0|    -|     400|    648|    -|
|Memory           |        -|    -|       -|      -|    -|
|Multiplexer      |        -|    -|       0|     14|    -|
|Register         |        -|    -|      98|      -|    -|
+-----------------+---------+-----+--------+-------+-----+
|Total            |        0|    0|     498|    907|    0|
+-----------------+---------+-----+--------+-------+-----+
|Available        |      280|  220|  106400|  53200|    0|
+-----------------+---------+-----+--------+-------+-----+
|Utilization (%)  |        0|    0|      ~0|      1|    0|
+-----------------+---------+-----+--------+-------+-----+

+ Detail: 
    * Instance: 
    +--------------------------------+------------------------------+---------+----+-----+-----+-----+
    |            Instance            |            Module            | BRAM_18K| DSP|  FF | LUT | URAM|
    +--------------------------------+------------------------------+---------+----+-----+-----+-----+
    |HLS_TREEADD_PERIPH_BUS_s_axi_U  |HLS_TREEADD_PERIPH_BUS_s_axi  |        0|   0|  400|  648|    0|
    +--------------------------------+------------------------------+---------+----+-----+-----+-----+
    |Total                           |                              |        0|   0|  400|  648|    0|
    +--------------------------------+------------------------------+---------+----+-----+-----+-----+

    * DSP: 
    N/A

    * Memory: 
    N/A

    * FIFO: 
    N/A

    * Expression: 
    +----------------------+----------+----+---+----+------------+------------+
    |     Variable Name    | Operation| DSP| FF| LUT| Bitwidth P0| Bitwidth P1|
    +----------------------+----------+----+---+----+------------+------------+
    |add_ln43_1_fu_139_p2  |         +|   0|  0|  39|          32|          32|
    |add_ln43_2_fu_163_p2  |         +|   0|  0|  32|          32|          32|
    |add_ln43_3_fu_145_p2  |         +|   0|  0|  32|          32|          32|
    |add_ln43_4_fu_151_p2  |         +|   0|  0|  39|          32|          32|
    |add_ln43_5_fu_157_p2  |         +|   0|  0|  32|          32|          32|
    |add_ln43_fu_133_p2    |         +|   0|  0|  39|          32|          32|
    |r                     |         +|   0|  0|  32|          32|          32|
    +----------------------+----------+----+---+----+------------+------------+
    |Total                 |          |   0|  0| 245|         224|         224|
    +----------------------+----------+----+---+----+------------+------------+

    * Multiplexer: 
    +-----------+----+-----------+-----+-----------+
    |    Name   | LUT| Input Size| Bits| Total Bits|
    +-----------+----+-----------+-----+-----------+
    |ap_NS_fsm  |  14|          3|    1|          3|
    +-----------+----+-----------+-----+-----------+
    |Total      |  14|          3|    1|          3|
    +-----------+----+-----------+-----+-----------+

    * Register: 
    +--------------------+----+----+-----+-----------+
    |        Name        | FF | LUT| Bits| Const Bits|
    +--------------------+----+----+-----+-----------+
    |add_ln43_1_reg_178  |  32|   0|   32|          0|
    |add_ln43_5_reg_183  |  32|   0|   32|          0|
    |add_ln43_reg_173    |  32|   0|   32|          0|
    |ap_CS_fsm           |   2|   0|    2|          0|
    +--------------------+----+----+-----+-----------+
    |Total               |  98|   0|   98|          0|
    +--------------------+----+----+-----+-----------+



================================================================
== Interface
================================================================
* Summary: 
+--------------------------------------+-----+-----+------------+------------------------+--------------+
|               RTL Ports              | Dir | Bits|  Protocol  |      Source Object     |    C Type    |
+--------------------------------------+-----+-----+------------+------------------------+--------------+
|s_axi_HLS_TREEADD_PERIPH_BUS_AWVALID  |   in|    1|       s_axi|  HLS_TREEADD_PERIPH_BUS|       pointer|
|s_axi_HLS_TREEADD_PERIPH_BUS_AWREADY  |  out|    1|       s_axi|  HLS_TREEADD_PERIPH_BUS|       pointer|
|s_axi_HLS_TREEADD_PERIPH_BUS_AWADDR   |   in|    7|       s_axi|  HLS_TREEADD_PERIPH_BUS|       pointer|
|s_axi_HLS_TREEADD_PERIPH_BUS_WVALID   |   in|    1|       s_axi|  HLS_TREEADD_PERIPH_BUS|       pointer|
|s_axi_HLS_TREEADD_PERIPH_BUS_WREADY   |  out|    1|       s_axi|  HLS_TREEADD_PERIPH_BUS|       pointer|
|s_axi_HLS_TREEADD_PERIPH_BUS_WDATA    |   in|   32|       s_axi|  HLS_TREEADD_PERIPH_BUS|       pointer|
|s_axi_HLS_TREEADD_PERIPH_BUS_WSTRB    |   in|    4|       s_axi|  HLS_TREEADD_PERIPH_BUS|       pointer|
|s_axi_HLS_TREEADD_PERIPH_BUS_ARVALID  |   in|    1|       s_axi|  HLS_TREEADD_PERIPH_BUS|       pointer|
|s_axi_HLS_TREEADD_PERIPH_BUS_ARREADY  |  out|    1|       s_axi|  HLS_TREEADD_PERIPH_BUS|       pointer|
|s_axi_HLS_TREEADD_PERIPH_BUS_ARADDR   |   in|    7|       s_axi|  HLS_TREEADD_PERIPH_BUS|       pointer|
|s_axi_HLS_TREEADD_PERIPH_BUS_RVALID   |  out|    1|       s_axi|  HLS_TREEADD_PERIPH_BUS|       pointer|
|s_axi_HLS_TREEADD_PERIPH_BUS_RREADY   |   in|    1|       s_axi|  HLS_TREEADD_PERIPH_BUS|       pointer|
|s_axi_HLS_TREEADD_PERIPH_BUS_RDATA    |  out|   32|       s_axi|  HLS_TREEADD_PERIPH_BUS|       pointer|
|s_axi_HLS_TREEADD_PERIPH_BUS_RRESP    |  out|    2|       s_axi|  HLS_TREEADD_PERIPH_BUS|       pointer|
|s_axi_HLS_TREEADD_PERIPH_BUS_BVALID   |  out|    1|       s_axi|  HLS_TREEADD_PERIPH_BUS|       pointer|
|s_axi_HLS_TREEADD_PERIPH_BUS_BREADY   |   in|    1|       s_axi|  HLS_TREEADD_PERIPH_BUS|       pointer|
|s_axi_HLS_TREEADD_PERIPH_BUS_BRESP    |  out|    2|       s_axi|  HLS_TREEADD_PERIPH_BUS|       pointer|
|ap_clk                                |   in|    1|  ap_ctrl_hs|                   t_int|  return value|
|ap_rst_n                              |   in|    1|  ap_ctrl_hs|                   t_int|  return value|
|interrupt                             |  out|    1|  ap_ctrl_hs|                   t_int|  return value|
+--------------------------------------+-----+-----+------------+------------------------+--------------+

