================================================================
== Vivado RTL Synthesis Results
================================================================
+ General Information:
    * Date:            Wed Jun 24 14:10:12 -0500 2026
    * Version:         2025.1 (Build 6135595 on May 21 2025)
    * Project:         t_int
    * Solution:        hls (Vivado IP Flow Target)
    * Product family:  zynq
    * Target device:   xc7z020-clg484-1


================================================================
== Run Constraints & Options
================================================================
+ Design Constraints & Options:
    * RTL Synthesis target clock:  10 ns
    * C-Synthesis target clock:    10 ns
    * C-Synthesis uncertainty:     2 ns

+ RTL Synthesis Options:
    * config_export -vivado_synth_strategy:     default
    * config_export -vivado_synth_design_args:  -directive sdx_optimization_effort_high

+ Reporting Options:
    * config_export -vivado_report_level:      2
    * config_export -vivado_max_timing_paths:  10


================================================================
== RTL Synthesis Resource Summary
================================================================
LUT:              479
FF:               443
DSP:              0
BRAM:             0
URAM:             0
SRL:              0


================================================================
== RTL Synthesis Timing Summary
================================================================
* Timing was met
+----------------+-------------+
| Timing         | Period (ns) |
+----------------+-------------+
| Target         | 10.000      |
| Post-Synthesis | 4.233       |
+----------------+-------------+


================================================================
== RTL Synthesis Resources
================================================================
+----------------------------------+-----+-----+-----+------+------+-----+--------+------+---------+----------+--------+
| Name                             | LUT | FF  | DSP | BRAM | URAM | SRL | Pragma | Impl | Latency | Variable | Source |
+----------------------------------+-----+-----+-----+------+------+-----+--------+------+---------+----------+--------+
| inst                             | 479 | 443 |     |      |      |     |        |      |         |          |        |
|   (inst)                         |     | 98  |     |      |      |     |        |      |         |          |        |
|   HLS_TREEADD_PERIPH_BUS_s_axi_U | 479 | 345 |     |      |      |     |        |      |         |          |        |
+----------------------------------+-----+-----+-----+------+------+-----+--------+------+---------+----------+--------+


================================================================
== RTL Synthesis Fail Fast
================================================================
+-----------------------------------------------------------+-----------+--------+--------+
| Criteria                                                  | Guideline | Actual | Status |
+-----------------------------------------------------------+-----------+--------+--------+
| LUT                                                       | 70%       | 0.90%  | OK     |
| FD                                                        | 50%       | 0.42%  | OK     |
| LUTRAM+SRL                                                | 25%       | 0.00%  | OK     |
| MUXF7                                                     | 15%       | 0.11%  | OK     |
| DSP                                                       | 80%       | 0.00%  | OK     |
| RAMB/FIFO                                                 | 80%       | 0.00%  | OK     |
| DSP+RAMB+URAM (Avg)                                       | 70%       | 0.00%  | OK     |
| BUFGCE* + BUFGCTRL                                        | 24        | 0      | OK     |
| DONT_TOUCH (cells/nets)                                   | 0         | 0      | OK     |
| MARK_DEBUG (nets)                                         | 0         | 0      | OK     |
| Control Sets                                              | 998       | 14     | OK     |
| Average Fanout for modules > 100k cells                   | 4         | 2.38   | OK     |
| Max Average Fanout for modules > 100k cells               | 4         | 0      | OK     |
| Non-FD high fanout nets > 10k loads                       | 0         | 0      | OK     |
+-----------------------------------------------------------+-----------+--------+--------+
| TIMING-6 (No common primary clock between related clocks) | 0         | 0      | OK     |
| TIMING-7 (No common node between related clocks)          | 0         | 0      | OK     |
| TIMING-8 (No common period between related clocks)        | 0         | 0      | OK     |
| TIMING-14 (LUT on the clock tree)                         | 0         | 0      | OK     |
| TIMING-35 (No common node in paths with the same clock)   | 0         | 0      | OK     |
+-----------------------------------------------------------+-----------+--------+--------+
| Number of paths above max LUT budgeting (0.575ns)         | 0         | 0      | OK     |
| Number of paths above max Net budgeting (0.403ns)         | 0         | 0      | OK     |
+-----------------------------------------------------------+-----------+--------+--------+


================================================================
== RTL Synthesis Timing Paths
================================================================
* Timing was met
+-------+-------+-----------------------------------------------+------------------------------+--------------+------------+----------------+----------------+--------------+
| Path  | SLACK | STARTPOINT PIN                                | ENDPOINT PIN                 | LOGIC LEVELS | MAX FANOUT | DATAPATH DELAY | DATAPATH LOGIC | DATAPATH NET |
|       |       |                                               |                              |              |            |                |          DELAY |        DELAY |
+-------+-------+-----------------------------------------------+------------------------------+--------------+------------+----------------+----------------+--------------+
| Path1 | 5.767 | HLS_TREEADD_PERIPH_BUS_s_axi_U/int_e_reg[4]/C | add_ln43_5_reg_183_reg[29]/D |            9 |          5 |          4.258 |          2.379 |        1.879 |
| Path2 | 5.773 | HLS_TREEADD_PERIPH_BUS_s_axi_U/int_e_reg[4]/C | add_ln43_5_reg_183_reg[31]/D |            9 |          5 |          4.252 |          2.373 |        1.879 |
| Path3 | 5.848 | HLS_TREEADD_PERIPH_BUS_s_axi_U/int_e_reg[4]/C | add_ln43_5_reg_183_reg[30]/D |            9 |          5 |          4.177 |          2.298 |        1.879 |
| Path4 | 5.872 | HLS_TREEADD_PERIPH_BUS_s_axi_U/int_e_reg[4]/C | add_ln43_5_reg_183_reg[28]/D |            9 |          5 |          4.153 |          2.274 |        1.879 |
| Path5 | 5.884 | HLS_TREEADD_PERIPH_BUS_s_axi_U/int_e_reg[4]/C | add_ln43_5_reg_183_reg[25]/D |            8 |          5 |          4.141 |          2.262 |        1.879 |
+-------+-------+-----------------------------------------------+------------------------------+--------------+------------+----------------+----------------+--------------+

    +---------------------------------------------------------------+----------------------+
    | Path1 Cells                                                   | Primitive Type       |
    +---------------------------------------------------------------+----------------------+
    | HLS_TREEADD_PERIPH_BUS_s_axi_U/int_e_reg[4]                   | FLOP_LATCH.flop.FDRE |
    | HLS_TREEADD_PERIPH_BUS_s_axi_U/add_ln43_5_reg_183[7]_i_12     | LUT.others.LUT3      |
    | HLS_TREEADD_PERIPH_BUS_s_axi_U/add_ln43_5_reg_183[7]_i_4      | LUT.others.LUT5      |
    | HLS_TREEADD_PERIPH_BUS_s_axi_U/add_ln43_5_reg_183_reg[7]_i_1  | CARRY.others.CARRY4  |
    | HLS_TREEADD_PERIPH_BUS_s_axi_U/add_ln43_5_reg_183_reg[11]_i_1 | CARRY.others.CARRY4  |
    | HLS_TREEADD_PERIPH_BUS_s_axi_U/add_ln43_5_reg_183_reg[15]_i_1 | CARRY.others.CARRY4  |
    | HLS_TREEADD_PERIPH_BUS_s_axi_U/add_ln43_5_reg_183_reg[19]_i_1 | CARRY.others.CARRY4  |
    | HLS_TREEADD_PERIPH_BUS_s_axi_U/add_ln43_5_reg_183_reg[23]_i_1 | CARRY.others.CARRY4  |
    | HLS_TREEADD_PERIPH_BUS_s_axi_U/add_ln43_5_reg_183_reg[27]_i_1 | CARRY.others.CARRY4  |
    | HLS_TREEADD_PERIPH_BUS_s_axi_U/add_ln43_5_reg_183_reg[31]_i_1 | CARRY.others.CARRY4  |
    | add_ln43_5_reg_183_reg[29]                                    | FLOP_LATCH.flop.FDRE |
    | HLS_TREEADD_PERIPH_BUS_s_axi_U/int_e_reg[4]                   | FLOP_LATCH.flop.FDRE |
    | HLS_TREEADD_PERIPH_BUS_s_axi_U/add_ln43_5_reg_183[7]_i_12     | LUT.others.LUT3      |
    | HLS_TREEADD_PERIPH_BUS_s_axi_U/add_ln43_5_reg_183[7]_i_4      | LUT.others.LUT5      |
    | HLS_TREEADD_PERIPH_BUS_s_axi_U/add_ln43_5_reg_183_reg[7]_i_1  | CARRY.others.CARRY4  |
    | HLS_TREEADD_PERIPH_BUS_s_axi_U/add_ln43_5_reg_183_reg[11]_i_1 | CARRY.others.CARRY4  |
    | HLS_TREEADD_PERIPH_BUS_s_axi_U/add_ln43_5_reg_183_reg[15]_i_1 | CARRY.others.CARRY4  |
    | HLS_TREEADD_PERIPH_BUS_s_axi_U/add_ln43_5_reg_183_reg[19]_i_1 | CARRY.others.CARRY4  |
    | HLS_TREEADD_PERIPH_BUS_s_axi_U/add_ln43_5_reg_183_reg[23]_i_1 | CARRY.others.CARRY4  |
    | HLS_TREEADD_PERIPH_BUS_s_axi_U/add_ln43_5_reg_183_reg[27]_i_1 | CARRY.others.CARRY4  |
    | HLS_TREEADD_PERIPH_BUS_s_axi_U/add_ln43_5_reg_183_reg[31]_i_1 | CARRY.others.CARRY4  |
    | add_ln43_5_reg_183_reg[31]                                    | FLOP_LATCH.flop.FDRE |
    | HLS_TREEADD_PERIPH_BUS_s_axi_U/int_e_reg[4]                   | FLOP_LATCH.flop.FDRE |
    | HLS_TREEADD_PERIPH_BUS_s_axi_U/add_ln43_5_reg_183[7]_i_12     | LUT.others.LUT3      |
    | HLS_TREEADD_PERIPH_BUS_s_axi_U/add_ln43_5_reg_183[7]_i_4      | LUT.others.LUT5      |
    | HLS_TREEADD_PERIPH_BUS_s_axi_U/add_ln43_5_reg_183_reg[7]_i_1  | CARRY.others.CARRY4  |
    | HLS_TREEADD_PERIPH_BUS_s_axi_U/add_ln43_5_reg_183_reg[11]_i_1 | CARRY.others.CARRY4  |
    | HLS_TREEADD_PERIPH_BUS_s_axi_U/add_ln43_5_reg_183_reg[15]_i_1 | CARRY.others.CARRY4  |
    | HLS_TREEADD_PERIPH_BUS_s_axi_U/add_ln43_5_reg_183_reg[19]_i_1 | CARRY.others.CARRY4  |
    | HLS_TREEADD_PERIPH_BUS_s_axi_U/add_ln43_5_reg_183_reg[23]_i_1 | CARRY.others.CARRY4  |
    | HLS_TREEADD_PERIPH_BUS_s_axi_U/add_ln43_5_reg_183_reg[27]_i_1 | CARRY.others.CARRY4  |
    | HLS_TREEADD_PERIPH_BUS_s_axi_U/add_ln43_5_reg_183_reg[31]_i_1 | CARRY.others.CARRY4  |
    | add_ln43_5_reg_183_reg[30]                                    | FLOP_LATCH.flop.FDRE |
    | HLS_TREEADD_PERIPH_BUS_s_axi_U/int_e_reg[4]                   | FLOP_LATCH.flop.FDRE |
    | HLS_TREEADD_PERIPH_BUS_s_axi_U/add_ln43_5_reg_183[7]_i_12     | LUT.others.LUT3      |
    | HLS_TREEADD_PERIPH_BUS_s_axi_U/add_ln43_5_reg_183[7]_i_4      | LUT.others.LUT5      |
    | HLS_TREEADD_PERIPH_BUS_s_axi_U/add_ln43_5_reg_183_reg[7]_i_1  | CARRY.others.CARRY4  |
    | HLS_TREEADD_PERIPH_BUS_s_axi_U/add_ln43_5_reg_183_reg[11]_i_1 | CARRY.others.CARRY4  |
    | HLS_TREEADD_PERIPH_BUS_s_axi_U/add_ln43_5_reg_183_reg[15]_i_1 | CARRY.others.CARRY4  |
    | HLS_TREEADD_PERIPH_BUS_s_axi_U/add_ln43_5_reg_183_reg[19]_i_1 | CARRY.others.CARRY4  |
    | HLS_TREEADD_PERIPH_BUS_s_axi_U/add_ln43_5_reg_183_reg[23]_i_1 | CARRY.others.CARRY4  |
    | HLS_TREEADD_PERIPH_BUS_s_axi_U/add_ln43_5_reg_183_reg[27]_i_1 | CARRY.others.CARRY4  |
    | HLS_TREEADD_PERIPH_BUS_s_axi_U/add_ln43_5_reg_183_reg[31]_i_1 | CARRY.others.CARRY4  |
    | add_ln43_5_reg_183_reg[28]                                    | FLOP_LATCH.flop.FDRE |
    | HLS_TREEADD_PERIPH_BUS_s_axi_U/int_e_reg[4]                   | FLOP_LATCH.flop.FDRE |
    | HLS_TREEADD_PERIPH_BUS_s_axi_U/add_ln43_5_reg_183[7]_i_12     | LUT.others.LUT3      |
    | HLS_TREEADD_PERIPH_BUS_s_axi_U/add_ln43_5_reg_183[7]_i_4      | LUT.others.LUT5      |
    | HLS_TREEADD_PERIPH_BUS_s_axi_U/add_ln43_5_reg_183_reg[7]_i_1  | CARRY.others.CARRY4  |
    | HLS_TREEADD_PERIPH_BUS_s_axi_U/add_ln43_5_reg_183_reg[11]_i_1 | CARRY.others.CARRY4  |
    | HLS_TREEADD_PERIPH_BUS_s_axi_U/add_ln43_5_reg_183_reg[15]_i_1 | CARRY.others.CARRY4  |
    | HLS_TREEADD_PERIPH_BUS_s_axi_U/add_ln43_5_reg_183_reg[19]_i_1 | CARRY.others.CARRY4  |
    | HLS_TREEADD_PERIPH_BUS_s_axi_U/add_ln43_5_reg_183_reg[23]_i_1 | CARRY.others.CARRY4  |
    | HLS_TREEADD_PERIPH_BUS_s_axi_U/add_ln43_5_reg_183_reg[27]_i_1 | CARRY.others.CARRY4  |
    | add_ln43_5_reg_183_reg[25]                                    | FLOP_LATCH.flop.FDRE |
    +---------------------------------------------------------------+----------------------+

    +---------------------------------------------------------------+----------------------+
    | Path2 Cells                                                   | Primitive Type       |
    +---------------------------------------------------------------+----------------------+
    | HLS_TREEADD_PERIPH_BUS_s_axi_U/int_e_reg[4]                   | FLOP_LATCH.flop.FDRE |
    | HLS_TREEADD_PERIPH_BUS_s_axi_U/add_ln43_5_reg_183[7]_i_12     | LUT.others.LUT3      |
    | HLS_TREEADD_PERIPH_BUS_s_axi_U/add_ln43_5_reg_183[7]_i_4      | LUT.others.LUT5      |
    | HLS_TREEADD_PERIPH_BUS_s_axi_U/add_ln43_5_reg_183_reg[7]_i_1  | CARRY.others.CARRY4  |
    | HLS_TREEADD_PERIPH_BUS_s_axi_U/add_ln43_5_reg_183_reg[11]_i_1 | CARRY.others.CARRY4  |
    | HLS_TREEADD_PERIPH_BUS_s_axi_U/add_ln43_5_reg_183_reg[15]_i_1 | CARRY.others.CARRY4  |
    | HLS_TREEADD_PERIPH_BUS_s_axi_U/add_ln43_5_reg_183_reg[19]_i_1 | CARRY.others.CARRY4  |
    | HLS_TREEADD_PERIPH_BUS_s_axi_U/add_ln43_5_reg_183_reg[23]_i_1 | CARRY.others.CARRY4  |
    | HLS_TREEADD_PERIPH_BUS_s_axi_U/add_ln43_5_reg_183_reg[27]_i_1 | CARRY.others.CARRY4  |
    | HLS_TREEADD_PERIPH_BUS_s_axi_U/add_ln43_5_reg_183_reg[31]_i_1 | CARRY.others.CARRY4  |
    | add_ln43_5_reg_183_reg[29]                                    | FLOP_LATCH.flop.FDRE |
    | HLS_TREEADD_PERIPH_BUS_s_axi_U/int_e_reg[4]                   | FLOP_LATCH.flop.FDRE |
    | HLS_TREEADD_PERIPH_BUS_s_axi_U/add_ln43_5_reg_183[7]_i_12     | LUT.others.LUT3      |
    | HLS_TREEADD_PERIPH_BUS_s_axi_U/add_ln43_5_reg_183[7]_i_4      | LUT.others.LUT5      |
    | HLS_TREEADD_PERIPH_BUS_s_axi_U/add_ln43_5_reg_183_reg[7]_i_1  | CARRY.others.CARRY4  |
    | HLS_TREEADD_PERIPH_BUS_s_axi_U/add_ln43_5_reg_183_reg[11]_i_1 | CARRY.others.CARRY4  |
    | HLS_TREEADD_PERIPH_BUS_s_axi_U/add_ln43_5_reg_183_reg[15]_i_1 | CARRY.others.CARRY4  |
    | HLS_TREEADD_PERIPH_BUS_s_axi_U/add_ln43_5_reg_183_reg[19]_i_1 | CARRY.others.CARRY4  |
    | HLS_TREEADD_PERIPH_BUS_s_axi_U/add_ln43_5_reg_183_reg[23]_i_1 | CARRY.others.CARRY4  |
    | HLS_TREEADD_PERIPH_BUS_s_axi_U/add_ln43_5_reg_183_reg[27]_i_1 | CARRY.others.CARRY4  |
    | HLS_TREEADD_PERIPH_BUS_s_axi_U/add_ln43_5_reg_183_reg[31]_i_1 | CARRY.others.CARRY4  |
    | add_ln43_5_reg_183_reg[31]                                    | FLOP_LATCH.flop.FDRE |
    | HLS_TREEADD_PERIPH_BUS_s_axi_U/int_e_reg[4]                   | FLOP_LATCH.flop.FDRE |
    | HLS_TREEADD_PERIPH_BUS_s_axi_U/add_ln43_5_reg_183[7]_i_12     | LUT.others.LUT3      |
    | HLS_TREEADD_PERIPH_BUS_s_axi_U/add_ln43_5_reg_183[7]_i_4      | LUT.others.LUT5      |
    | HLS_TREEADD_PERIPH_BUS_s_axi_U/add_ln43_5_reg_183_reg[7]_i_1  | CARRY.others.CARRY4  |
    | HLS_TREEADD_PERIPH_BUS_s_axi_U/add_ln43_5_reg_183_reg[11]_i_1 | CARRY.others.CARRY4  |
    | HLS_TREEADD_PERIPH_BUS_s_axi_U/add_ln43_5_reg_183_reg[15]_i_1 | CARRY.others.CARRY4  |
    | HLS_TREEADD_PERIPH_BUS_s_axi_U/add_ln43_5_reg_183_reg[19]_i_1 | CARRY.others.CARRY4  |
    | HLS_TREEADD_PERIPH_BUS_s_axi_U/add_ln43_5_reg_183_reg[23]_i_1 | CARRY.others.CARRY4  |
    | HLS_TREEADD_PERIPH_BUS_s_axi_U/add_ln43_5_reg_183_reg[27]_i_1 | CARRY.others.CARRY4  |
    | HLS_TREEADD_PERIPH_BUS_s_axi_U/add_ln43_5_reg_183_reg[31]_i_1 | CARRY.others.CARRY4  |
    | add_ln43_5_reg_183_reg[30]                                    | FLOP_LATCH.flop.FDRE |
    | HLS_TREEADD_PERIPH_BUS_s_axi_U/int_e_reg[4]                   | FLOP_LATCH.flop.FDRE |
    | HLS_TREEADD_PERIPH_BUS_s_axi_U/add_ln43_5_reg_183[7]_i_12     | LUT.others.LUT3      |
    | HLS_TREEADD_PERIPH_BUS_s_axi_U/add_ln43_5_reg_183[7]_i_4      | LUT.others.LUT5      |
    | HLS_TREEADD_PERIPH_BUS_s_axi_U/add_ln43_5_reg_183_reg[7]_i_1  | CARRY.others.CARRY4  |
    | HLS_TREEADD_PERIPH_BUS_s_axi_U/add_ln43_5_reg_183_reg[11]_i_1 | CARRY.others.CARRY4  |
    | HLS_TREEADD_PERIPH_BUS_s_axi_U/add_ln43_5_reg_183_reg[15]_i_1 | CARRY.others.CARRY4  |
    | HLS_TREEADD_PERIPH_BUS_s_axi_U/add_ln43_5_reg_183_reg[19]_i_1 | CARRY.others.CARRY4  |
    | HLS_TREEADD_PERIPH_BUS_s_axi_U/add_ln43_5_reg_183_reg[23]_i_1 | CARRY.others.CARRY4  |
    | HLS_TREEADD_PERIPH_BUS_s_axi_U/add_ln43_5_reg_183_reg[27]_i_1 | CARRY.others.CARRY4  |
    | HLS_TREEADD_PERIPH_BUS_s_axi_U/add_ln43_5_reg_183_reg[31]_i_1 | CARRY.others.CARRY4  |
    | add_ln43_5_reg_183_reg[28]                                    | FLOP_LATCH.flop.FDRE |
    | HLS_TREEADD_PERIPH_BUS_s_axi_U/int_e_reg[4]                   | FLOP_LATCH.flop.FDRE |
    | HLS_TREEADD_PERIPH_BUS_s_axi_U/add_ln43_5_reg_183[7]_i_12     | LUT.others.LUT3      |
    | HLS_TREEADD_PERIPH_BUS_s_axi_U/add_ln43_5_reg_183[7]_i_4      | LUT.others.LUT5      |
    | HLS_TREEADD_PERIPH_BUS_s_axi_U/add_ln43_5_reg_183_reg[7]_i_1  | CARRY.others.CARRY4  |
    | HLS_TREEADD_PERIPH_BUS_s_axi_U/add_ln43_5_reg_183_reg[11]_i_1 | CARRY.others.CARRY4  |
    | HLS_TREEADD_PERIPH_BUS_s_axi_U/add_ln43_5_reg_183_reg[15]_i_1 | CARRY.others.CARRY4  |
    | HLS_TREEADD_PERIPH_BUS_s_axi_U/add_ln43_5_reg_183_reg[19]_i_1 | CARRY.others.CARRY4  |
    | HLS_TREEADD_PERIPH_BUS_s_axi_U/add_ln43_5_reg_183_reg[23]_i_1 | CARRY.others.CARRY4  |
    | HLS_TREEADD_PERIPH_BUS_s_axi_U/add_ln43_5_reg_183_reg[27]_i_1 | CARRY.others.CARRY4  |
    | add_ln43_5_reg_183_reg[25]                                    | FLOP_LATCH.flop.FDRE |
    +---------------------------------------------------------------+----------------------+

    +---------------------------------------------------------------+----------------------+
    | Path3 Cells                                                   | Primitive Type       |
    +---------------------------------------------------------------+----------------------+
    | HLS_TREEADD_PERIPH_BUS_s_axi_U/int_e_reg[4]                   | FLOP_LATCH.flop.FDRE |
    | HLS_TREEADD_PERIPH_BUS_s_axi_U/add_ln43_5_reg_183[7]_i_12     | LUT.others.LUT3      |
    | HLS_TREEADD_PERIPH_BUS_s_axi_U/add_ln43_5_reg_183[7]_i_4      | LUT.others.LUT5      |
    | HLS_TREEADD_PERIPH_BUS_s_axi_U/add_ln43_5_reg_183_reg[7]_i_1  | CARRY.others.CARRY4  |
    | HLS_TREEADD_PERIPH_BUS_s_axi_U/add_ln43_5_reg_183_reg[11]_i_1 | CARRY.others.CARRY4  |
    | HLS_TREEADD_PERIPH_BUS_s_axi_U/add_ln43_5_reg_183_reg[15]_i_1 | CARRY.others.CARRY4  |
    | HLS_TREEADD_PERIPH_BUS_s_axi_U/add_ln43_5_reg_183_reg[19]_i_1 | CARRY.others.CARRY4  |
    | HLS_TREEADD_PERIPH_BUS_s_axi_U/add_ln43_5_reg_183_reg[23]_i_1 | CARRY.others.CARRY4  |
    | HLS_TREEADD_PERIPH_BUS_s_axi_U/add_ln43_5_reg_183_reg[27]_i_1 | CARRY.others.CARRY4  |
    | HLS_TREEADD_PERIPH_BUS_s_axi_U/add_ln43_5_reg_183_reg[31]_i_1 | CARRY.others.CARRY4  |
    | add_ln43_5_reg_183_reg[29]                                    | FLOP_LATCH.flop.FDRE |
    | HLS_TREEADD_PERIPH_BUS_s_axi_U/int_e_reg[4]                   | FLOP_LATCH.flop.FDRE |
    | HLS_TREEADD_PERIPH_BUS_s_axi_U/add_ln43_5_reg_183[7]_i_12     | LUT.others.LUT3      |
    | HLS_TREEADD_PERIPH_BUS_s_axi_U/add_ln43_5_reg_183[7]_i_4      | LUT.others.LUT5      |
    | HLS_TREEADD_PERIPH_BUS_s_axi_U/add_ln43_5_reg_183_reg[7]_i_1  | CARRY.others.CARRY4  |
    | HLS_TREEADD_PERIPH_BUS_s_axi_U/add_ln43_5_reg_183_reg[11]_i_1 | CARRY.others.CARRY4  |
    | HLS_TREEADD_PERIPH_BUS_s_axi_U/add_ln43_5_reg_183_reg[15]_i_1 | CARRY.others.CARRY4  |
    | HLS_TREEADD_PERIPH_BUS_s_axi_U/add_ln43_5_reg_183_reg[19]_i_1 | CARRY.others.CARRY4  |
    | HLS_TREEADD_PERIPH_BUS_s_axi_U/add_ln43_5_reg_183_reg[23]_i_1 | CARRY.others.CARRY4  |
    | HLS_TREEADD_PERIPH_BUS_s_axi_U/add_ln43_5_reg_183_reg[27]_i_1 | CARRY.others.CARRY4  |
    | HLS_TREEADD_PERIPH_BUS_s_axi_U/add_ln43_5_reg_183_reg[31]_i_1 | CARRY.others.CARRY4  |
    | add_ln43_5_reg_183_reg[31]                                    | FLOP_LATCH.flop.FDRE |
    | HLS_TREEADD_PERIPH_BUS_s_axi_U/int_e_reg[4]                   | FLOP_LATCH.flop.FDRE |
    | HLS_TREEADD_PERIPH_BUS_s_axi_U/add_ln43_5_reg_183[7]_i_12     | LUT.others.LUT3      |
    | HLS_TREEADD_PERIPH_BUS_s_axi_U/add_ln43_5_reg_183[7]_i_4      | LUT.others.LUT5      |
    | HLS_TREEADD_PERIPH_BUS_s_axi_U/add_ln43_5_reg_183_reg[7]_i_1  | CARRY.others.CARRY4  |
    | HLS_TREEADD_PERIPH_BUS_s_axi_U/add_ln43_5_reg_183_reg[11]_i_1 | CARRY.others.CARRY4  |
    | HLS_TREEADD_PERIPH_BUS_s_axi_U/add_ln43_5_reg_183_reg[15]_i_1 | CARRY.others.CARRY4  |
    | HLS_TREEADD_PERIPH_BUS_s_axi_U/add_ln43_5_reg_183_reg[19]_i_1 | CARRY.others.CARRY4  |
    | HLS_TREEADD_PERIPH_BUS_s_axi_U/add_ln43_5_reg_183_reg[23]_i_1 | CARRY.others.CARRY4  |
    | HLS_TREEADD_PERIPH_BUS_s_axi_U/add_ln43_5_reg_183_reg[27]_i_1 | CARRY.others.CARRY4  |
    | HLS_TREEADD_PERIPH_BUS_s_axi_U/add_ln43_5_reg_183_reg[31]_i_1 | CARRY.others.CARRY4  |
    | add_ln43_5_reg_183_reg[30]                                    | FLOP_LATCH.flop.FDRE |
    | HLS_TREEADD_PERIPH_BUS_s_axi_U/int_e_reg[4]                   | FLOP_LATCH.flop.FDRE |
    | HLS_TREEADD_PERIPH_BUS_s_axi_U/add_ln43_5_reg_183[7]_i_12     | LUT.others.LUT3      |
    | HLS_TREEADD_PERIPH_BUS_s_axi_U/add_ln43_5_reg_183[7]_i_4      | LUT.others.LUT5      |
    | HLS_TREEADD_PERIPH_BUS_s_axi_U/add_ln43_5_reg_183_reg[7]_i_1  | CARRY.others.CARRY4  |
    | HLS_TREEADD_PERIPH_BUS_s_axi_U/add_ln43_5_reg_183_reg[11]_i_1 | CARRY.others.CARRY4  |
    | HLS_TREEADD_PERIPH_BUS_s_axi_U/add_ln43_5_reg_183_reg[15]_i_1 | CARRY.others.CARRY4  |
    | HLS_TREEADD_PERIPH_BUS_s_axi_U/add_ln43_5_reg_183_reg[19]_i_1 | CARRY.others.CARRY4  |
    | HLS_TREEADD_PERIPH_BUS_s_axi_U/add_ln43_5_reg_183_reg[23]_i_1 | CARRY.others.CARRY4  |
    | HLS_TREEADD_PERIPH_BUS_s_axi_U/add_ln43_5_reg_183_reg[27]_i_1 | CARRY.others.CARRY4  |
    | HLS_TREEADD_PERIPH_BUS_s_axi_U/add_ln43_5_reg_183_reg[31]_i_1 | CARRY.others.CARRY4  |
    | add_ln43_5_reg_183_reg[28]                                    | FLOP_LATCH.flop.FDRE |
    | HLS_TREEADD_PERIPH_BUS_s_axi_U/int_e_reg[4]                   | FLOP_LATCH.flop.FDRE |
    | HLS_TREEADD_PERIPH_BUS_s_axi_U/add_ln43_5_reg_183[7]_i_12     | LUT.others.LUT3      |
    | HLS_TREEADD_PERIPH_BUS_s_axi_U/add_ln43_5_reg_183[7]_i_4      | LUT.others.LUT5      |
    | HLS_TREEADD_PERIPH_BUS_s_axi_U/add_ln43_5_reg_183_reg[7]_i_1  | CARRY.others.CARRY4  |
    | HLS_TREEADD_PERIPH_BUS_s_axi_U/add_ln43_5_reg_183_reg[11]_i_1 | CARRY.others.CARRY4  |
    | HLS_TREEADD_PERIPH_BUS_s_axi_U/add_ln43_5_reg_183_reg[15]_i_1 | CARRY.others.CARRY4  |
    | HLS_TREEADD_PERIPH_BUS_s_axi_U/add_ln43_5_reg_183_reg[19]_i_1 | CARRY.others.CARRY4  |
    | HLS_TREEADD_PERIPH_BUS_s_axi_U/add_ln43_5_reg_183_reg[23]_i_1 | CARRY.others.CARRY4  |
    | HLS_TREEADD_PERIPH_BUS_s_axi_U/add_ln43_5_reg_183_reg[27]_i_1 | CARRY.others.CARRY4  |
    | add_ln43_5_reg_183_reg[25]                                    | FLOP_LATCH.flop.FDRE |
    +---------------------------------------------------------------+----------------------+

    +---------------------------------------------------------------+----------------------+
    | Path4 Cells                                                   | Primitive Type       |
    +---------------------------------------------------------------+----------------------+
    | HLS_TREEADD_PERIPH_BUS_s_axi_U/int_e_reg[4]                   | FLOP_LATCH.flop.FDRE |
    | HLS_TREEADD_PERIPH_BUS_s_axi_U/add_ln43_5_reg_183[7]_i_12     | LUT.others.LUT3      |
    | HLS_TREEADD_PERIPH_BUS_s_axi_U/add_ln43_5_reg_183[7]_i_4      | LUT.others.LUT5      |
    | HLS_TREEADD_PERIPH_BUS_s_axi_U/add_ln43_5_reg_183_reg[7]_i_1  | CARRY.others.CARRY4  |
    | HLS_TREEADD_PERIPH_BUS_s_axi_U/add_ln43_5_reg_183_reg[11]_i_1 | CARRY.others.CARRY4  |
    | HLS_TREEADD_PERIPH_BUS_s_axi_U/add_ln43_5_reg_183_reg[15]_i_1 | CARRY.others.CARRY4  |
    | HLS_TREEADD_PERIPH_BUS_s_axi_U/add_ln43_5_reg_183_reg[19]_i_1 | CARRY.others.CARRY4  |
    | HLS_TREEADD_PERIPH_BUS_s_axi_U/add_ln43_5_reg_183_reg[23]_i_1 | CARRY.others.CARRY4  |
    | HLS_TREEADD_PERIPH_BUS_s_axi_U/add_ln43_5_reg_183_reg[27]_i_1 | CARRY.others.CARRY4  |
    | HLS_TREEADD_PERIPH_BUS_s_axi_U/add_ln43_5_reg_183_reg[31]_i_1 | CARRY.others.CARRY4  |
    | add_ln43_5_reg_183_reg[29]                                    | FLOP_LATCH.flop.FDRE |
    | HLS_TREEADD_PERIPH_BUS_s_axi_U/int_e_reg[4]                   | FLOP_LATCH.flop.FDRE |
    | HLS_TREEADD_PERIPH_BUS_s_axi_U/add_ln43_5_reg_183[7]_i_12     | LUT.others.LUT3      |
    | HLS_TREEADD_PERIPH_BUS_s_axi_U/add_ln43_5_reg_183[7]_i_4      | LUT.others.LUT5      |
    | HLS_TREEADD_PERIPH_BUS_s_axi_U/add_ln43_5_reg_183_reg[7]_i_1  | CARRY.others.CARRY4  |
    | HLS_TREEADD_PERIPH_BUS_s_axi_U/add_ln43_5_reg_183_reg[11]_i_1 | CARRY.others.CARRY4  |
    | HLS_TREEADD_PERIPH_BUS_s_axi_U/add_ln43_5_reg_183_reg[15]_i_1 | CARRY.others.CARRY4  |
    | HLS_TREEADD_PERIPH_BUS_s_axi_U/add_ln43_5_reg_183_reg[19]_i_1 | CARRY.others.CARRY4  |
    | HLS_TREEADD_PERIPH_BUS_s_axi_U/add_ln43_5_reg_183_reg[23]_i_1 | CARRY.others.CARRY4  |
    | HLS_TREEADD_PERIPH_BUS_s_axi_U/add_ln43_5_reg_183_reg[27]_i_1 | CARRY.others.CARRY4  |
    | HLS_TREEADD_PERIPH_BUS_s_axi_U/add_ln43_5_reg_183_reg[31]_i_1 | CARRY.others.CARRY4  |
    | add_ln43_5_reg_183_reg[31]                                    | FLOP_LATCH.flop.FDRE |
    | HLS_TREEADD_PERIPH_BUS_s_axi_U/int_e_reg[4]                   | FLOP_LATCH.flop.FDRE |
    | HLS_TREEADD_PERIPH_BUS_s_axi_U/add_ln43_5_reg_183[7]_i_12     | LUT.others.LUT3      |
    | HLS_TREEADD_PERIPH_BUS_s_axi_U/add_ln43_5_reg_183[7]_i_4      | LUT.others.LUT5      |
    | HLS_TREEADD_PERIPH_BUS_s_axi_U/add_ln43_5_reg_183_reg[7]_i_1  | CARRY.others.CARRY4  |
    | HLS_TREEADD_PERIPH_BUS_s_axi_U/add_ln43_5_reg_183_reg[11]_i_1 | CARRY.others.CARRY4  |
    | HLS_TREEADD_PERIPH_BUS_s_axi_U/add_ln43_5_reg_183_reg[15]_i_1 | CARRY.others.CARRY4  |
    | HLS_TREEADD_PERIPH_BUS_s_axi_U/add_ln43_5_reg_183_reg[19]_i_1 | CARRY.others.CARRY4  |
    | HLS_TREEADD_PERIPH_BUS_s_axi_U/add_ln43_5_reg_183_reg[23]_i_1 | CARRY.others.CARRY4  |
    | HLS_TREEADD_PERIPH_BUS_s_axi_U/add_ln43_5_reg_183_reg[27]_i_1 | CARRY.others.CARRY4  |
    | HLS_TREEADD_PERIPH_BUS_s_axi_U/add_ln43_5_reg_183_reg[31]_i_1 | CARRY.others.CARRY4  |
    | add_ln43_5_reg_183_reg[30]                                    | FLOP_LATCH.flop.FDRE |
    | HLS_TREEADD_PERIPH_BUS_s_axi_U/int_e_reg[4]                   | FLOP_LATCH.flop.FDRE |
    | HLS_TREEADD_PERIPH_BUS_s_axi_U/add_ln43_5_reg_183[7]_i_12     | LUT.others.LUT3      |
    | HLS_TREEADD_PERIPH_BUS_s_axi_U/add_ln43_5_reg_183[7]_i_4      | LUT.others.LUT5      |
    | HLS_TREEADD_PERIPH_BUS_s_axi_U/add_ln43_5_reg_183_reg[7]_i_1  | CARRY.others.CARRY4  |
    | HLS_TREEADD_PERIPH_BUS_s_axi_U/add_ln43_5_reg_183_reg[11]_i_1 | CARRY.others.CARRY4  |
    | HLS_TREEADD_PERIPH_BUS_s_axi_U/add_ln43_5_reg_183_reg[15]_i_1 | CARRY.others.CARRY4  |
    | HLS_TREEADD_PERIPH_BUS_s_axi_U/add_ln43_5_reg_183_reg[19]_i_1 | CARRY.others.CARRY4  |
    | HLS_TREEADD_PERIPH_BUS_s_axi_U/add_ln43_5_reg_183_reg[23]_i_1 | CARRY.others.CARRY4  |
    | HLS_TREEADD_PERIPH_BUS_s_axi_U/add_ln43_5_reg_183_reg[27]_i_1 | CARRY.others.CARRY4  |
    | HLS_TREEADD_PERIPH_BUS_s_axi_U/add_ln43_5_reg_183_reg[31]_i_1 | CARRY.others.CARRY4  |
    | add_ln43_5_reg_183_reg[28]                                    | FLOP_LATCH.flop.FDRE |
    | HLS_TREEADD_PERIPH_BUS_s_axi_U/int_e_reg[4]                   | FLOP_LATCH.flop.FDRE |
    | HLS_TREEADD_PERIPH_BUS_s_axi_U/add_ln43_5_reg_183[7]_i_12     | LUT.others.LUT3      |
    | HLS_TREEADD_PERIPH_BUS_s_axi_U/add_ln43_5_reg_183[7]_i_4      | LUT.others.LUT5      |
    | HLS_TREEADD_PERIPH_BUS_s_axi_U/add_ln43_5_reg_183_reg[7]_i_1  | CARRY.others.CARRY4  |
    | HLS_TREEADD_PERIPH_BUS_s_axi_U/add_ln43_5_reg_183_reg[11]_i_1 | CARRY.others.CARRY4  |
    | HLS_TREEADD_PERIPH_BUS_s_axi_U/add_ln43_5_reg_183_reg[15]_i_1 | CARRY.others.CARRY4  |
    | HLS_TREEADD_PERIPH_BUS_s_axi_U/add_ln43_5_reg_183_reg[19]_i_1 | CARRY.others.CARRY4  |
    | HLS_TREEADD_PERIPH_BUS_s_axi_U/add_ln43_5_reg_183_reg[23]_i_1 | CARRY.others.CARRY4  |
    | HLS_TREEADD_PERIPH_BUS_s_axi_U/add_ln43_5_reg_183_reg[27]_i_1 | CARRY.others.CARRY4  |
    | add_ln43_5_reg_183_reg[25]                                    | FLOP_LATCH.flop.FDRE |
    +---------------------------------------------------------------+----------------------+

    +---------------------------------------------------------------+----------------------+
    | Path5 Cells                                                   | Primitive Type       |
    +---------------------------------------------------------------+----------------------+
    | HLS_TREEADD_PERIPH_BUS_s_axi_U/int_e_reg[4]                   | FLOP_LATCH.flop.FDRE |
    | HLS_TREEADD_PERIPH_BUS_s_axi_U/add_ln43_5_reg_183[7]_i_12     | LUT.others.LUT3      |
    | HLS_TREEADD_PERIPH_BUS_s_axi_U/add_ln43_5_reg_183[7]_i_4      | LUT.others.LUT5      |
    | HLS_TREEADD_PERIPH_BUS_s_axi_U/add_ln43_5_reg_183_reg[7]_i_1  | CARRY.others.CARRY4  |
    | HLS_TREEADD_PERIPH_BUS_s_axi_U/add_ln43_5_reg_183_reg[11]_i_1 | CARRY.others.CARRY4  |
    | HLS_TREEADD_PERIPH_BUS_s_axi_U/add_ln43_5_reg_183_reg[15]_i_1 | CARRY.others.CARRY4  |
    | HLS_TREEADD_PERIPH_BUS_s_axi_U/add_ln43_5_reg_183_reg[19]_i_1 | CARRY.others.CARRY4  |
    | HLS_TREEADD_PERIPH_BUS_s_axi_U/add_ln43_5_reg_183_reg[23]_i_1 | CARRY.others.CARRY4  |
    | HLS_TREEADD_PERIPH_BUS_s_axi_U/add_ln43_5_reg_183_reg[27]_i_1 | CARRY.others.CARRY4  |
    | HLS_TREEADD_PERIPH_BUS_s_axi_U/add_ln43_5_reg_183_reg[31]_i_1 | CARRY.others.CARRY4  |
    | add_ln43_5_reg_183_reg[29]                                    | FLOP_LATCH.flop.FDRE |
    | HLS_TREEADD_PERIPH_BUS_s_axi_U/int_e_reg[4]                   | FLOP_LATCH.flop.FDRE |
    | HLS_TREEADD_PERIPH_BUS_s_axi_U/add_ln43_5_reg_183[7]_i_12     | LUT.others.LUT3      |
    | HLS_TREEADD_PERIPH_BUS_s_axi_U/add_ln43_5_reg_183[7]_i_4      | LUT.others.LUT5      |
    | HLS_TREEADD_PERIPH_BUS_s_axi_U/add_ln43_5_reg_183_reg[7]_i_1  | CARRY.others.CARRY4  |
    | HLS_TREEADD_PERIPH_BUS_s_axi_U/add_ln43_5_reg_183_reg[11]_i_1 | CARRY.others.CARRY4  |
    | HLS_TREEADD_PERIPH_BUS_s_axi_U/add_ln43_5_reg_183_reg[15]_i_1 | CARRY.others.CARRY4  |
    | HLS_TREEADD_PERIPH_BUS_s_axi_U/add_ln43_5_reg_183_reg[19]_i_1 | CARRY.others.CARRY4  |
    | HLS_TREEADD_PERIPH_BUS_s_axi_U/add_ln43_5_reg_183_reg[23]_i_1 | CARRY.others.CARRY4  |
    | HLS_TREEADD_PERIPH_BUS_s_axi_U/add_ln43_5_reg_183_reg[27]_i_1 | CARRY.others.CARRY4  |
    | HLS_TREEADD_PERIPH_BUS_s_axi_U/add_ln43_5_reg_183_reg[31]_i_1 | CARRY.others.CARRY4  |
    | add_ln43_5_reg_183_reg[31]                                    | FLOP_LATCH.flop.FDRE |
    | HLS_TREEADD_PERIPH_BUS_s_axi_U/int_e_reg[4]                   | FLOP_LATCH.flop.FDRE |
    | HLS_TREEADD_PERIPH_BUS_s_axi_U/add_ln43_5_reg_183[7]_i_12     | LUT.others.LUT3      |
    | HLS_TREEADD_PERIPH_BUS_s_axi_U/add_ln43_5_reg_183[7]_i_4      | LUT.others.LUT5      |
    | HLS_TREEADD_PERIPH_BUS_s_axi_U/add_ln43_5_reg_183_reg[7]_i_1  | CARRY.others.CARRY4  |
    | HLS_TREEADD_PERIPH_BUS_s_axi_U/add_ln43_5_reg_183_reg[11]_i_1 | CARRY.others.CARRY4  |
    | HLS_TREEADD_PERIPH_BUS_s_axi_U/add_ln43_5_reg_183_reg[15]_i_1 | CARRY.others.CARRY4  |
    | HLS_TREEADD_PERIPH_BUS_s_axi_U/add_ln43_5_reg_183_reg[19]_i_1 | CARRY.others.CARRY4  |
    | HLS_TREEADD_PERIPH_BUS_s_axi_U/add_ln43_5_reg_183_reg[23]_i_1 | CARRY.others.CARRY4  |
    | HLS_TREEADD_PERIPH_BUS_s_axi_U/add_ln43_5_reg_183_reg[27]_i_1 | CARRY.others.CARRY4  |
    | HLS_TREEADD_PERIPH_BUS_s_axi_U/add_ln43_5_reg_183_reg[31]_i_1 | CARRY.others.CARRY4  |
    | add_ln43_5_reg_183_reg[30]                                    | FLOP_LATCH.flop.FDRE |
    | HLS_TREEADD_PERIPH_BUS_s_axi_U/int_e_reg[4]                   | FLOP_LATCH.flop.FDRE |
    | HLS_TREEADD_PERIPH_BUS_s_axi_U/add_ln43_5_reg_183[7]_i_12     | LUT.others.LUT3      |
    | HLS_TREEADD_PERIPH_BUS_s_axi_U/add_ln43_5_reg_183[7]_i_4      | LUT.others.LUT5      |
    | HLS_TREEADD_PERIPH_BUS_s_axi_U/add_ln43_5_reg_183_reg[7]_i_1  | CARRY.others.CARRY4  |
    | HLS_TREEADD_PERIPH_BUS_s_axi_U/add_ln43_5_reg_183_reg[11]_i_1 | CARRY.others.CARRY4  |
    | HLS_TREEADD_PERIPH_BUS_s_axi_U/add_ln43_5_reg_183_reg[15]_i_1 | CARRY.others.CARRY4  |
    | HLS_TREEADD_PERIPH_BUS_s_axi_U/add_ln43_5_reg_183_reg[19]_i_1 | CARRY.others.CARRY4  |
    | HLS_TREEADD_PERIPH_BUS_s_axi_U/add_ln43_5_reg_183_reg[23]_i_1 | CARRY.others.CARRY4  |
    | HLS_TREEADD_PERIPH_BUS_s_axi_U/add_ln43_5_reg_183_reg[27]_i_1 | CARRY.others.CARRY4  |
    | HLS_TREEADD_PERIPH_BUS_s_axi_U/add_ln43_5_reg_183_reg[31]_i_1 | CARRY.others.CARRY4  |
    | add_ln43_5_reg_183_reg[28]                                    | FLOP_LATCH.flop.FDRE |
    | HLS_TREEADD_PERIPH_BUS_s_axi_U/int_e_reg[4]                   | FLOP_LATCH.flop.FDRE |
    | HLS_TREEADD_PERIPH_BUS_s_axi_U/add_ln43_5_reg_183[7]_i_12     | LUT.others.LUT3      |
    | HLS_TREEADD_PERIPH_BUS_s_axi_U/add_ln43_5_reg_183[7]_i_4      | LUT.others.LUT5      |
    | HLS_TREEADD_PERIPH_BUS_s_axi_U/add_ln43_5_reg_183_reg[7]_i_1  | CARRY.others.CARRY4  |
    | HLS_TREEADD_PERIPH_BUS_s_axi_U/add_ln43_5_reg_183_reg[11]_i_1 | CARRY.others.CARRY4  |
    | HLS_TREEADD_PERIPH_BUS_s_axi_U/add_ln43_5_reg_183_reg[15]_i_1 | CARRY.others.CARRY4  |
    | HLS_TREEADD_PERIPH_BUS_s_axi_U/add_ln43_5_reg_183_reg[19]_i_1 | CARRY.others.CARRY4  |
    | HLS_TREEADD_PERIPH_BUS_s_axi_U/add_ln43_5_reg_183_reg[23]_i_1 | CARRY.others.CARRY4  |
    | HLS_TREEADD_PERIPH_BUS_s_axi_U/add_ln43_5_reg_183_reg[27]_i_1 | CARRY.others.CARRY4  |
    | add_ln43_5_reg_183_reg[25]                                    | FLOP_LATCH.flop.FDRE |
    +---------------------------------------------------------------+----------------------+


================================================================
== RTL Synthesis Vivado Reports
================================================================
+--------------------------+--------------------------------------------------------------+
| Report Type              | Report Location                                              |
+--------------------------+--------------------------------------------------------------+
| design_analysis          | impl/verilog/report/t_int_design_analysis_synth.rpt          |
| failfast                 | impl/verilog/report/t_int_failfast_synth.rpt                 |
| power                    | impl/verilog/report/t_int_power_synth.rpt                    |
| timing                   | impl/verilog/report/t_int_timing_synth.rpt                   |
| timing_paths             | impl/verilog/report/t_int_timing_paths_synth.rpt             |
| utilization              | impl/verilog/report/t_int_utilization_synth.rpt              |
| utilization_hierarchical | impl/verilog/report/t_int_utilization_hierarchical_synth.rpt |
+--------------------------+--------------------------------------------------------------+


