

Implementation tool: Xilinx Vivado v.2025.1
Project:             t_int
Solution:            hls
Device target:       xc7z020-clg484-1
Report date:         Wed Jun 24 14:10:11 -0500 2026

#=== Post-Implementation Resource usage ===
SLICE:          145
LUT:            477
FF:             443
DSP:              0
BRAM:             0
URAM:             0
LATCH:            0
SRL:              0
CLB:              0

#=== Final timing ===
CP required:                     10.000
CP achieved post-synthesis:      4.233
CP achieved post-implementation: 4.866
Timing met
