================================================================
== Vivado RTL Synthesis Results
================================================================
+ General Information:
    * Date:            Tue Jun 30 10:37:06 -0500 2026
    * Version:         2025.1 (Build 6135595 on May 21 2025)
    * Project:         linear_model
    * Solution:        hls (Vivado IP Flow Target)
    * Product family:  zynq
    * Target device:   xc7z020-clg484-1


================================================================
== Run Constraints & Options
================================================================
+ Design Constraints & Options:
    * RTL Synthesis target clock:  10 ns
    * C-Synthesis target clock:    10 ns
    * C-Synthesis uncertainty:     2 ns

+ RTL Synthesis Options:
    * config_export -vivado_synth_strategy:     default
    * config_export -vivado_synth_design_args:  -directive sdx_optimization_effort_high

+ Reporting Options:
    * config_export -vivado_report_level:      2
    * config_export -vivado_max_timing_paths:  10


================================================================
== RTL Synthesis Resource Summary
================================================================
LUT:              212
FF:               268
DSP:              3
BRAM:             0
URAM:             0
SRL:              0


================================================================
== RTL Synthesis Timing Summary
================================================================
* Timing was met
+----------------+-------------+
| Timing         | Period (ns) |
+----------------+-------------+
| Target         | 10.000      |
| Post-Synthesis | 5.745       |
+----------------+-------------+


================================================================
== RTL Synthesis Resources
================================================================
+---------------------------------+-----+-----+-----+------+------+-----+--------+------+---------+----------+--------+
| Name                            | LUT | FF  | DSP | BRAM | URAM | SRL | Pragma | Impl | Latency | Variable | Source |
+---------------------------------+-----+-----+-----+------+------+-----+--------+------+---------+----------+--------+
| inst                            | 212 | 268 | 3   |      |      |     |        |      |         |          |        |
|   (inst)                        |     | 67  |     |      |      |     |        |      |         |          |        |
|   HLS_LINEAR_PERIPH_BUS_s_axi_U | 197 | 184 |     |      |      |     |        |      |         |          |        |
|   mul_32s_32s_32_2_1_U1         |     |     |     |      |      |     |        |      |         |          |        |
+---------------------------------+-----+-----+-----+------+------+-----+--------+------+---------+----------+--------+


================================================================
== RTL Synthesis Fail Fast
================================================================
+-----------------------------------------------------------+-----------+--------+--------+
| Criteria                                                  | Guideline | Actual | Status |
+-----------------------------------------------------------+-----------+--------+--------+
| LUT                                                       | 70%       | 0.40%  | OK     |
| FD                                                        | 50%       | 0.25%  | OK     |
| LUTRAM+SRL                                                | 25%       | 0.00%  | OK     |
| MUXF7                                                     | 15%       | 0.00%  | OK     |
| DSP                                                       | 80%       | 1.36%  | OK     |
| RAMB/FIFO                                                 | 80%       | 0.00%  | OK     |
| DSP+RAMB+URAM (Avg)                                       | 70%       | 1.36%  | OK     |
| BUFGCE* + BUFGCTRL                                        | 24        | 0      | OK     |
| DONT_TOUCH (cells/nets)                                   | 0         | 0      | OK     |
| MARK_DEBUG (nets)                                         | 0         | 0      | OK     |
| Control Sets                                              | 998       | 11     | OK     |
| Average Fanout for modules > 100k cells                   | 4         | 2.10   | OK     |
| Max Average Fanout for modules > 100k cells               | 4         | 0      | OK     |
| Non-FD high fanout nets > 10k loads                       | 0         | 0      | OK     |
+-----------------------------------------------------------+-----------+--------+--------+
| TIMING-6 (No common primary clock between related clocks) | 0         | 0      | OK     |
| TIMING-7 (No common node between related clocks)          | 0         | 0      | OK     |
| TIMING-8 (No common period between related clocks)        | 0         | 0      | OK     |
| TIMING-14 (LUT on the clock tree)                         | 0         | 0      | OK     |
| TIMING-35 (No common node in paths with the same clock)   | 0         | 0      | OK     |
+-----------------------------------------------------------+-----------+--------+--------+
| Number of paths above max LUT budgeting (0.575ns)         | 0         | 0      | OK     |
| Number of paths above max Net budgeting (0.403ns)         | 0         | 0      | OK     |
+-----------------------------------------------------------+-----------+--------+--------+


================================================================
== RTL Synthesis Timing Paths
================================================================
* Timing was met
+-------+-------+------------------------------------------+------------------------------------------+--------------+------------+----------------+----------------+--------------+
| Path  | SLACK | STARTPOINT PIN                           | ENDPOINT PIN                             | LOGIC LEVELS | MAX FANOUT | DATAPATH DELAY | DATAPATH LOGIC | DATAPATH NET |
|       |       |                                          |                                          |              |            |                |          DELAY |        DELAY |
+-------+-------+------------------------------------------+------------------------------------------+--------------+------------+----------------+----------------+--------------+
| Path1 | 4.255 | mul_32s_32s_32_2_1_U1/tmp_product__0/CLK | mul_32s_32s_32_2_1_U1/buff0_reg/PCIN[0]  |            0 |          1 |          4.261 |          4.206 |        0.055 |
| Path2 | 4.255 | mul_32s_32s_32_2_1_U1/tmp_product__0/CLK | mul_32s_32s_32_2_1_U1/buff0_reg/PCIN[10] |            0 |          1 |          4.261 |          4.206 |        0.055 |
| Path3 | 4.255 | mul_32s_32s_32_2_1_U1/tmp_product__0/CLK | mul_32s_32s_32_2_1_U1/buff0_reg/PCIN[11] |            0 |          1 |          4.261 |          4.206 |        0.055 |
| Path4 | 4.255 | mul_32s_32s_32_2_1_U1/tmp_product__0/CLK | mul_32s_32s_32_2_1_U1/buff0_reg/PCIN[12] |            0 |          1 |          4.261 |          4.206 |        0.055 |
| Path5 | 4.255 | mul_32s_32s_32_2_1_U1/tmp_product__0/CLK | mul_32s_32s_32_2_1_U1/buff0_reg/PCIN[13] |            0 |          1 |          4.261 |          4.206 |        0.055 |
+-------+-------+------------------------------------------+------------------------------------------+--------------+------------+----------------+----------------+--------------+

    +--------------------------------------+------------------+
    | Path1 Cells                          | Primitive Type   |
    +--------------------------------------+------------------+
    | mul_32s_32s_32_2_1_U1/tmp_product__0 | MULT.dsp.DSP48E1 |
    | mul_32s_32s_32_2_1_U1/buff0_reg      | MULT.dsp.DSP48E1 |
    | mul_32s_32s_32_2_1_U1/tmp_product__0 | MULT.dsp.DSP48E1 |
    | mul_32s_32s_32_2_1_U1/buff0_reg      | MULT.dsp.DSP48E1 |
    | mul_32s_32s_32_2_1_U1/tmp_product__0 | MULT.dsp.DSP48E1 |
    | mul_32s_32s_32_2_1_U1/buff0_reg      | MULT.dsp.DSP48E1 |
    | mul_32s_32s_32_2_1_U1/tmp_product__0 | MULT.dsp.DSP48E1 |
    | mul_32s_32s_32_2_1_U1/buff0_reg      | MULT.dsp.DSP48E1 |
    | mul_32s_32s_32_2_1_U1/tmp_product__0 | MULT.dsp.DSP48E1 |
    | mul_32s_32s_32_2_1_U1/buff0_reg      | MULT.dsp.DSP48E1 |
    +--------------------------------------+------------------+

    +--------------------------------------+------------------+
    | Path2 Cells                          | Primitive Type   |
    +--------------------------------------+------------------+
    | mul_32s_32s_32_2_1_U1/tmp_product__0 | MULT.dsp.DSP48E1 |
    | mul_32s_32s_32_2_1_U1/buff0_reg      | MULT.dsp.DSP48E1 |
    | mul_32s_32s_32_2_1_U1/tmp_product__0 | MULT.dsp.DSP48E1 |
    | mul_32s_32s_32_2_1_U1/buff0_reg      | MULT.dsp.DSP48E1 |
    | mul_32s_32s_32_2_1_U1/tmp_product__0 | MULT.dsp.DSP48E1 |
    | mul_32s_32s_32_2_1_U1/buff0_reg      | MULT.dsp.DSP48E1 |
    | mul_32s_32s_32_2_1_U1/tmp_product__0 | MULT.dsp.DSP48E1 |
    | mul_32s_32s_32_2_1_U1/buff0_reg      | MULT.dsp.DSP48E1 |
    | mul_32s_32s_32_2_1_U1/tmp_product__0 | MULT.dsp.DSP48E1 |
    | mul_32s_32s_32_2_1_U1/buff0_reg      | MULT.dsp.DSP48E1 |
    +--------------------------------------+------------------+

    +--------------------------------------+------------------+
    | Path3 Cells                          | Primitive Type   |
    +--------------------------------------+------------------+
    | mul_32s_32s_32_2_1_U1/tmp_product__0 | MULT.dsp.DSP48E1 |
    | mul_32s_32s_32_2_1_U1/buff0_reg      | MULT.dsp.DSP48E1 |
    | mul_32s_32s_32_2_1_U1/tmp_product__0 | MULT.dsp.DSP48E1 |
    | mul_32s_32s_32_2_1_U1/buff0_reg      | MULT.dsp.DSP48E1 |
    | mul_32s_32s_32_2_1_U1/tmp_product__0 | MULT.dsp.DSP48E1 |
    | mul_32s_32s_32_2_1_U1/buff0_reg      | MULT.dsp.DSP48E1 |
    | mul_32s_32s_32_2_1_U1/tmp_product__0 | MULT.dsp.DSP48E1 |
    | mul_32s_32s_32_2_1_U1/buff0_reg      | MULT.dsp.DSP48E1 |
    | mul_32s_32s_32_2_1_U1/tmp_product__0 | MULT.dsp.DSP48E1 |
    | mul_32s_32s_32_2_1_U1/buff0_reg      | MULT.dsp.DSP48E1 |
    +--------------------------------------+------------------+

    +--------------------------------------+------------------+
    | Path4 Cells                          | Primitive Type   |
    +--------------------------------------+------------------+
    | mul_32s_32s_32_2_1_U1/tmp_product__0 | MULT.dsp.DSP48E1 |
    | mul_32s_32s_32_2_1_U1/buff0_reg      | MULT.dsp.DSP48E1 |
    | mul_32s_32s_32_2_1_U1/tmp_product__0 | MULT.dsp.DSP48E1 |
    | mul_32s_32s_32_2_1_U1/buff0_reg      | MULT.dsp.DSP48E1 |
    | mul_32s_32s_32_2_1_U1/tmp_product__0 | MULT.dsp.DSP48E1 |
    | mul_32s_32s_32_2_1_U1/buff0_reg      | MULT.dsp.DSP48E1 |
    | mul_32s_32s_32_2_1_U1/tmp_product__0 | MULT.dsp.DSP48E1 |
    | mul_32s_32s_32_2_1_U1/buff0_reg      | MULT.dsp.DSP48E1 |
    | mul_32s_32s_32_2_1_U1/tmp_product__0 | MULT.dsp.DSP48E1 |
    | mul_32s_32s_32_2_1_U1/buff0_reg      | MULT.dsp.DSP48E1 |
    +--------------------------------------+------------------+

    +--------------------------------------+------------------+
    | Path5 Cells                          | Primitive Type   |
    +--------------------------------------+------------------+
    | mul_32s_32s_32_2_1_U1/tmp_product__0 | MULT.dsp.DSP48E1 |
    | mul_32s_32s_32_2_1_U1/buff0_reg      | MULT.dsp.DSP48E1 |
    | mul_32s_32s_32_2_1_U1/tmp_product__0 | MULT.dsp.DSP48E1 |
    | mul_32s_32s_32_2_1_U1/buff0_reg      | MULT.dsp.DSP48E1 |
    | mul_32s_32s_32_2_1_U1/tmp_product__0 | MULT.dsp.DSP48E1 |
    | mul_32s_32s_32_2_1_U1/buff0_reg      | MULT.dsp.DSP48E1 |
    | mul_32s_32s_32_2_1_U1/tmp_product__0 | MULT.dsp.DSP48E1 |
    | mul_32s_32s_32_2_1_U1/buff0_reg      | MULT.dsp.DSP48E1 |
    | mul_32s_32s_32_2_1_U1/tmp_product__0 | MULT.dsp.DSP48E1 |
    | mul_32s_32s_32_2_1_U1/buff0_reg      | MULT.dsp.DSP48E1 |
    +--------------------------------------+------------------+


================================================================
== RTL Synthesis Vivado Reports
================================================================
+--------------------------+---------------------------------------------------------------------+
| Report Type              | Report Location                                                     |
+--------------------------+---------------------------------------------------------------------+
| design_analysis          | impl/verilog/report/linear_model_design_analysis_synth.rpt          |
| failfast                 | impl/verilog/report/linear_model_failfast_synth.rpt                 |
| power                    | impl/verilog/report/linear_model_power_synth.rpt                    |
| timing                   | impl/verilog/report/linear_model_timing_synth.rpt                   |
| timing_paths             | impl/verilog/report/linear_model_timing_paths_synth.rpt             |
| utilization              | impl/verilog/report/linear_model_utilization_synth.rpt              |
| utilization_hierarchical | impl/verilog/report/linear_model_utilization_hierarchical_synth.rpt |
+--------------------------+---------------------------------------------------------------------+


